Archive member included because of file (symbol)

../t1_bsp/\libhal_bsp.a(alt_load.o)
                              ../t1_bsp//obj/HAL/src/crt0.o (alt_load)
../t1_bsp/\libhal_bsp.a(alt_main.o)
                              ../t1_bsp//obj/HAL/src/crt0.o (alt_main)
../t1_bsp/\libhal_bsp.a(alt_putstr.o)
                              obj/default/hello_world_small.o (alt_putstr)
../t1_bsp/\libhal_bsp.a(alt_sys_init.o)
                              ../t1_bsp/\libhal_bsp.a(alt_main.o) (alt_sys_init)
../t1_bsp/\libhal_bsp.a(altera_avalon_jtag_uart_write.o)
                              ../t1_bsp/\libhal_bsp.a(alt_putstr.o) (altera_avalon_jtag_uart_write)
../t1_bsp/\libhal_bsp.a(alt_dcache_flush_all.o)
                              ../t1_bsp/\libhal_bsp.a(alt_load.o) (alt_dcache_flush_all)
../t1_bsp/\libhal_bsp.a(alt_icache_flush_all.o)
                              ../t1_bsp/\libhal_bsp.a(alt_load.o) (alt_icache_flush_all)
../t1_bsp/\libhal_bsp.a(altera_nios2_qsys_irq.o)
                              ../t1_bsp/\libhal_bsp.a(alt_sys_init.o) (altera_nios2_qsys_irq_init)
../t1_bsp/\libhal_bsp.a(alt_icache_flush.o)
                              ../t1_bsp/\libhal_bsp.a(alt_icache_flush_all.o) (alt_icache_flush)
e:/tools/rare/altera/13.0sp1/nios2eds/bin/gnu/h-i686-mingw32/bin/../lib/gcc/nios2-elf/4.1.2/../../../../nios2-elf/lib/mno-hw-mul\libsmallc.a(lib_a-strlen.o)
                              ../t1_bsp/\libhal_bsp.a(alt_putstr.o) (strlen)

Memory Configuration

Name             Origin             Length             Attributes
reset            0x00010000         0x00000020
rom              0x00010020         0x00003fe0
ram              0x00020000         0x00001800
*default*        0x00000000         0xffffffff

Linker script and memory map

LOAD ../t1_bsp//obj/HAL/src/crt0.o
                0x0001001c                exit = _exit
LOAD obj/default/hello_world_small.o
LOAD e:/tools/rare/altera/13.0sp1/nios2eds/bin/gnu/h-i686-mingw32/bin/../lib/gcc/nios2-elf/4.1.2/../../../../nios2-elf/lib/mno-hw-mul\libstdc++.a
LOAD e:/tools/rare/altera/13.0sp1/nios2eds/bin/gnu/h-i686-mingw32/bin/../lib/gcc/nios2-elf/4.1.2/../../../../nios2-elf/lib/mno-hw-mul\libm.a
LOAD e:/tools/rare/altera/13.0sp1/nios2eds/bin/gnu/h-i686-mingw32/bin/../lib/gcc/nios2-elf/4.1.2/mno-hw-mul\libgcc.a
START GROUP
LOAD e:/tools/rare/altera/13.0sp1/nios2eds/bin/gnu/h-i686-mingw32/bin/../lib/gcc/nios2-elf/4.1.2/../../../../nios2-elf/lib/mno-hw-mul\libsmallc.a
LOAD e:/tools/rare/altera/13.0sp1/nios2eds/bin/gnu/h-i686-mingw32/bin/../lib/gcc/nios2-elf/4.1.2/mno-hw-mul\libgcc.a
LOAD ../t1_bsp/\libhal_bsp.a
END GROUP
LOAD e:/tools/rare/altera/13.0sp1/nios2eds/bin/gnu/h-i686-mingw32/bin/../lib/gcc/nios2-elf/4.1.2/mno-hw-mul\libgcc.a
                0x00010000                __alt_mem_rom = 0x10000
                0x00020000                __alt_mem_ram = 0x20000

.entry          0x00010000       0x20
 *(.entry)
 .entry         0x00010000       0x20 ../t1_bsp//obj/HAL/src/crt0.o
                0x00010000                __reset
                0x0001001c                _exit

.exceptions     0x00010020        0x0
                0x00010020                PROVIDE (__ram_exceptions_start, ABSOLUTE (.))
                0x00010020                . = ALIGN (0x20)
 *(.irq)
 *(.exceptions.entry.label)
 *(.exceptions.entry.user)
 *(.exceptions.entry)
 *(.exceptions.irqtest.user)
 *(.exceptions.irqtest)
 *(.exceptions.irqhandler.user)
 *(.exceptions.irqhandler)
 *(.exceptions.irqreturn.user)
 *(.exceptions.irqreturn)
 *(.exceptions.notirq.label)
 *(.exceptions.notirq.user)
 *(.exceptions.notirq)
 *(.exceptions.soft.user)
 *(.exceptions.soft)
 *(.exceptions.unknown.user)
 *(.exceptions.unknown)
 *(.exceptions.exit.label)
 *(.exceptions.exit.user)
 *(.exceptions.exit)
 *(.exceptions)
                0x00010020                PROVIDE (__ram_exceptions_end, ABSOLUTE (.))
                0x00010020                PROVIDE (__flash_exceptions_start, LOADADDR (.exceptions))

.text           0x00010020      0x20c
                0x00010020                PROVIDE (stext, ABSOLUTE (.))
 *(.interp)
 *(.hash)
 *(.dynsym)
 *(.dynstr)
 *(.gnu.version)
 *(.gnu.version_d)
 *(.gnu.version_r)
 *(.rel.init)
 *(.rela.init)
 *(.rel.text .rel.text.* .rel.gnu.linkonce.t.*)
 *(.rela.text .rela.text.* .rela.gnu.linkonce.t.*)
 *(.rel.fini)
 *(.rela.fini)
 *(.rel.rodata .rel.rodata.* .rel.gnu.linkonce.r.*)
 *(.rela.rodata .rela.rodata.* .rela.gnu.linkonce.r.*)
 *(.rel.data .rel.data.* .rel.gnu.linkonce.d.*)
 *(.rela.data .rela.data.* .rela.gnu.linkonce.d.*)
 *(.rel.tdata .rel.tdata.* .rel.gnu.linkonce.td.*)
 *(.rela.tdata .rela.tdata.* .rela.gnu.linkonce.td.*)
 *(.rel.tbss .rel.tbss.* .rel.gnu.linkonce.tb.*)
 *(.rela.tbss .rela.tbss.* .rela.gnu.linkonce.tb.*)
 *(.rel.ctors)
 *(.rela.ctors)
 *(.rel.dtors)
 *(.rela.dtors)
 *(.rel.got)
 *(.rela.got)
 *(.rel.sdata .rel.sdata.* .rel.gnu.linkonce.s.*)
 *(.rela.sdata .rela.sdata.* .rela.gnu.linkonce.s.*)
 *(.rel.sbss .rel.sbss.* .rel.gnu.linkonce.sb.*)
 *(.rela.sbss .rela.sbss.* .rela.gnu.linkonce.sb.*)
 *(.rel.sdata2 .rel.sdata2.* .rel.gnu.linkonce.s2.*)
 *(.rela.sdata2 .rela.sdata2.* .rela.gnu.linkonce.s2.*)
 *(.rel.sbss2 .rel.sbss2.* .rel.gnu.linkonce.sb2.*)
 *(.rela.sbss2 .rela.sbss2.* .rela.gnu.linkonce.sb2.*)
 *(.rel.bss .rel.bss.* .rel.gnu.linkonce.b.*)
 *(.rela.bss .rela.bss.* .rela.gnu.linkonce.b.*)
 *(.rel.plt)
 *(.rela.plt)
 *(.rel.dyn)
 *(.init)
 *(.plt)
 *(.text .stub .text.* .gnu.linkonce.t.*)
 .text          0x00010020       0x3c ../t1_bsp//obj/HAL/src/crt0.o
                0x00010020                _start
 .text          0x0001005c       0x18 obj/default/hello_world_small.o
                0x0001005c                main
 .text          0x00010074       0x8c ../t1_bsp/\libhal_bsp.a(alt_load.o)
                0x00010094                alt_load
 .text          0x00010100       0x2c ../t1_bsp/\libhal_bsp.a(alt_main.o)
                0x00010100                alt_main
 .text          0x0001012c       0x38 ../t1_bsp/\libhal_bsp.a(alt_putstr.o)
                0x0001012c                alt_putstr
 .text          0x00010164       0x24 ../t1_bsp/\libhal_bsp.a(alt_sys_init.o)
                0x00010164                alt_sys_init
                0x00010168                alt_irq_init
 .text          0x00010188       0x34 ../t1_bsp/\libhal_bsp.a(altera_avalon_jtag_uart_write.o)
                0x00010188                altera_avalon_jtag_uart_write
 .text          0x000101bc        0x4 ../t1_bsp/\libhal_bsp.a(alt_dcache_flush_all.o)
                0x000101bc                alt_dcache_flush_all
 .text          0x000101c0        0xc ../t1_bsp/\libhal_bsp.a(alt_icache_flush_all.o)
                0x000101c0                alt_icache_flush_all
 .text          0x000101cc        0x8 ../t1_bsp/\libhal_bsp.a(altera_nios2_qsys_irq.o)
                0x000101cc                altera_nios2_qsys_irq_init
 .text          0x000101d4       0x38 ../t1_bsp/\libhal_bsp.a(alt_icache_flush.o)
                0x000101d4                alt_icache_flush
 .text          0x0001020c       0x20 e:/tools/rare/altera/13.0sp1/nios2eds/bin/gnu/h-i686-mingw32/bin/../lib/gcc/nios2-elf/4.1.2/../../../../nios2-elf/lib/mno-hw-mul\libsmallc.a(lib_a-strlen.o)
                0x0001020c                strlen
 *(.gnu.warning.*)
 *(.fini)
                0x0001022c                PROVIDE (__etext, ABSOLUTE (.))
                0x0001022c                PROVIDE (_etext, ABSOLUTE (.))
                0x0001022c                PROVIDE (etext, ABSOLUTE (.))
 *(.eh_frame_hdr)
                0x0001022c                . = ALIGN (0x4)
                0x0001022c                PROVIDE (__preinit_array_start, ABSOLUTE (.))
 *(.preinit_array)
                0x0001022c                PROVIDE (__preinit_array_end, ABSOLUTE (.))
                0x0001022c                PROVIDE (__init_array_start, ABSOLUTE (.))
 *(.init_array)
                0x0001022c                PROVIDE (__init_array_end, ABSOLUTE (.))
                0x0001022c                PROVIDE (__fini_array_start, ABSOLUTE (.))
 *(.fini_array)
                0x0001022c                PROVIDE (__fini_array_end, ABSOLUTE (.))
 *(.eh_frame)
 *(.gcc_except_table)
 *(.dynamic)
                0x0001022c                PROVIDE (__CTOR_LIST__, ABSOLUTE (.))
 *(.ctors)
 *(SORT(.ctors.*))
                0x0001022c                PROVIDE (__CTOR_END__, ABSOLUTE (.))
                0x0001022c                PROVIDE (__DTOR_LIST__, ABSOLUTE (.))
 *(.dtors)
 *(SORT(.dtors.*))
                0x0001022c                PROVIDE (__DTOR_END__, ABSOLUTE (.))
 *(.jcr)
                0x0001022c                . = ALIGN (0x4)

.rodata         0x00020000       0x18 load address 0x0001022c
                0x00020000                PROVIDE (__ram_rodata_start, ABSOLUTE (.))
                0x00020000                . = ALIGN (0x4)
 *(.rodata .rodata.* .gnu.linkonce.r.*)
 .rodata.str1.4
                0x00020000       0x18 obj/default/hello_world_small.o
 *(.rodata1)
                0x00020018                . = ALIGN (0x4)
                0x00020018                PROVIDE (__ram_rodata_end, ABSOLUTE (.))
                0x0001022c                PROVIDE (__flash_rodata_start, LOADADDR (.rodata))

.rwdata         0x00020018        0x4 load address 0x00010244
                0x00020018                PROVIDE (__ram_rwdata_start, ABSOLUTE (.))
                0x00020018                . = ALIGN (0x4)
 *(.got.plt)
 *(.got)
 *(.data1)
 *(.data .data.* .gnu.linkonce.d.*)
 .data          0x00020018        0x0 ../t1_bsp//obj/HAL/src/crt0.o
 .data          0x00020018        0x0 obj/default/hello_world_small.o
 .data          0x00020018        0x0 ../t1_bsp/\libhal_bsp.a(alt_load.o)
 .data          0x00020018        0x0 ../t1_bsp/\libhal_bsp.a(alt_main.o)
 .data          0x00020018        0x0 ../t1_bsp/\libhal_bsp.a(alt_putstr.o)
 .data          0x00020018        0x0 ../t1_bsp/\libhal_bsp.a(alt_sys_init.o)
 .data          0x00020018        0x0 ../t1_bsp/\libhal_bsp.a(altera_avalon_jtag_uart_write.o)
 .data          0x00020018        0x0 ../t1_bsp/\libhal_bsp.a(alt_dcache_flush_all.o)
 .data          0x00020018        0x0 ../t1_bsp/\libhal_bsp.a(alt_icache_flush_all.o)
 .data          0x00020018        0x0 ../t1_bsp/\libhal_bsp.a(altera_nios2_qsys_irq.o)
 .data          0x00020018        0x0 ../t1_bsp/\libhal_bsp.a(alt_icache_flush.o)
 .data          0x00020018        0x0 e:/tools/rare/altera/13.0sp1/nios2eds/bin/gnu/h-i686-mingw32/bin/../lib/gcc/nios2-elf/4.1.2/../../../../nios2-elf/lib/mno-hw-mul\libsmallc.a(lib_a-strlen.o)
                0x00028018                _gp = ABSOLUTE ((. + 0x8000))
                0x00028018                PROVIDE (gp, _gp)
 *(.rwdata .rwdata.*)
 *(.sdata .sdata.* .gnu.linkonce.s.*)
 .sdata         0x00020018        0x4 ../t1_bsp/\libhal_bsp.a(alt_sys_init.o)
                0x00020018                uart
 *(.sdata2 .sdata2.* .gnu.linkonce.s2.*)
                0x0002001c                . = ALIGN (0x4)
                0x0002001c                _edata = ABSOLUTE (.)
                0x0002001c                PROVIDE (edata, ABSOLUTE (.))
                0x0002001c                PROVIDE (__ram_rwdata_end, ABSOLUTE (.))
                0x00010244                PROVIDE (__flash_rwdata_start, LOADADDR (.rwdata))

.bss            0x0002001c        0xc load address 0x00010248
                0x0002001c                __bss_start = ABSOLUTE (.)
                0x0002001c                PROVIDE (__sbss_start, ABSOLUTE (.))
                0x0002001c                PROVIDE (___sbss_start, ABSOLUTE (.))
 *(.dynsbss)
 *(.sbss .sbss.* .gnu.linkonce.sb.*)
 .sbss          0x0002001c        0xc ../t1_bsp/\libhal_bsp.a(alt_main.o)
                0x0002001c                alt_argc
                0x00020020                alt_argv
                0x00020024                alt_envp
 *(.sbss2 .sbss2.* .gnu.linkonce.sb2.*)
 *(.scommon)
                0x00020028                PROVIDE (__sbss_end, ABSOLUTE (.))
                0x00020028                PROVIDE (___sbss_end, ABSOLUTE (.))
 *(.dynbss)
 *(.bss .bss.* .gnu.linkonce.b.*)
 .bss           0x00020028        0x0 ../t1_bsp//obj/HAL/src/crt0.o
 .bss           0x00020028        0x0 obj/default/hello_world_small.o
 .bss           0x00020028        0x0 ../t1_bsp/\libhal_bsp.a(alt_load.o)
 .bss           0x00020028        0x0 ../t1_bsp/\libhal_bsp.a(alt_main.o)
 .bss           0x00020028        0x0 ../t1_bsp/\libhal_bsp.a(alt_putstr.o)
 .bss           0x00020028        0x0 ../t1_bsp/\libhal_bsp.a(alt_sys_init.o)
 .bss           0x00020028        0x0 ../t1_bsp/\libhal_bsp.a(altera_avalon_jtag_uart_write.o)
 .bss           0x00020028        0x0 ../t1_bsp/\libhal_bsp.a(alt_dcache_flush_all.o)
 .bss           0x00020028        0x0 ../t1_bsp/\libhal_bsp.a(alt_icache_flush_all.o)
 .bss           0x00020028        0x0 ../t1_bsp/\libhal_bsp.a(altera_nios2_qsys_irq.o)
 .bss           0x00020028        0x0 ../t1_bsp/\libhal_bsp.a(alt_icache_flush.o)
 .bss           0x00020028        0x0 e:/tools/rare/altera/13.0sp1/nios2eds/bin/gnu/h-i686-mingw32/bin/../lib/gcc/nios2-elf/4.1.2/../../../../nios2-elf/lib/mno-hw-mul\libsmallc.a(lib_a-strlen.o)
 *(COMMON)
                0x00020028                . = ALIGN (0x4)
                0x00020028                __bss_end = ABSOLUTE (.)

.rom            0x00010248        0x0
                0x00010248                PROVIDE (_alt_partition_rom_start, ABSOLUTE (.))
 *(.rom. rom.*)
                0x00010248                . = ALIGN (0x4)
                0x00010248                PROVIDE (_alt_partition_rom_end, ABSOLUTE (.))
                0x00010248                PROVIDE (_alt_partition_rom_load_addr, LOADADDR (.rom))

.ram            0x00020028        0x0 load address 0x00010248
                0x00020028                PROVIDE (_alt_partition_ram_start, ABSOLUTE (.))
 *(.ram. ram.*)
                0x00020028                . = ALIGN (0x4)
                0x00020028                PROVIDE (_alt_partition_ram_end, ABSOLUTE (.))
                0x00020028                _end = ABSOLUTE (.)
                0x00020028                end = ABSOLUTE (.)
                0x00020028                __alt_stack_base = ABSOLUTE (.)
                0x00010248                PROVIDE (_alt_partition_ram_load_addr, LOADADDR (.ram))

.stab
 *(.stab)

.stabstr
 *(.stabstr)

.stab.excl
 *(.stab.excl)

.stab.exclstr
 *(.stab.exclstr)

.stab.index
 *(.stab.index)

.stab.indexstr
 *(.stab.indexstr)

.comment        0x00000000       0x26
 *(.comment)
 .comment       0x00000000       0x26 obj/default/hello_world_small.o
                                 0x27 (size before relaxing)
 .comment       0x00000000       0x27 ../t1_bsp/\libhal_bsp.a(alt_load.o)
 .comment       0x00000000       0x27 ../t1_bsp/\libhal_bsp.a(alt_main.o)
 .comment       0x00000000       0x27 ../t1_bsp/\libhal_bsp.a(alt_putstr.o)
 .comment       0x00000000       0x27 ../t1_bsp/\libhal_bsp.a(alt_sys_init.o)
 .comment       0x00000000       0x27 ../t1_bsp/\libhal_bsp.a(altera_avalon_jtag_uart_write.o)
 .comment       0x00000000       0x27 ../t1_bsp/\libhal_bsp.a(alt_dcache_flush_all.o)
 .comment       0x00000000       0x27 ../t1_bsp/\libhal_bsp.a(alt_icache_flush_all.o)
 .comment       0x00000000       0x27 ../t1_bsp/\libhal_bsp.a(altera_nios2_qsys_irq.o)
 .comment       0x00000000       0x27 ../t1_bsp/\libhal_bsp.a(alt_icache_flush.o)
 .comment       0x00000000       0x27 e:/tools/rare/altera/13.0sp1/nios2eds/bin/gnu/h-i686-mingw32/bin/../lib/gcc/nios2-elf/4.1.2/../../../../nios2-elf/lib/mno-hw-mul\libsmallc.a(lib_a-strlen.o)

.debug
 *(.debug)

.line
 *(.line)

.debug_srcinfo
 *(.debug_srcinfo)

.debug_sfnames
 *(.debug_sfnames)

.debug_aranges  0x00000000      0x188
 *(.debug_aranges)
 .debug_aranges
                0x00000000       0x28 ../t1_bsp//obj/HAL/src/crt0.o
 .debug_aranges
                0x00000028       0x20 obj/default/hello_world_small.o
 .debug_aranges
                0x00000048       0x20 ../t1_bsp/\libhal_bsp.a(alt_load.o)
 .debug_aranges
                0x00000068       0x20 ../t1_bsp/\libhal_bsp.a(alt_main.o)
 .debug_aranges
                0x00000088       0x20 ../t1_bsp/\libhal_bsp.a(alt_putstr.o)
 .debug_aranges
                0x000000a8       0x20 ../t1_bsp/\libhal_bsp.a(alt_sys_init.o)
 .debug_aranges
                0x000000c8       0x20 ../t1_bsp/\libhal_bsp.a(altera_avalon_jtag_uart_write.o)
 .debug_aranges
                0x000000e8       0x20 ../t1_bsp/\libhal_bsp.a(alt_dcache_flush_all.o)
 .debug_aranges
                0x00000108       0x20 ../t1_bsp/\libhal_bsp.a(alt_icache_flush_all.o)
 .debug_aranges
                0x00000128       0x20 ../t1_bsp/\libhal_bsp.a(altera_nios2_qsys_irq.o)
 .debug_aranges
                0x00000148       0x20 ../t1_bsp/\libhal_bsp.a(alt_icache_flush.o)
 .debug_aranges
                0x00000168       0x20 e:/tools/rare/altera/13.0sp1/nios2eds/bin/gnu/h-i686-mingw32/bin/../lib/gcc/nios2-elf/4.1.2/../../../../nios2-elf/lib/mno-hw-mul\libsmallc.a(lib_a-strlen.o)

.debug_pubnames
                0x00000000      0x1dd
 *(.debug_pubnames)
 .debug_pubnames
                0x00000000       0x1b obj/default/hello_world_small.o
 .debug_pubnames
                0x0000001b       0x1f ../t1_bsp/\libhal_bsp.a(alt_load.o)
 .debug_pubnames
                0x0000003a       0x46 ../t1_bsp/\libhal_bsp.a(alt_main.o)
 .debug_pubnames
                0x00000080       0x21 ../t1_bsp/\libhal_bsp.a(alt_putstr.o)
 .debug_pubnames
                0x000000a1       0x3d ../t1_bsp/\libhal_bsp.a(alt_sys_init.o)
 .debug_pubnames
                0x000000de       0x34 ../t1_bsp/\libhal_bsp.a(altera_avalon_jtag_uart_write.o)
 .debug_pubnames
                0x00000112       0x2b ../t1_bsp/\libhal_bsp.a(alt_dcache_flush_all.o)
 .debug_pubnames
                0x0000013d       0x2b ../t1_bsp/\libhal_bsp.a(alt_icache_flush_all.o)
 .debug_pubnames
                0x00000168       0x31 ../t1_bsp/\libhal_bsp.a(altera_nios2_qsys_irq.o)
 .debug_pubnames
                0x00000199       0x27 ../t1_bsp/\libhal_bsp.a(alt_icache_flush.o)
 .debug_pubnames
                0x000001c0       0x1d e:/tools/rare/altera/13.0sp1/nios2eds/bin/gnu/h-i686-mingw32/bin/../lib/gcc/nios2-elf/4.1.2/../../../../nios2-elf/lib/mno-hw-mul\libsmallc.a(lib_a-strlen.o)

.debug_info     0x00000000      0xa27
 *(.debug_info .gnu.linkonce.wi.*)
 .debug_info    0x00000000       0x64 ../t1_bsp//obj/HAL/src/crt0.o
 .debug_info    0x00000064       0x45 obj/default/hello_world_small.o
 .debug_info    0x000000a9      0x12e ../t1_bsp/\libhal_bsp.a(alt_load.o)
 .debug_info    0x000001d7      0x125 ../t1_bsp/\libhal_bsp.a(alt_main.o)
 .debug_info    0x000002fc       0xc5 ../t1_bsp/\libhal_bsp.a(alt_putstr.o)
 .debug_info    0x000003c1      0x199 ../t1_bsp/\libhal_bsp.a(alt_sys_init.o)
 .debug_info    0x0000055a      0x18f ../t1_bsp/\libhal_bsp.a(altera_avalon_jtag_uart_write.o)
 .debug_info    0x000006e9       0x8d ../t1_bsp/\libhal_bsp.a(alt_dcache_flush_all.o)
 .debug_info    0x00000776       0x8d ../t1_bsp/\libhal_bsp.a(alt_icache_flush_all.o)
 .debug_info    0x00000803       0x8d ../t1_bsp/\libhal_bsp.a(altera_nios2_qsys_irq.o)
 .debug_info    0x00000890       0xd5 ../t1_bsp/\libhal_bsp.a(alt_icache_flush.o)
 .debug_info    0x00000965       0xc2 e:/tools/rare/altera/13.0sp1/nios2eds/bin/gnu/h-i686-mingw32/bin/../lib/gcc/nios2-elf/4.1.2/../../../../nios2-elf/lib/mno-hw-mul\libsmallc.a(lib_a-strlen.o)

.debug_abbrev   0x00000000      0x599
 *(.debug_abbrev)
 .debug_abbrev  0x00000000       0x12 ../t1_bsp//obj/HAL/src/crt0.o
 .debug_abbrev  0x00000012       0x34 obj/default/hello_world_small.o
 .debug_abbrev  0x00000046       0x97 ../t1_bsp/\libhal_bsp.a(alt_load.o)
 .debug_abbrev  0x000000dd       0xa6 ../t1_bsp/\libhal_bsp.a(alt_main.o)
 .debug_abbrev  0x00000183       0x7c ../t1_bsp/\libhal_bsp.a(alt_putstr.o)
 .debug_abbrev  0x000001ff       0xea ../t1_bsp/\libhal_bsp.a(alt_sys_init.o)
 .debug_abbrev  0x000002e9       0xf0 ../t1_bsp/\libhal_bsp.a(altera_avalon_jtag_uart_write.o)
 .debug_abbrev  0x000003d9       0x3f ../t1_bsp/\libhal_bsp.a(alt_dcache_flush_all.o)
 .debug_abbrev  0x00000418       0x3f ../t1_bsp/\libhal_bsp.a(alt_icache_flush_all.o)
 .debug_abbrev  0x00000457       0x3f ../t1_bsp/\libhal_bsp.a(altera_nios2_qsys_irq.o)
 .debug_abbrev  0x00000496       0x89 ../t1_bsp/\libhal_bsp.a(alt_icache_flush.o)
 .debug_abbrev  0x0000051f       0x7a e:/tools/rare/altera/13.0sp1/nios2eds/bin/gnu/h-i686-mingw32/bin/../lib/gcc/nios2-elf/4.1.2/../../../../nios2-elf/lib/mno-hw-mul\libsmallc.a(lib_a-strlen.o)

.debug_line     0x00000000     0x17da
 *(.debug_line)
 .debug_line    0x00000000       0x6c ../t1_bsp//obj/HAL/src/crt0.o
 .debug_line    0x0000006c       0xea obj/default/hello_world_small.o
 .debug_line    0x00000156      0x22d ../t1_bsp/\libhal_bsp.a(alt_load.o)
 .debug_line    0x00000383      0x2d8 ../t1_bsp/\libhal_bsp.a(alt_main.o)
 .debug_line    0x0000065b      0x1ef ../t1_bsp/\libhal_bsp.a(alt_putstr.o)
 .debug_line    0x0000084a      0x2b5 ../t1_bsp/\libhal_bsp.a(alt_sys_init.o)
 .debug_line    0x00000aff      0x30a ../t1_bsp/\libhal_bsp.a(altera_avalon_jtag_uart_write.o)
 .debug_line    0x00000e09      0x1cb ../t1_bsp/\libhal_bsp.a(alt_dcache_flush_all.o)
 .debug_line    0x00000fd4      0x1db ../t1_bsp/\libhal_bsp.a(alt_icache_flush_all.o)
 .debug_line    0x000011af      0x1e4 ../t1_bsp/\libhal_bsp.a(altera_nios2_qsys_irq.o)
 .debug_line    0x00001393      0x1f7 ../t1_bsp/\libhal_bsp.a(alt_icache_flush.o)
 .debug_line    0x0000158a      0x250 e:/tools/rare/altera/13.0sp1/nios2eds/bin/gnu/h-i686-mingw32/bin/../lib/gcc/nios2-elf/4.1.2/../../../../nios2-elf/lib/mno-hw-mul\libsmallc.a(lib_a-strlen.o)

.debug_frame    0x00000000      0x1a8
 *(.debug_frame)
 .debug_frame   0x00000000       0x28 obj/default/hello_world_small.o
 .debug_frame   0x00000028       0x38 ../t1_bsp/\libhal_bsp.a(alt_load.o)
 .debug_frame   0x00000060       0x28 ../t1_bsp/\libhal_bsp.a(alt_main.o)
 .debug_frame   0x00000088       0x28 ../t1_bsp/\libhal_bsp.a(alt_putstr.o)
 .debug_frame   0x000000b0       0x38 ../t1_bsp/\libhal_bsp.a(alt_sys_init.o)
 .debug_frame   0x000000e8       0x20 ../t1_bsp/\libhal_bsp.a(altera_avalon_jtag_uart_write.o)
 .debug_frame   0x00000108       0x20 ../t1_bsp/\libhal_bsp.a(alt_dcache_flush_all.o)
 .debug_frame   0x00000128       0x20 ../t1_bsp/\libhal_bsp.a(alt_icache_flush_all.o)
 .debug_frame   0x00000148       0x20 ../t1_bsp/\libhal_bsp.a(altera_nios2_qsys_irq.o)
 .debug_frame   0x00000168       0x20 ../t1_bsp/\libhal_bsp.a(alt_icache_flush.o)
 .debug_frame   0x00000188       0x20 e:/tools/rare/altera/13.0sp1/nios2eds/bin/gnu/h-i686-mingw32/bin/../lib/gcc/nios2-elf/4.1.2/../../../../nios2-elf/lib/mno-hw-mul\libsmallc.a(lib_a-strlen.o)

.debug_str      0x00000000      0x543
 *(.debug_str)
 .debug_str     0x00000000       0x4f obj/default/hello_world_small.o
                                 0x54 (size before relaxing)
 .debug_str     0x0000004f      0x174 ../t1_bsp/\libhal_bsp.a(alt_load.o)
                                0x1b9 (size before relaxing)
 .debug_str     0x000001c3       0x75 ../t1_bsp/\libhal_bsp.a(alt_main.o)
                                0x13d (size before relaxing)
 .debug_str     0x00000238       0x45 ../t1_bsp/\libhal_bsp.a(alt_putstr.o)
                                0x10d (size before relaxing)
 .debug_str     0x0000027d       0xb8 ../t1_bsp/\libhal_bsp.a(alt_sys_init.o)
                                0x1e3 (size before relaxing)
 .debug_str     0x00000335       0x56 ../t1_bsp/\libhal_bsp.a(altera_avalon_jtag_uart_write.o)
                                0x1b5 (size before relaxing)
 .debug_str     0x0000038b       0x34 ../t1_bsp/\libhal_bsp.a(alt_dcache_flush_all.o)
                                 0xfc (size before relaxing)
 .debug_str     0x000003bf       0x34 ../t1_bsp/\libhal_bsp.a(alt_icache_flush_all.o)
                                 0xfc (size before relaxing)
 .debug_str     0x000003f3       0x3b ../t1_bsp/\libhal_bsp.a(altera_nios2_qsys_irq.o)
                                0x103 (size before relaxing)
 .debug_str     0x0000042e       0x2c ../t1_bsp/\libhal_bsp.a(alt_icache_flush.o)
                                0x102 (size before relaxing)
 .debug_str     0x0000045a       0xe9 e:/tools/rare/altera/13.0sp1/nios2eds/bin/gnu/h-i686-mingw32/bin/../lib/gcc/nios2-elf/4.1.2/../../../../nios2-elf/lib/mno-hw-mul\libsmallc.a(lib_a-strlen.o)
                                0x184 (size before relaxing)

.debug_loc      0x00000000      0x12e
 *(.debug_loc)
 .debug_loc     0x00000000       0x1f obj/default/hello_world_small.o
 .debug_loc     0x0000001f       0x1f ../t1_bsp/\libhal_bsp.a(alt_load.o)
 .debug_loc     0x0000003e       0x1f ../t1_bsp/\libhal_bsp.a(alt_main.o)
 .debug_loc     0x0000005d       0x48 ../t1_bsp/\libhal_bsp.a(alt_putstr.o)
 .debug_loc     0x000000a5       0x32 ../t1_bsp/\libhal_bsp.a(alt_sys_init.o)
 .debug_loc     0x000000d7       0x26 ../t1_bsp/\libhal_bsp.a(altera_avalon_jtag_uart_write.o)
 .debug_loc     0x000000fd       0x13 ../t1_bsp/\libhal_bsp.a(alt_icache_flush.o)
 .debug_loc     0x00000110       0x1e e:/tools/rare/altera/13.0sp1/nios2eds/bin/gnu/h-i686-mingw32/bin/../lib/gcc/nios2-elf/4.1.2/../../../../nios2-elf/lib/mno-hw-mul\libsmallc.a(lib_a-strlen.o)

.debug_macinfo
 *(.debug_macinfo)

.debug_weaknames
 *(.debug_weaknames)

.debug_funcnames
 *(.debug_funcnames)

.debug_typenames
 *(.debug_typenames)

.debug_varnames
 *(.debug_varnames)

.debug_alt_sim_info
                0x00000000       0x20
 *(.debug_alt_sim_info)
 .debug_alt_sim_info
                0x00000000       0x20 ../t1_bsp//obj/HAL/src/crt0.o
                0x00021800                __alt_data_end = 0x21800
                0x00021800                PROVIDE (__alt_stack_pointer, __alt_data_end)
                0x00020028                PROVIDE (__alt_stack_limit, __alt_stack_base)
                0x00020028                PROVIDE (__alt_heap_start, end)
                0x00021800                PROVIDE (__alt_heap_limit, 0x21800)
OUTPUT(t1.elf elf32-littlenios2)

.debug_ranges   0x00000000       0x20
 .debug_ranges  0x00000000       0x20 ../t1_bsp//obj/HAL/src/crt0.o
