Archive member included because of file (symbol)

c:/altera/12.0/nios2eds/bin/gnu/h-i686-mingw32/bin/../lib/gcc/nios2-elf/4.1.2\libgcc.a(_si_to_sf.o)
                              obj/default/src/hardware/hardware.o (__floatsisf)
c:/altera/12.0/nios2eds/bin/gnu/h-i686-mingw32/bin/../lib/gcc/nios2-elf/4.1.2\libgcc.a(_sf_to_df.o)
                              obj/default/src/hardware/hardware.o (__extendsfdf2)
c:/altera/12.0/nios2eds/bin/gnu/h-i686-mingw32/bin/../lib/gcc/nios2-elf/4.1.2\libgcc.a(_make_df.o)
                              c:/altera/12.0/nios2eds/bin/gnu/h-i686-mingw32/bin/../lib/gcc/nios2-elf/4.1.2\libgcc.a(_sf_to_df.o) (__make_dp)
c:/altera/12.0/nios2eds/bin/gnu/h-i686-mingw32/bin/../lib/gcc/nios2-elf/4.1.2\libgcc.a(_clzsi2.o)
                              c:/altera/12.0/nios2eds/bin/gnu/h-i686-mingw32/bin/../lib/gcc/nios2-elf/4.1.2\libgcc.a(_si_to_sf.o) (__clzsi2)
c:/altera/12.0/nios2eds/bin/gnu/h-i686-mingw32/bin/../lib/gcc/nios2-elf/4.1.2\libgcc.a(_pack_sf.o)
                              c:/altera/12.0/nios2eds/bin/gnu/h-i686-mingw32/bin/../lib/gcc/nios2-elf/4.1.2\libgcc.a(_si_to_sf.o) (__pack_f)
c:/altera/12.0/nios2eds/bin/gnu/h-i686-mingw32/bin/../lib/gcc/nios2-elf/4.1.2\libgcc.a(_unpack_sf.o)
                              c:/altera/12.0/nios2eds/bin/gnu/h-i686-mingw32/bin/../lib/gcc/nios2-elf/4.1.2\libgcc.a(_sf_to_df.o) (__unpack_f)
c:/altera/12.0/nios2eds/bin/gnu/h-i686-mingw32/bin/../lib/gcc/nios2-elf/4.1.2\libgcc.a(_pack_df.o)
                              c:/altera/12.0/nios2eds/bin/gnu/h-i686-mingw32/bin/../lib/gcc/nios2-elf/4.1.2\libgcc.a(_make_df.o) (__pack_d)
c:/altera/12.0/nios2eds/bin/gnu/h-i686-mingw32/bin/../lib/gcc/nios2-elf/4.1.2\libgcc.a(_clz.o)
                              c:/altera/12.0/nios2eds/bin/gnu/h-i686-mingw32/bin/../lib/gcc/nios2-elf/4.1.2\libgcc.a(_clzsi2.o) (__clz_tab)
c:/altera/12.0/nios2eds/bin/gnu/h-i686-mingw32/bin/../lib/gcc/nios2-elf/4.1.2/../../../../nios2-elf/lib\libc.a(lib_a-memcpy.o)
                              obj/default/src/Ethernet/WebServer.o (memcpy)
c:/altera/12.0/nios2eds/bin/gnu/h-i686-mingw32/bin/../lib/gcc/nios2-elf/4.1.2/../../../../nios2-elf/lib\libc.a(lib_a-memset.o)
                              obj/default/src/Ethernet/WebServer.o (memset)
c:/altera/12.0/nios2eds/bin/gnu/h-i686-mingw32/bin/../lib/gcc/nios2-elf/4.1.2/../../../../nios2-elf/lib\libc.a(lib_a-printf.o)
                              obj/default/src/Ethernet/WebServer.o (printf)
c:/altera/12.0/nios2eds/bin/gnu/h-i686-mingw32/bin/../lib/gcc/nios2-elf/4.1.2/../../../../nios2-elf/lib\libc.a(lib_a-putchar.o)
                              obj/default/src/SD_SDHC/hpi32.o (putchar)
c:/altera/12.0/nios2eds/bin/gnu/h-i686-mingw32/bin/../lib/gcc/nios2-elf/4.1.2/../../../../nios2-elf/lib\libc.a(lib_a-puts.o)
                              obj/default/hello_ucosii.o (puts)
c:/altera/12.0/nios2eds/bin/gnu/h-i686-mingw32/bin/../lib/gcc/nios2-elf/4.1.2/../../../../nios2-elf/lib\libc.a(lib_a-rand.o)
                              obj/default/src/I2C/i2c_test.o (srand)
c:/altera/12.0/nios2eds/bin/gnu/h-i686-mingw32/bin/../lib/gcc/nios2-elf/4.1.2/../../../../nios2-elf/lib\libc.a(lib_a-sprintf.o)
                              obj/default/src/Ethernet/WebServer.o (sprintf)
c:/altera/12.0/nios2eds/bin/gnu/h-i686-mingw32/bin/../lib/gcc/nios2-elf/4.1.2/../../../../nios2-elf/lib\libc.a(lib_a-strlen.o)
                              obj/default/src/Ethernet/WebServer.o (strlen)
c:/altera/12.0/nios2eds/bin/gnu/h-i686-mingw32/bin/../lib/gcc/nios2-elf/4.1.2/../../../../nios2-elf/lib\libc.a(lib_a-strncmp.o)
                              obj/default/src/Ethernet/WebServer.o (strncmp)
c:/altera/12.0/nios2eds/bin/gnu/h-i686-mingw32/bin/../lib/gcc/nios2-elf/4.1.2/../../../../nios2-elf/lib\libc.a(lib_a-vfprintf.o)
                              c:/altera/12.0/nios2eds/bin/gnu/h-i686-mingw32/bin/../lib/gcc/nios2-elf/4.1.2/../../../../nios2-elf/lib\libc.a(lib_a-printf.o) (___vfprintf_internal_r)
c:/altera/12.0/nios2eds/bin/gnu/h-i686-mingw32/bin/../lib/gcc/nios2-elf/4.1.2/../../../../nios2-elf/lib\libc.a(lib_a-wsetup.o)
                              c:/altera/12.0/nios2eds/bin/gnu/h-i686-mingw32/bin/../lib/gcc/nios2-elf/4.1.2/../../../../nios2-elf/lib\libc.a(lib_a-vfprintf.o) (__swsetup_r)
c:/altera/12.0/nios2eds/bin/gnu/h-i686-mingw32/bin/../lib/gcc/nios2-elf/4.1.2/../../../../nios2-elf/lib\libc.a(lib_a-dtoa.o)
                              c:/altera/12.0/nios2eds/bin/gnu/h-i686-mingw32/bin/../lib/gcc/nios2-elf/4.1.2/../../../../nios2-elf/lib\libc.a(lib_a-vfprintf.o) (_dtoa_r)
c:/altera/12.0/nios2eds/bin/gnu/h-i686-mingw32/bin/../lib/gcc/nios2-elf/4.1.2/../../../../nios2-elf/lib\libc.a(lib_a-fflush.o)
                              c:/altera/12.0/nios2eds/bin/gnu/h-i686-mingw32/bin/../lib/gcc/nios2-elf/4.1.2/../../../../nios2-elf/lib\libc.a(lib_a-vfprintf.o) (_fflush_r)
[...]
Memory Configuration

Name             Origin             Length             Attributes
sdram_0_BEFORE_EXCEPTION 0x02000000         0x00000020
sdram_0          0x02000020         0x01ffffe0
reset            0x04001800         0x00000020
epcs_flash_controller_0 0x04001820         0x000007e0
*default*        0x00000000         0xffffffff

Linker script and memory map

LOAD ../V3_SELFTEST_UCOS_bsp//obj/HAL/src/crt0.o
LOAD obj/default/hello_ucosii.o
LOAD obj/default/src/Ethernet/Main.o
LOAD obj/default/src/Ethernet/WebServer.o
LOAD obj/default/src/Ethernet/enc28j60.o
LOAD obj/default/src/Ethernet/fpga_io.o
LOAD obj/default/src/Ethernet/ip_arp_udp_tcp.o
LOAD obj/default/src/I2C/i2c_test.o
LOAD obj/default/src/SD_SDHC/Sdcard.o
LOAD obj/default/src/SD_SDHC/Sdcard_hw.o
LOAD obj/default/src/SD_SDHC/device.o
LOAD obj/default/src/SD_SDHC/fat.o
LOAD obj/default/src/SD_SDHC/fat32.o
LOAD obj/default/src/SD_SDHC/hal.o
LOAD obj/default/src/SD_SDHC/hpi.o
LOAD obj/default/src/SD_SDHC/hpi32.o
LOAD obj/default/src/SD_SDHC/isr.o
LOAD obj/default/src/USB/Main.o
LOAD obj/default/src/digital_tube/digital_tube.o
LOAD obj/default/src/hardware/hardware.o
LOAD obj/default/src/hardware/key_ctl.o
LOAD obj/default/src/lcd/LCD_Display.o
LOAD obj/default/src/lcd/LCD_Init.o
LOAD c:/altera/12.0/nios2eds/bin/gnu/h-i686-mingw32/bin/../lib/gcc/nios2-elf/4.1.2/../../../../nios2-elf/lib\libstdc++.a
LOAD c:/altera/12.0/nios2eds/bin/gnu/h-i686-mingw32/bin/../lib/gcc/nios2-elf/4.1.2/../../../../nios2-elf/lib\libm.a
LOAD c:/altera/12.0/nios2eds/bin/gnu/h-i686-mingw32/bin/../lib/gcc/nios2-elf/4.1.2\libgcc.a
START GROUP
LOAD c:/altera/12.0/nios2eds/bin/gnu/h-i686-mingw32/bin/../lib/gcc/nios2-elf/4.1.2/../../../../nios2-elf/lib\libc.a
LOAD c:/altera/12.0/nios2eds/bin/gnu/h-i686-mingw32/bin/../lib/gcc/nios2-elf/4.1.2\libgcc.a
LOAD ../V3_SELFTEST_UCOS_bsp/\libucosii_bsp.a
END GROUP
LOAD c:/altera/12.0/nios2eds/bin/gnu/h-i686-mingw32/bin/../lib/gcc/nios2-elf/4.1.2\libgcc.a
                0x02000000                __alt_mem_sdram_0 = 0x2000000
                0x04001800                __alt_mem_epcs_flash_controller_0 = 0x4001800

.entry          0x04001800        0x0
 *(.entry)
 .entry         0x04001800        0x0 ../V3_SELFTEST_UCOS_bsp//obj/HAL/src/crt0.o
                0x04001800                __reset

.exceptions     0x02000020      0x168
                0x02000020                PROVIDE (__ram_exceptions_start, ABSOLUTE (.))
                0x02000020                . = ALIGN (0x20)
 *(.irq)
 *(.exceptions.entry.label)
 .exceptions.entry.label
                0x02000020        0x0 ../V3_SELFTEST_UCOS_bsp/\libucosii_bsp.a(alt_irq_entry.o)
                0x02000020                alt_irq_entry
 .exceptions.entry.label
                0x02000020        0x0 ../V3_SELFTEST_UCOS_bsp/\libucosii_bsp.a(alt_exception_entry.o)
                0x02000020                alt_exception
 *(.exceptions.entry.user)
 *(.exceptions.entry)
 .exceptions.entry
                0x02000020       0x54 ../V3_SELFTEST_UCOS_bsp/\libucosii_bsp.a(alt_exception_entry.o)
 *(.exceptions.irqtest.user)
 *(.exceptions.irqtest)
 .exceptions.irqtest
                0x02000074       0x10 ../V3_SELFTEST_UCOS_bsp/\libucosii_bsp.a(alt_irq_entry.o)
 *(.exceptions.irqhandler.user)
 *(.exceptions.irqhandler)
 .exceptions.irqhandler
                0x02000084        0x4 ../V3_SELFTEST_UCOS_bsp/\libucosii_bsp.a(alt_irq_entry.o)
 *(.exceptions.irqreturn.user)
 *(.exceptions.irqreturn)
 .exceptions.irqreturn
                0x02000088        0x4 ../V3_SELFTEST_UCOS_bsp/\libucosii_bsp.a(alt_irq_entry.o)
 *(.exceptions.notirq.label)
 .exceptions.notirq.label
                0x0200008c        0x0 ../V3_SELFTEST_UCOS_bsp/\libucosii_bsp.a(alt_irq_entry.o)
 *(.exceptions.notirq.user)
 *(.exceptions.notirq)
 .exceptions.notirq
                0x0200008c        0x8 ../V3_SELFTEST_UCOS_bsp/\libucosii_bsp.a(alt_exception_entry.o)
 *(.exceptions.soft.user)
 *(.exceptions.soft)
 *(.exceptions.unknown.user)
 *(.exceptions.unknown)
 .exceptions.unknown
                0x02000094        0x4 ../V3_SELFTEST_UCOS_bsp/\libucosii_bsp.a(alt_exception_entry.o)
 *(.exceptions.exit.label)
 .exceptions.exit.label
                0x02000098        0x0 ../V3_SELFTEST_UCOS_bsp/\libucosii_bsp.a(alt_irq_entry.o)
 .exceptions.exit.label
                0x02000098        0x0 ../V3_SELFTEST_UCOS_bsp/\libucosii_bsp.a(alt_exception_entry.o)
 *(.exceptions.exit.user)
 *(.exceptions.exit)
 .exceptions.exit
                0x02000098       0x54 ../V3_SELFTEST_UCOS_bsp/\libucosii_bsp.a(alt_exception_entry.o)
 *(.exceptions)
 .exceptions    0x020000ec       0x9c ../V3_SELFTEST_UCOS_bsp/\libucosii_bsp.a(alt_irq_handler.o)
                0x020000ec                alt_irq_handler
                0x02000188                PROVIDE (__ram_exceptions_end, ABSOLUTE (.))
                0x02000020                PROVIDE (__flash_exceptions_start, LOADADDR (.exceptions))

.text           0x02000188    0x2a0a4
                0x02000188                PROVIDE (stext, ABSOLUTE (.))
 *(.interp)
 *(.hash)
 *(.dynsym)
 *(.dynstr)
 *(.gnu.version)
 *(.gnu.version_d)
 *(.gnu.version_r)
 *(.rel.init)
 *(.rela.init)
 *(.rel.text .rel.text.* .rel.gnu.linkonce.t.*)
 *(.rela.text .rela.text.* .rela.gnu.linkonce.t.*)
 *(.rel.fini)
 *(.rela.fini)
 *(.rel.rodata .rel.rodata.* .rel.gnu.linkonce.r.*)
 *(.rela.rodata .rela.rodata.* .rela.gnu.linkonce.r.*)
 *(.rel.data .rel.data.* .rel.gnu.linkonce.d.*)
 *(.rela.data .rela.data.* .rela.gnu.linkonce.d.*)
 *(.rel.tdata .rel.tdata.* .rel.gnu.linkonce.td.*)
 *(.rela.tdata .rela.tdata.* .rela.gnu.linkonce.td.*)
 *(.rel.tbss .rel.tbss.* .rel.gnu.linkonce.tb.*)
 *(.rela.tbss .rela.tbss.* .rela.gnu.linkonce.tb.*)
 *(.rel.ctors)
 *(.rela.ctors)
 *(.rel.dtors)
 *(.rela.dtors)
 *(.rel.got)
 *(.rela.got)
 *(.rel.sdata .rel.sdata.* .rel.gnu.linkonce.s.*)
 *(.rela.sdata .rela.sdata.* .rela.gnu.linkonce.s.*)
 *(.rel.sbss .rel.sbss.* .rel.gnu.linkonce.sb.*)
 *(.rela.sbss .rela.sbss.* .rela.gnu.linkonce.sb.*)
 *(.rel.sdata2 .rel.sdata2.* .rel.gnu.linkonce.s2.*)
 *(.rela.sdata2 .rela.sdata2.* .rela.gnu.linkonce.s2.*)
 *(.rel.sbss2 .rel.sbss2.* .rel.gnu.linkonce.sb2.*)
 *(.rela.sbss2 .rela.sbss2.* .rela.gnu.linkonce.sb2.*)
 *(.rel.bss .rel.bss.* .rel.gnu.linkonce.b.*)
 *(.rela.bss .rela.bss.* .rela.gnu.linkonce.b.*)
 *(.rel.plt)
 *(.rela.plt)
 *(.rel.dyn)
 *(.init)
 *(.plt)
 *(.text .stub .text.* .gnu.linkonce.t.*)
 .text          0x02000188       0x48 ../V3_SELFTEST_UCOS_bsp//obj/HAL/src/crt0.o
                0x02000188                _start
 .text          0x020001d0      0x320 obj/default/hello_ucosii.o
                0x020001d0                Address_Set
                0x02000228                Dis_pic
                0x020002dc                main
 .text          0x020004f0        0x4 obj/default/src/Ethernet/Main.o
                0x020004f0                delay_ETH_us
 .text          0x020004f4      0x8b4 obj/default/src/Ethernet/WebServer.o
                0x020004f4                analyse_get_url
                0x02000568                verify_password
                0x02000594                print_webpage
                0x02000694                moved_perm
                0x02000718                WebServer_main
 .text          0x02000da8     0x2b80 obj/default/src/Ethernet/enc28j60.o
                0x02000da8                _delay_us
                0x02000dac                delay_ETH_ms
                0x02000db0                SPI_data_w
                0x02000e94                SPI_data_r
                0x02000f58                enc28j60ReadOp
                0x0200118c                enc28j60WriteBuffer
                0x02001360                enc28j60ReadBuffer
                0x0200153c                enc28j60WriteOp
                0x020016ec                enc28j60getrev
                0x02001748                enc28j60SetBank
                0x02001a50                enc28j60Write
                0x02001eb0                enc28j60PacketReceive
                0x02002310                enc28j60PacketSend
                0x02002928                enc28j60clkout
                0x02002934                enc28j60PhyWrite
                0x020029c4                enc28j60Init
                0x02003288                enc28j60Read
                0x020035ac                enc28j60PhyReadH
                0x02003904                enc28j60linkup
 .text          0x02003928        0x0 obj/default/src/Ethernet/fpga_io.o
 .text          0x02003928     0x1750 obj/default/src/Ethernet/ip_arp_udp_tcp.o
                0x02003928                checksum
                0x020039bc                init_ip_arp_udp_tcp
                0x02003a1c                eth_type_is_arp_and_my_ip
                0x02003a80                eth_type_is_ip_and_my_ip
                0x02003aec                make_eth
                0x02003b84                make_tcphead
                0x02003cac                get_tcp_data_pointer
                0x02003ccc                init_len_info
                0x02003d18                fill_tcp_data_p
                0x02003d48                fill_tcp_data
                0x02003d74                make_arp_answer_from_request
                0x02003f58                fill_ip_hdr_checksum
                0x0200404c                make_tcp_ack_with_data
                0x020041f0                make_ip
                0x02004328                make_udp_reply_from_request
                0x0200460c                make_echo_reply_from_request
                0x020047dc                make_tcp_synack_from_syn
                0x02004c08                make_tcp_ack_from_any
 .text          0x02005078      0x86c obj/default/src/I2C/i2c_test.o
                0x02005078                I2CReceiveByte
                0x02005120                I2CSendByte
                0x020051dc                SendNotAck
                0x02005248                SendAck
                0x020052b4                I2CStop
                0x0200532c                WaitAck
                0x020053e8                I2CStart
                0x02005458                Write_to_i2c
                0x02005570                Read_from_i2c
                0x02005660                delay_us
                0x02005668                i2c_main
 .text          0x020058e4      0xa84 obj/default/src/SD_SDHC/Sdcard.o
                0x02005aa0                sdcard_write_sector
                0x02005c0c                sdcard_read_sector
                0x02005d04                sdcard_sector_count
                0x02005e7c                sdcard_init
                0x020061dc                sd_main
 .text          0x02006368     0x1064 obj/default/src/SD_SDHC/Sdcard_hw.o
                0x02006368                sdcard_write
                0x020063e0                sdcard_io_init
                0x020063f4                sdcard_read
                0x020064e4                sdcard_assert
                0x0200664c                sdcard_deassert
                0x020066e4                sdcard_block_write
                0x02006df0                sdcard_block_read
 .text          0x020073cc      0x53c obj/default/src/SD_SDHC/device.o
                0x020073cc                SdWriteSector
                0x02007400                SdReadSector
                0x02007434                InitFileSystem
 .text          0x02007908      0x6dc obj/default/src/SD_SDHC/fat.o
                0x02007908                FirstSectorofCluster
                0x02007928                ThisFatSecNum
                0x02007950                ThisFatEntOffset
                0x0200797c                GetFreeCusterNum
                0x02007b24                CreateClusterLink
                0x02007c40                DeleteClusterLink
                0x02007d88                GetNextClusterNum
                0x02007e5c                GoToPointer
 .text          0x02007fe4      0x7e4 obj/default/src/SD_SDHC/fat32.o
                0x02007fe4                FirstSectorofCluster32
                0x02008004                ThisFatSecNum32
                0x02008040                ThisFatEntOffset32
                0x0200808c                GetFreeCusterNum32
                0x02008270                CreateClusterLink32
                0x0200839c                DeleteClusterLink32
                0x02008534                GetNextClusterNum32
                0x02008630                GoToPointer32
 .text          0x020087c8     0x1b2c obj/default/src/SD_SDHC/hal.o
                0x020087c8                ComSendByte
                0x020087cc                LSwapINT16
                0x020087e0                LSwapINT32
                0x02008808                DelayMs
                0x02008814                SdWrite
                0x0200888c                SdRead
                0x0200897c                IO_test
                0x020089e8                SdResponse
                0x02008b08                SdCommand
                0x02008dd4                SdReadBlock
                0x02009510                SdWriteBlock
                0x02009e24                SdInit
 .text          0x0200a2f4     0x2ad0 obj/default/src/SD_SDHC/hpi.o
                0x0200a2f4                UpRootDir
                0x0200a320                GetCapacity
                0x0200a460                UpDir
                0x0200a53c                DownDir
                0x0200a868                ReadFile
                0x0200aa80                List
                0x0200b020                CreateDir
                0x0200b674                CreateFile
                0x0200bc00                WriteFile
                0x0200c030                RemoveFile
                0x0200c468                SetFilePointer
                0x0200c4d0                OpenFile
                0x0200c898                UartSendRsp
                0x0200c920                UartHandler
 .text          0x0200cdc4     0x2054 obj/default/src/SD_SDHC/hpi32.o
                0x0200cdc4                UpRootDir32
                0x0200cdfc                GetCapacity32
                0x0200cf4c                UpDir32
                0x0200d050                DownDir32
                0x0200d258                ReadFile32
                0x0200d478                OpenFile32
                0x0200d6f0                CreateDir32
                0x0200dbac                WriteFile32
                0x0200def0                CreateFile32
                0x0200e2c8                RemoveFile32
                0x0200e530                SetFilePointer32
                0x0200e598                List32
                0x0200e98c                UartHandler32
 .text          0x0200ee18        0x4 obj/default/src/SD_SDHC/isr.o
                0x0200ee18                ISR_COMM
 .text          0x0200ee1c     0x78c4 obj/default/src/USB/Main.o
                0x0200ee1c                mInitSTDIO
                0x0200ee20                CH376SeparatePath
                0x0200ee90                Spi376OutByte
                0x0200eef8                CH376_PORT_INIT
                0x0200ef18                Print_USB_Msg
                0x0200ef4c                mStopIfError
                0x0200ef6c                Query376Interrupt
                0x0200ef80                Spi376InByte
                0x0200f070                delay_USB_us
                0x0200f074                mDelay0_5uS
                0x0200f07c                mDelaymS
                0x0200f0e0                mDelayuS
                0x0200f0e8                xReadCH376Data
                0x0200f1f8                xWriteCH376Data
                0x0200f264                xWriteCH376Cmd
                0x0200f328                CH376ReadBlock
                0x0200f590                CH376GetIntStatus
                0x0200f6b4                CH376Read32bitDat
                0x0200faac                CH376ReadVar8
                0x0200fc58                CH376SetFileName
                0x0200fd8c                CH376WriteVar32
                0x02010008                CH376WriteOfsBlock
                0x020101dc                CH376WriteHostBlock
                0x0201033c                CH376WriteReqBlock
                0x02010524                CH376WriteVar8
                0x0201064c                mInitCH376Host
                0x02010be0                CH376DeviceInit
                0x02010de4                mCh375Interrupt
                0x020113c4                device
                0x02011504                CH376OffUSB
                0x020115ec                CH376EndDirInfo
                0x0201171c                CH376GetDiskStatus
                0x020118c4                Wait376Interrupt
                0x02011ad4                CH376ReadVar32
                0x02011f54                CH376ByteLocate
                0x02012348                CH376SecLocate
                0x0201274c                CH376GetFileSize
                0x02012bc8                CH376ByteWrite
                0x0201303c                CH376DirInfoRead
                0x020132d8                CH376ByteRead
                0x020137c8                CH376SendCmdDatWaitInt
                0x02013a68                CH376SendCmdWaitInt
                0x02013c90                CH376DirInfoSave
                0x02013cb0                CH376DiskMount
                0x02013cd0                CH376DiskConnect
                0x02013d98                CH376DiskReqSense
                0x02013f10                CH376FileClose
                0x020141b0                CH376DirCreate
                0x0201433c                CH376FileCreate
                0x02014480                CH376FileOpen
                0x0201460c                CH376FileErase
                0x02014930                CH376FileOpenDir
                0x02014b88                CH376FileCreatePath
                0x02014fac                CH376FileOpenPath
                0x020151f0                host
                0x020165d4                USB_Test
 .text          0x020166e0      0x1c8 obj/default/src/digital_tube/digital_tube.o
                0x020166e0                Refresh_LED
                0x02016850                Digital_tube_main
 .text          0x020168a8     0x14f8 obj/default/src/hardware/hardware.o
                0x020168a8                Show_PS2
                0x02016f24                Show_IR
                0x02017028                Show_UART
                0x02017078                Show_Time
                0x020170f0                Show_Temp
                0x02017150                Show_ADC
                0x02017200                hardware_test
 .text          0x02017da0      0x378 obj/default/src/hardware/key_ctl.o
                0x02017da0                key_ctl_test
 .text          0x02018118      0x14c obj/default/src/lcd/LCD_Display.o
                0x02018118                Lcd_Show_char_8x16
 .text          0x02018264      0x714 obj/default/src/lcd/LCD_Init.o
                0x02018264                delay_ms
                0x02018298                Send_LcmData
                0x020182e0                Send_LcmCommand
                0x02018328                Address_Window_Start
                0x02018378                Address_Window_Set
                0x02018424                TFT_Clear_Region
                0x02018528                LcmInit
 .text          0x02018978       0x98 c:/altera/12.0/nios2eds/bin/gnu/h-i686-mingw32/bin/../lib/gcc/nios2-elf/4.1.2\libgcc.a(_si_to_sf.o)
                0x02018978                __floatsisf
 .text          0x02018a10       0x54 c:/altera/12.0/nios2eds/bin/gnu/h-i686-mingw32/bin/../lib/gcc/nios2-elf/4.1.2\libgcc.a(_sf_to_df.o)
                0x02018a10                __extendsfdf2
 .text          0x02018a64       0x38 c:/altera/12.0/nios2eds/bin/gnu/h-i686-mingw32/bin/../lib/gcc/nios2-elf/4.1.2\libgcc.a(_make_df.o)
                0x02018a64                __make_dp
 .text          0x02018a9c       0x80 c:/altera/12.0/nios2eds/bin/gnu/h-i686-mingw32/bin/../lib/gcc/nios2-elf/4.1.2\libgcc.a(_clzsi2.o)
                0x02018a9c                __clzsi2
 .text          0x02018b1c      0x160 c:/altera/12.0/nios2eds/bin/gnu/h-i686-mingw32/bin/../lib/gcc/nios2-elf/4.1.2\libgcc.a(_pack_sf.o)
                0x02018b1c                __pack_f
 .text          0x02018c7c       0xc8 c:/altera/12.0/nios2eds/bin/gnu/h-i686-mingw32/bin/../lib/gcc/nios2-elf/4.1.2\libgcc.a(_unpack_sf.o)
                0x02018c7c                __unpack_f
 .text          0x02018d44      0x314 c:/altera/12.0/nios2eds/bin/gnu/h-i686-mingw32/bin/../lib/gcc/nios2-elf/4.1.2\libgcc.a(_pack_df.o)
                0x02018d44                __pack_d
 .text          0x02019058        0x0 c:/altera/12.0/nios2eds/bin/gnu/h-i686-mingw32/bin/../lib/gcc/nios2-elf/4.1.2\libgcc.a(_clz.o)
 .text          0x02019058       0xa0 c:/altera/12.0/nios2eds/bin/gnu/h-i686-mingw32/bin/../lib/gcc/nios2-elf/4.1.2/../../../../nios2-elf/lib\libc.a(lib_a-memcpy.o)
                0x02019058                memcpy
 .text          0x020190f8       0x98 c:/altera/12.0/nios2eds/bin/gnu/h-i686-mingw32/bin/../lib/gcc/nios2-elf/4.1.2/../../../../nios2-elf/lib\libc.a(lib_a-memset.o)
                0x020190f8                memset
 .text          0x02019190       0x78 c:/altera/12.0/nios2eds/bin/gnu/h-i686-mingw32/bin/../lib/gcc/nios2-elf/4.1.2/../../../../nios2-elf/lib\libc.a(lib_a-printf.o)
                0x02019190                printf
                0x020191d4                _printf_r
 .text          0x02019208       0x24 c:/altera/12.0/nios2eds/bin/gnu/h-i686-mingw32/bin/../lib/gcc/nios2-elf/4.1.2/../../../../nios2-elf/lib\libc.a(lib_a-putchar.o)
                0x02019208                putchar
                0x02019224                _putchar_r
 .text          0x0201922c       0xb4 c:/altera/12.0/nios2eds/bin/gnu/h-i686-mingw32/bin/../lib/gcc/nios2-elf/4.1.2/../../../../nios2-elf/lib\libc.a(lib_a-puts.o)
                0x0201922c                _puts_r
                0x020192cc                puts
 .text          0x020192e0       0x94 c:/altera/12.0/nios2eds/bin/gnu/h-i686-mingw32/bin/../lib/gcc/nios2-elf/4.1.2/../../../../nios2-elf/lib\libc.a(lib_a-rand.o)
                0x020192e0                srand
                0x020192fc                rand
 .text          0x02019374       0xd4 c:/altera/12.0/nios2eds/bin/gnu/h-i686-mingw32/bin/../lib/gcc/nios2-elf/4.1.2/../../../../nios2-elf/lib\libc.a(lib_a-sprintf.o)
                0x02019374                sprintf
                0x020193e8                _sprintf_r
 .text          0x02019448       0x74 c:/altera/12.0/nios2eds/bin/gnu/h-i686-mingw32/bin/../lib/gcc/nios2-elf/4.1.2/../../../../nios2-elf/lib\libc.a(lib_a-strlen.o)
                0x02019448                strlen
 .text          0x020194bc       0xf0 c:/altera/12.0/nios2eds/bin/gnu/h-i686-mingw32/bin/../lib/gcc/nios2-elf/4.1.2/../../../../nios2-elf/lib\libc.a(lib_a-strncmp.o)
                0x020194bc                strncmp
 .text          0x020195ac     0x1f28 c:/altera/12.0/nios2eds/bin/gnu/h-i686-mingw32/bin/../lib/gcc/nios2-elf/4.1.2/../../../../nios2-elf/lib\libc.a(lib_a-vfprintf.o)
                0x02019604                ___vfprintf_internal_r
                0x0201b4b0                __vfprintf_internal
 .text          0x0201b4d4      0x13c c:/altera/12.0/nios2eds/bin/gnu/h-i686-mingw32/bin/../lib/gcc/nios2-elf/4.1.2/../../../../nios2-elf/lib\libc.a(lib_a-wsetup.o)
                0x0201b4d4                __swsetup_r
 .text          0x0201b610     0x17cc c:/altera/12.0/nios2eds/bin/gnu/h-i686-mingw32/bin/../lib/gcc/nios2-elf/4.1.2/../../../../nios2-elf/lib\libc.a(lib_a-dtoa.o)
                0x0201b828                _dtoa_r
 .text          0x0201cddc      0x230 c:/altera/12.0/nios2eds/bin/gnu/h-i686-mingw32/bin/../lib/gcc/nios2-elf/4.1.2/../../../../nios2-elf/lib\libc.a(lib_a-fflush.o)
                0x0201cddc                _fflush_r
                0x0201cfd8                fflush
 .text          0x0201d00c      0x2c0 c:/altera/12.0/nios2eds/bin/gnu/h-i686-mingw32/bin/../lib/gcc/nios2-elf/4.1.2/../../../../nios2-elf/lib\libc.a(lib_a-findfp.o)
                0x0201d064                __sfp_lock_acquire
                0x0201d068                __sfp_lock_release
                0x0201d06c                __sinit_lock_acquire
                0x0201d070                __sinit_lock_release
                0x0201d074                __sinit
                0x0201d128                __fp_unlock_all
                0x0201d140                __fp_lock_all
                0x0201d158                _cleanup_r
                0x0201d164                _cleanup
                0x0201d174                __sfmoreglue
                0x0201d1dc                __sfp
 .text          0x0201d2cc      0x440 c:/altera/12.0/nios2eds/bin/gnu/h-i686-mingw32/bin/../lib/gcc/nios2-elf/4.1.2/../../../../nios2-elf/lib\libc.a(lib_a-freer.o)
                0x0201d2cc                _malloc_trim_r
                0x0201d3f8                _free_r
 .text          0x0201d70c      0x49c c:/altera/12.0/nios2eds/bin/gnu/h-i686-mingw32/bin/../lib/gcc/nios2-elf/4.1.2/../../../../nios2-elf/lib\libc.a(lib_a-fvwrite.o)
                0x0201d70c                __sfvwrite_r
 .text          0x0201dba8      0x180 c:/altera/12.0/nios2eds/bin/gnu/h-i686-mingw32/bin/../lib/gcc/nios2-elf/4.1.2/../../../../nios2-elf/lib\libc.a(lib_a-fwalk.o)
                0x0201dba8                _fwalk_reent
                0x0201dc70                _fwalk
 .text          0x0201dd28        0x0 c:/altera/12.0/nios2eds/bin/gnu/h-i686-mingw32/bin/../lib/gcc/nios2-elf/4.1.2/../../../../nios2-elf/lib\libc.a(lib_a-impure.o)
 .text          0x0201dd28       0xc4 c:/altera/12.0/nios2eds/bin/gnu/h-i686-mingw32/bin/../lib/gcc/nios2-elf/4.1.2/../../../../nios2-elf/lib\libc.a(lib_a-locale.o)
                0x0201dd28                __locale_charset
                0x0201dd30                _localeconv_r
                0x0201dd3c                localeconv
                0x0201dd4c                _setlocale_r
                0x0201ddd0                setlocale
 .text          0x0201ddec      0x194 c:/altera/12.0/nios2eds/bin/gnu/h-i686-mingw32/bin/../lib/gcc/nios2-elf/4.1.2/../../../../nios2-elf/lib\libc.a(lib_a-makebuf.o)
                0x0201ddec                __smakebuf_r
 .text          0x0201df80      0x740 c:/altera/12.0/nios2eds/bin/gnu/h-i686-mingw32/bin/../lib/gcc/nios2-elf/4.1.2/../../../../nios2-elf/lib\libc.a(lib_a-mallocr.o)
                0x0201df80                _malloc_r
 .text          0x0201e6c0       0xe4 c:/altera/12.0/nios2eds/bin/gnu/h-i686-mingw32/bin/../lib/gcc/nios2-elf/4.1.2/../../../../nios2-elf/lib\libc.a(lib_a-memchr.o)
                0x0201e6c0                memchr
 .text          0x0201e7a4       0xe0 c:/altera/12.0/nios2eds/bin/gnu/h-i686-mingw32/bin/../lib/gcc/nios2-elf/4.1.2/../../../../nios2-elf/lib\libc.a(lib_a-memmove.o)
                0x0201e7a4                memmove
 .text          0x0201e884      0xff4 c:/altera/12.0/nios2eds/bin/gnu/h-i686-mingw32/bin/../lib/gcc/nios2-elf/4.1.2/../../../../nios2-elf/lib\libc.a(lib_a-mprec.o)
                0x0201e884                _Bfree
                0x0201e8ac                __hi0bits
                0x0201e91c                __lo0bits
                0x0201e9e0                __mcmp
                0x0201ea40                __ulp
                0x0201eac0                __b2d
                0x0201ebe0                __ratio
                0x0201ec90                _mprec_log10
                0x0201ed24                __copybits
                0x0201ed7c                __any_on
                0x0201ee04                _Balloc
                0x0201eec0                __d2b
                0x0201f03c                __mdiff
                0x0201f1c8                __lshift
                0x0201f314                __multiply
                0x0201f4fc                __i2b
                0x0201f538                __multadd
                0x0201f638                __pow5mult
                0x0201f758                __s2b
 .text          0x0201f878      0x1ec c:/altera/12.0/nios2eds/bin/gnu/h-i686-mingw32/bin/../lib/gcc/nios2-elf/4.1.2/../../../../nios2-elf/lib\libc.a(lib_a-putc.o)
                0x0201f878                putc
                0x0201f97c                _putc_r
 .text          0x0201fa64      0x5f4 c:/altera/12.0/nios2eds/bin/gnu/h-i686-mingw32/bin/../lib/gcc/nios2-elf/4.1.2/../../../../nios2-elf/lib\libc.a(lib_a-reallocr.o)
                0x0201fa64                _realloc_r
 .text          0x02020058       0x40 c:/altera/12.0/nios2eds/bin/gnu/h-i686-mingw32/bin/../lib/gcc/nios2-elf/4.1.2/../../../../nios2-elf/lib\libc.a(lib_a-s_isinfd.o)
                0x02020058                __isinfd
 .text          0x02020098       0x30 c:/altera/12.0/nios2eds/bin/gnu/h-i686-mingw32/bin/../lib/gcc/nios2-elf/4.1.2/../../../../nios2-elf/lib\libc.a(lib_a-s_isnand.o)
                0x02020098                __isnand
 .text          0x020200c8       0x70 c:/altera/12.0/nios2eds/bin/gnu/h-i686-mingw32/bin/../lib/gcc/nios2-elf/4.1.2/../../../../nios2-elf/lib\libc.a(lib_a-sbrkr.o)
                0x020200c8                _sbrk_r
 .text          0x02020138      0x14c c:/altera/12.0/nios2eds/bin/gnu/h-i686-mingw32/bin/../lib/gcc/nios2-elf/4.1.2/../../../../nios2-elf/lib\libc.a(lib_a-stdio.o)
                0x02020138                __sclose
                0x02020140                __sseek
                0x020201a8                __swrite
                0x02020224                __sread
 .text          0x02020284       0xbc c:/altera/12.0/nios2eds/bin/gnu/h-i686-mingw32/bin/../lib/gcc/nios2-elf/4.1.2/../../../../nios2-elf/lib\libc.a(lib_a-strcmp.o)
                0x02020284                strcmp
 .text          0x02020340      0x14c c:/altera/12.0/nios2eds/bin/gnu/h-i686-mingw32/bin/../lib/gcc/nios2-elf/4.1.2/../../../../nios2-elf/lib\libc.a(lib_a-wbuf.o)
                0x02020340                __swbuf_r
                0x02020470                __swbuf
 .text          0x0202048c       0x78 c:/altera/12.0/nios2eds/bin/gnu/h-i686-mingw32/bin/../lib/gcc/nios2-elf/4.1.2/../../../../nios2-elf/lib\libc.a(lib_a-writer.o)
                0x0202048c                _write_r
 .text          0x02020504       0xb4 c:/altera/12.0/nios2eds/bin/gnu/h-i686-mingw32/bin/../lib/gcc/nios2-elf/4.1.2/../../../../nios2-elf/lib\libc.a(lib_a-callocr.o)
                0x02020504                _calloc_r
 .text          0x020205b8       0x70 c:/altera/12.0/nios2eds/bin/gnu/h-i686-mingw32/bin/../lib/gcc/nios2-elf/4.1.2/../../../../nios2-elf/lib\libc.a(lib_a-closer.o)
                0x020205b8                _close_r
 .text          0x02020628      0x124 c:/altera/12.0/nios2eds/bin/gnu/h-i686-mingw32/bin/../lib/gcc/nios2-elf/4.1.2/../../../../nios2-elf/lib\libc.a(lib_a-fclose.o)
                0x02020628                _fclose_r
                0x02020738                fclose
 .text          0x0202074c       0x74 c:/altera/12.0/nios2eds/bin/gnu/h-i686-mingw32/bin/../lib/gcc/nios2-elf/4.1.2/../../../../nios2-elf/lib\libc.a(lib_a-fstatr.o)
                0x0202074c                _fstat_r
 .text          0x020207c0        0x0 c:/altera/12.0/nios2eds/bin/gnu/h-i686-mingw32/bin/../lib/gcc/nios2-elf/4.1.2/../../../../nios2-elf/lib\libc.a(lib_a-int_errno.o)
 .text          0x020207c0       0x70 c:/altera/12.0/nios2eds/bin/gnu/h-i686-mingw32/bin/../lib/gcc/nios2-elf/4.1.2/../../../../nios2-elf/lib\libc.a(lib_a-isattyr.o)
                0x020207c0                _isatty_r
 .text          0x02020830       0x78 c:/altera/12.0/nios2eds/bin/gnu/h-i686-mingw32/bin/../lib/gcc/nios2-elf/4.1.2/../../../../nios2-elf/lib\libc.a(lib_a-lseekr.o)
                0x02020830                _lseek_r
 .text          0x020208a8       0x78 c:/altera/12.0/nios2eds/bin/gnu/h-i686-mingw32/bin/../lib/gcc/nios2-elf/4.1.2/../../../../nios2-elf/lib\libc.a(lib_a-readr.o)
                0x020208a8                _read_r
 .text          0x02020920       0x98 c:/altera/12.0/nios2eds/bin/gnu/h-i686-mingw32/bin/../lib/gcc/nios2-elf/4.1.2\libgcc.a(_muldi3.o)
                0x02020920                __muldi3
 .text          0x020209b8      0x5dc c:/altera/12.0/nios2eds/bin/gnu/h-i686-mingw32/bin/../lib/gcc/nios2-elf/4.1.2\libgcc.a(_udivdi3.o)
                0x020209b8                __udivdi3
 .text          0x02020f94      0x5b0 c:/altera/12.0/nios2eds/bin/gnu/h-i686-mingw32/bin/../lib/gcc/nios2-elf/4.1.2\libgcc.a(_umoddi3.o)
                0x02020f94                __umoddi3
 .text          0x02021544      0x504 c:/altera/12.0/nios2eds/bin/gnu/h-i686-mingw32/bin/../lib/gcc/nios2-elf/4.1.2\libgcc.a(_addsub_df.o)
                0x02021954                __subdf3
                0x020219d4                __adddf3
 .text          0x02021a48      0x3c4 c:/altera/12.0/nios2eds/bin/gnu/h-i686-mingw32/bin/../lib/gcc/nios2-elf/4.1.2\libgcc.a(_mul_df.o)
                0x02021a48                __muldf3
 .text          0x02021e0c      0x258 c:/altera/12.0/nios2eds/bin/gnu/h-i686-mingw32/bin/../lib/gcc/nios2-elf/4.1.2\libgcc.a(_div_df.o)
                0x02021e0c                __divdf3
 .text          0x02022064       0x88 c:/altera/12.0/nios2eds/bin/gnu/h-i686-mingw32/bin/../lib/gcc/nios2-elf/4.1.2\libgcc.a(_eq_df.o)
                0x02022064                __eqdf2
 .text          0x020220ec       0x88 c:/altera/12.0/nios2eds/bin/gnu/h-i686-mingw32/bin/../lib/gcc/nios2-elf/4.1.2\libgcc.a(_ne_df.o)
                0x020220ec                __nedf2
 .text          0x02022174       0x88 c:/altera/12.0/nios2eds/bin/gnu/h-i686-mingw32/bin/../lib/gcc/nios2-elf/4.1.2\libgcc.a(_gt_df.o)
                0x02022174                __gtdf2
 .text          0x020221fc       0x88 c:/altera/12.0/nios2eds/bin/gnu/h-i686-mingw32/bin/../lib/gcc/nios2-elf/4.1.2\libgcc.a(_ge_df.o)
                0x020221fc                __gedf2
 .text          0x02022284       0x88 c:/altera/12.0/nios2eds/bin/gnu/h-i686-mingw32/bin/../lib/gcc/nios2-elf/4.1.2\libgcc.a(_lt_df.o)
                0x02022284                __ltdf2
 .text          0x0202230c       0xf8 c:/altera/12.0/nios2eds/bin/gnu/h-i686-mingw32/bin/../lib/gcc/nios2-elf/4.1.2\libgcc.a(_si_to_df.o)
                0x0202230c                __floatsidf
 .text          0x02022404       0xd8 c:/altera/12.0/nios2eds/bin/gnu/h-i686-mingw32/bin/../lib/gcc/nios2-elf/4.1.2\libgcc.a(_df_to_si.o)
                0x02022404                __fixdfsi
 .text          0x020224dc        0x0 c:/altera/12.0/nios2eds/bin/gnu/h-i686-mingw32/bin/../lib/gcc/nios2-elf/4.1.2\libgcc.a(_thenan_df.o)
 .text          0x020224dc      0x194 c:/altera/12.0/nios2eds/bin/gnu/h-i686-mingw32/bin/../lib/gcc/nios2-elf/4.1.2\libgcc.a(_usi_to_df.o)
                0x020224dc                __floatunsidf
 .text          0x02022670      0x14c c:/altera/12.0/nios2eds/bin/gnu/h-i686-mingw32/bin/../lib/gcc/nios2-elf/4.1.2\libgcc.a(lib2-divmod.o)
                0x020226ec                __divsi3
                0x0202274c                __modsi3
                0x020227ac                __udivsi3
                0x020227b4                __umodsi3
 .text          0x020227bc      0x138 c:/altera/12.0/nios2eds/bin/gnu/h-i686-mingw32/bin/../lib/gcc/nios2-elf/4.1.2\libgcc.a(_unpack_df.o)
                0x020227bc                __unpack_d
 .text          0x020228f4       0xc8 c:/altera/12.0/nios2eds/bin/gnu/h-i686-mingw32/bin/../lib/gcc/nios2-elf/4.1.2\libgcc.a(_fpcmp_parts_df.o)
                0x020228f4                __fpcmp_parts_d
 .text          0x020229bc       0xf0 ../V3_SELFTEST_UCOS_bsp/\libucosii_bsp.a(alt_close.o)
                0x020229bc                close
 .text          0x02022aac        0x8 ../V3_SELFTEST_UCOS_bsp/\libucosii_bsp.a(alt_dev.o)
 .text          0x02022ab4        0x0 ../V3_SELFTEST_UCOS_bsp/\libucosii_bsp.a(alt_errno.o)
 .text          0x02022ab4       0x90 ../V3_SELFTEST_UCOS_bsp/\libucosii_bsp.a(alt_fstat.o)
                0x02022ab4                fstat
 .text          0x02022b44       0x84 ../V3_SELFTEST_UCOS_bsp/\libucosii_bsp.a(alt_isatty.o)
                0x02022b44                isatty
 .text          0x02022bc8       0x9c ../V3_SELFTEST_UCOS_bsp/\libucosii_bsp.a(alt_lseek.o)
                0x02022bc8                lseek
 .text          0x02022c64       0x98 ../V3_SELFTEST_UCOS_bsp/\libucosii_bsp.a(alt_main.o)
                0x02022c64                alt_main
 .text          0x02022cfc      0x11c ../V3_SELFTEST_UCOS_bsp/\libucosii_bsp.a(alt_read.o)
                0x02022cfc                read
 .text          0x02022e18       0x24 ../V3_SELFTEST_UCOS_bsp/\libucosii_bsp.a(alt_release_fd.o)
                0x02022e18                alt_release_fd
 .text          0x02022e3c       0x54 ../V3_SELFTEST_UCOS_bsp/\libucosii_bsp.a(alt_sbrk.o)
                0x02022e3c                sbrk
 .text          0x02022e90      0x128 ../V3_SELFTEST_UCOS_bsp/\libucosii_bsp.a(alt_usleep.o)
                0x02022e90                usleep
 .text          0x02022fb8      0x118 ../V3_SELFTEST_UCOS_bsp/\libucosii_bsp.a(alt_write.o)
                0x02022fb8                write
 .text          0x020230d0       0xb8 ../V3_SELFTEST_UCOS_bsp/\libucosii_bsp.a(alt_env_lock.o)
                0x020230d0                __env_unlock
                0x020230f8                __env_lock
 .text          0x02023188      0x128 ../V3_SELFTEST_UCOS_bsp/\libucosii_bsp.a(alt_malloc_lock.o)
                0x02023188                __malloc_unlock
                0x020231e8                __malloc_lock
 .text          0x020232b0     0x15e4 ../V3_SELFTEST_UCOS_bsp/\libucosii_bsp.a(os_core.o)
                0x020232b0                OSVersion
                0x020232b8                OS_Dummy
                0x020232bc                OS_EventTaskWait
                0x02023340                OS_EventTaskWaitMulti
                0x020233e8                OS_EventTaskRemove
                0x02023438                OS_EventTaskRemoveMulti
                0x02023498                OS_EventWaitListInit
                0x020234b4                OS_MemClr
                0x020234d4                OS_MemCopy
                0x020234fc                OS_StrCopy
                0x02023530                OS_StrLen
                0x02023554                OS_TaskStatStkChk
                0x020235e8                OS_Sched
                0x020236a0                OSStart
                0x0202370c                OSInit
                0x0202398c                OSIntEnter
                0x020239cc                OSSchedLock
                0x02023a14                OSStatInit
                0x02023a78                OSTimeTick
                0x02023b8c                OS_TaskIdle
                0x02023bc0                OS_TCBInit
                0x02023d5c                OSIntExit
                0x02023e48                OSEventNameGet
                0x02023f20                OSEventNameSet
                0x02023ff0                OS_EventTaskRdy
                0x02024144                OS_TaskStat
                0x0202423c                OSEventPendMulti
                0x02024794                OSSchedUnlock
 .text          0x02024894        0x4 ../V3_SELFTEST_UCOS_bsp/\libucosii_bsp.a(os_dbg.o)
                0x02024894                OSDebugInit
 .text          0x02024898      0xeb8 ../V3_SELFTEST_UCOS_bsp/\libucosii_bsp.a(os_flag.o)
                0x02024898                OS_FlagUnlink
                0x020248d8                OS_FlagInit
                0x02024948                OSFlagQuery
                0x020249b0                OSFlagAccept
                0x02024b54                OSFlagCreate
                0x02024be4                OSFlagDel
                0x02024e00                OSFlagNameGet
                0x02024f1c                OSFlagNameSet
                0x02025048                OSFlagPendGetFlagsRdy
                0x02025074                OSFlagPend
                0x02025480                OSFlagPost
 .text          0x02025750      0x440 ../V3_SELFTEST_UCOS_bsp/\libucosii_bsp.a(os_mem.o)
                0x02025750                OS_MemInit
                0x020257b8                OSMemQuery
                0x0202581c                OSMemCreate
                0x02025900                OSMemGet
                0x0202596c                OSMemNameGet
                0x02025a40                OSMemNameSet
                0x02025b38                OSMemPut
 .text          0x02025b90      0xb24 ../V3_SELFTEST_UCOS_bsp/\libucosii_bsp.a(os_q.o)
                0x02025b90                OS_QInit
                0x02025be0                OSQQuery
                0x02025c90                OSQAccept
                0x02025d40                OSQCreate
                0x02025e48                OSQDel
                0x02026034                OSQFlush
                0x0202608c                OSQPend
                0x02026250                OSQPendAbort
                0x02026378                OSQPost
                0x02026454                OSQPostFront
                0x02026534                OSQPostOpt
 .text          0x020266b4      0x6f8 ../V3_SELFTEST_UCOS_bsp/\libucosii_bsp.a(os_sem.o)
                0x020266b4                OSSemSet
                0x02026720                OSSemAccept
                0x0202676c                OSSemCreate
                0x0202680c                OSSemDel
                0x020269b0                OSSemPend
                0x02026b58                OSSemPendAbort
                0x02026c84                OSSemPost
                0x02026d38                OSSemQuery
 .text          0x02026dac     0x1008 ../V3_SELFTEST_UCOS_bsp/\libucosii_bsp.a(os_task.o)
                0x02026dac                OS_TaskStkClr
                0x02026ddc                OSTaskQuery
                0x02026ee0                OSTaskChangePrio
                0x020271b8                OSTaskCreate
                0x020272e0                OSTaskDel
                0x02027560                OSTaskDelReq
                0x02027618                OSTaskNameGet
                0x02027764                OSTaskNameSet
                0x020278b4                OSTaskResume
                0x020279cc                OSTaskStkChk
                0x02027ae8                OSTaskSuspend
                0x02027c3c                OSTaskCreateExt
 .text          0x02027db4      0x488 ../V3_SELFTEST_UCOS_bsp/\libucosii_bsp.a(os_time.o)
                0x02027db4                OSTimeSet
                0x02027dd8                OSTimeDly
                0x02027e7c                OSTimeDlyResume
                0x02027f80                OSTimeGet
                0x02027fa4                OSTimeDlyHMSM
 .text          0x0202823c       0x84 ../V3_SELFTEST_UCOS_bsp/\libucosii_bsp.a(alt_sys_init.o)
                0x0202823c                alt_sys_init
                0x020282a0                alt_irq_init
 .text          0x020282c0      0x574 ../V3_SELFTEST_UCOS_bsp/\libucosii_bsp.a(altera_avalon_epcs_flash_controller.o)
                0x020282c0                alt_epcs_flash_get_info
                0x020282f8                alt_epcs_flash_read
                0x02028370                alt_epcs_flash_write_block
                0x02028440                alt_epcs_flash_init
                0x020285ac                alt_epcs_flash_erase_block
                0x0202861c                alt_epcs_flash_write
 .text          0x02028834       0x8c ../V3_SELFTEST_UCOS_bsp/\libucosii_bsp.a(altera_avalon_timer_sc.o)
                0x02028834                alt_avalon_timer_sc_init
 .text          0x020288c0       0x30 ../V3_SELFTEST_UCOS_bsp/\libucosii_bsp.a(altera_avalon_uart_fd.o)
                0x020288c0                altera_avalon_uart_close_fd
                0x020288d0                altera_avalon_uart_write_fd
                0x020288e0                altera_avalon_uart_read_fd
 .text          0x020288f0      0x2b4 ../V3_SELFTEST_UCOS_bsp/\libucosii_bsp.a(altera_avalon_uart_init.o)
                0x020288f0                altera_avalon_uart_close
                0x02028ae4                altera_avalon_uart_init
 .text          0x02028ba4      0x18c ../V3_SELFTEST_UCOS_bsp/\libucosii_bsp.a(altera_avalon_uart_read.o)
                0x02028ba4                altera_avalon_uart_read
 .text          0x02028d30      0x1ac ../V3_SELFTEST_UCOS_bsp/\libucosii_bsp.a(altera_avalon_uart_write.o)
                0x02028d30                altera_avalon_uart_write
 .text          0x02028edc      0x448 ../V3_SELFTEST_UCOS_bsp/\libucosii_bsp.a(epcs_commands.o)
                0x02028edc                epcs_read_device_id
                0x02028f2c                epcs_read_electronic_signature
                0x02028f80                epcs_write_enable
                0x02028fb8                epcs_sector_erase
                0x02029068                epcs_read_status_register
                0x020290b0                epcs_write_status_register
                0x0202914c                epcs_read_buffer
                0x02029218                epcs_write_buffer
 .text          0x02029324       0x68 ../V3_SELFTEST_UCOS_bsp/\libucosii_bsp.a(alt_busy_sleep.o)
                0x02029324                alt_busy_sleep
 .text          0x0202938c       0x7c ../V3_SELFTEST_UCOS_bsp/\libucosii_bsp.a(alt_dev_llist_insert.o)
                0x0202938c                alt_dev_llist_insert
 .text          0x02029408       0x60 ../V3_SELFTEST_UCOS_bsp/\libucosii_bsp.a(alt_flash_dev.o)
                0x02029408                alt_flash_close_dev
                0x0202941c                alt_flash_open_dev
 .text          0x02029468       0x9c ../V3_SELFTEST_UCOS_bsp/\libucosii_bsp.a(alt_iic.o)
                0x02029468                alt_ic_irq_enabled
                0x02029480                alt_ic_irq_enable
                0x020294c0                alt_ic_irq_disable
                0x02029500                alt_ic_isr_register
 .text          0x02029504       0x88 ../V3_SELFTEST_UCOS_bsp/\libucosii_bsp.a(alt_iic_isr_register.o)
                0x02029504                alt_iic_isr_register
 .text          0x0202958c      0x104 ../V3_SELFTEST_UCOS_bsp/\libucosii_bsp.a(alt_io_redirect.o)
                0x0202958c                alt_io_redirect
 .text          0x02029690        0x0 ../V3_SELFTEST_UCOS_bsp/\libucosii_bsp.a(alt_irq_entry.o)
 .text          0x02029690        0x0 ../V3_SELFTEST_UCOS_bsp/\libucosii_bsp.a(alt_irq_handler.o)
 .text          0x02029690        0x0 ../V3_SELFTEST_UCOS_bsp/\libucosii_bsp.a(alt_irq_vars.o)
 .text          0x02029690      0x180 ../V3_SELFTEST_UCOS_bsp/\libucosii_bsp.a(alt_open.o)
                0x02029690                open
 .text          0x02029810      0x11c ../V3_SELFTEST_UCOS_bsp/\libucosii_bsp.a(alt_tick.o)
                0x02029810                alt_alarm_stop
                0x02029844                alt_tick
 .text          0x0202992c        0x8 ../V3_SELFTEST_UCOS_bsp/\libucosii_bsp.a(altera_nios2_irq.o)
                0x0202992c                altera_nios2_irq_init
 .text          0x02029934       0xd0 ../V3_SELFTEST_UCOS_bsp/\libucosii_bsp.a(os_cpu_a.o)
                0x02029934                OSCtxSw
                0x02029934                OSIntCtxSw
                0x020299c0                OSStartHighRdy
                0x020299e0                OSStartTsk
 .text          0x02029a04      0x1f0 ../V3_SELFTEST_UCOS_bsp/\libucosii_bsp.a(os_cpu_c.o)
                0x02029a04                OSTaskCreateHook
                0x02029a08                OSTaskDelHook
                0x02029a0c                OSTaskSwHook
                0x02029a10                OSTaskStatHook
                0x02029a14                OSTimeTickHook
                0x02029a18                OSInitHookBegin
                0x02029a1c                OSInitHookEnd
                0x02029a20                OSTaskIdleHook
                0x02029a24                OSTCBInitHook
                0x02029a28                OSTaskStkInit
 .text          0x02029bf4      0x124 ../V3_SELFTEST_UCOS_bsp/\libucosii_bsp.a(altera_avalon_spi.o)
                0x02029bf4                alt_avalon_spi_command
 .text          0x02029d18        0x0 ../V3_SELFTEST_UCOS_bsp/\libucosii_bsp.a(alt_exception_entry.o)
 .text          0x02029d18       0x94 ../V3_SELFTEST_UCOS_bsp/\libucosii_bsp.a(alt_find_dev.o)
                0x02029d18                alt_find_dev
 .text          0x02029dac       0xb0 ../V3_SELFTEST_UCOS_bsp/\libucosii_bsp.a(alt_find_file.o)
                0x02029dac                alt_find_file
 .text          0x02029e5c       0xe0 ../V3_SELFTEST_UCOS_bsp/\libucosii_bsp.a(alt_get_fd.o)
                0x02029e5c                alt_get_fd
 .text          0x02029f3c       0x38 c:/altera/12.0/nios2eds/bin/gnu/h-i686-mingw32/bin/../lib/gcc/nios2-elf/4.1.2/../../../../nios2-elf/lib\libc.a(lib_a-exit.o)
                0x02029f3c                exit
 .text          0x02029f74       0x74 c:/altera/12.0/nios2eds/bin/gnu/h-i686-mingw32/bin/../lib/gcc/nios2-elf/4.1.2/../../../../nios2-elf/lib\libc.a(lib_a-memcmp.o)
                0x02029f74                memcmp
 .text          0x02029fe8      0x1b4 c:/altera/12.0/nios2eds/bin/gnu/h-i686-mingw32/bin/../lib/gcc/nios2-elf/4.1.2/../../../../nios2-elf/lib\libc.a(lib_a-__call_atexit.o)
                0x02029fec                __call_exitprocs
 .text          0x0202a19c       0x20 ../V3_SELFTEST_UCOS_bsp/\libucosii_bsp.a(alt_exit.o)
                0x0202a19c                _exit
 *(.gnu.warning.*)
 *(.fini)
                0x0202a1bc                PROVIDE (__etext, ABSOLUTE (.))
                0x0202a1bc                PROVIDE (_etext, ABSOLUTE (.))
                0x0202a1bc                PROVIDE (etext, ABSOLUTE (.))
 *(.eh_frame_hdr)
                0x0202a1bc                . = ALIGN (0x4)
                0x0202a1bc                PROVIDE (__preinit_array_start, ABSOLUTE (.))
 *(.preinit_array)
                0x0202a1bc                PROVIDE (__preinit_array_end, ABSOLUTE (.))
                0x0202a1bc                PROVIDE (__init_array_start, ABSOLUTE (.))
 *(.init_array)
                0x0202a1bc                PROVIDE (__init_array_end, ABSOLUTE (.))
                0x0202a1bc                PROVIDE (__fini_array_start, ABSOLUTE (.))
 *(.fini_array)
                0x0202a1bc                PROVIDE (__fini_array_end, ABSOLUTE (.))
 *(.eh_frame)
 .eh_frame      0x0202a1bc       0x40 c:/altera/12.0/nios2eds/bin/gnu/h-i686-mingw32/bin/../lib/gcc/nios2-elf/4.1.2\libgcc.a(_udivdi3.o)
 .eh_frame      0x0202a1fc       0x2c c:/altera/12.0/nios2eds/bin/gnu/h-i686-mingw32/bin/../lib/gcc/nios2-elf/4.1.2\libgcc.a(_umoddi3.o)
                                 0x40 (size before relaxing)
 *(.gcc_except_table)
 *(.dynamic)
                0x0202a228                PROVIDE (__CTOR_LIST__, ABSOLUTE (.))
 *(.ctors)
 *(SORT(.ctors.*))
 .ctors.65535   0x0202a228        0x4 c:/altera/12.0/nios2eds/bin/gnu/h-i686-mingw32/bin/../lib/gcc/nios2-elf/4.1.2/../../../../nios2-elf/lib\libc.a(lib_a-__call_atexit.o)
                0x0202a22c                PROVIDE (__CTOR_END__, ABSOLUTE (.))
                0x0202a22c                PROVIDE (__DTOR_LIST__, ABSOLUTE (.))
 *(.dtors)
 *(SORT(.dtors.*))
                0x0202a22c                PROVIDE (__DTOR_END__, ABSOLUTE (.))
 *(.jcr)
                0x0202a22c                . = ALIGN (0x4)

.rodata         0x0202a22c    0x26c0c
                0x0202a22c                PROVIDE (__ram_rodata_start, ABSOLUTE (.))
                0x0202a22c                . = ALIGN (0x4)
 *(.rodata .rodata.* .gnu.linkonce.r.*)
 .rodata.str1.4
                0x0202a22c      0x103 obj/default/hello_ucosii.o
                                0x104 (size before relaxing)
 .rodata        0x0202a32f    0x25808 obj/default/hello_ucosii.o
                0x0202a32f                gImage_picture_3
 *fill*         0x0204fb37        0x1 00
 .rodata.str1.4
                0x0204fb38      0x382 obj/default/src/Ethernet/WebServer.o
                                0x384 (size before relaxing)
 *fill*         0x0204feba        0x2 00
 .rodata.str1.4
                0x0204febc      0x15a obj/default/src/I2C/i2c_test.o
                                0x194 (size before relaxing)
 *fill*         0x02050016        0x2 00
 .rodata.str1.4
                0x02050018      0x2e7 obj/default/src/SD_SDHC/Sdcard.o
                                0x2e8 (size before relaxing)
 *fill*         0x020502ff        0x1 00
 .rodata.str1.4
                0x02050300       0x35 obj/default/src/SD_SDHC/Sdcard_hw.o
                                 0x38 (size before relaxing)
 *fill*         0x02050335        0x3 00
 .rodata.str1.4
                0x02050338      0x214 obj/default/src/SD_SDHC/device.o
 .rodata        0x0205054c       0x10 obj/default/src/SD_SDHC/device.o
 .rodata.str1.4
                0x0205055c       0xb2 obj/default/src/SD_SDHC/hal.o
                                 0xb4 (size before relaxing)
 *fill*         0x0205060e        0x2 00
 .rodata.str1.4
                0x02050610       0x48 obj/default/src/SD_SDHC/hpi.o
 .rodata.str1.4
                0x02050658       0x8b obj/default/src/SD_SDHC/hpi32.o
                                 0x90 (size before relaxing)
 *fill*         0x020506e3        0x1 00
 .rodata.str1.4
                0x020506e4      0x2bf obj/default/src/USB/Main.o
                                0x2c4 (size before relaxing)
 *fill*         0x020509a3        0x1 00
 .rodata        0x020509a4       0x18 obj/default/src/digital_tube/digital_tube.o
                0x020509a4                DIGData
 .rodata.str1.4
                0x020509bc       0x1b obj/default/src/hardware/hardware.o
                                 0x1c (size before relaxing)
 .rodata        0x020509d7      0x100 c:/altera/12.0/nios2eds/bin/gnu/h-i686-mingw32/bin/../lib/gcc/nios2-elf/4.1.2\libgcc.a(_clz.o)
                0x020509d7                __clz_tab
 .rodata.str1.4
                0x00000000       0x1b c:/altera/12.0/nios2eds/bin/gnu/h-i686-mingw32/bin/../lib/gcc/nios2-elf/4.1.2/../../../../nios2-elf/lib\libc.a(lib_a-puts.o)
                                  0x4 (size before relaxing)
 *fill*         0x02050ad7        0x1 00
 .rodata.str1.4
                0x02050ad8       0x5e c:/altera/12.0/nios2eds/bin/gnu/h-i686-mingw32/bin/../lib/gcc/nios2-elf/4.1.2/../../../../nios2-elf/lib\libc.a(lib_a-vfprintf.o)
                                 0x60 (size before relaxing)
 .rodata        0x02050b36       0x20 c:/altera/12.0/nios2eds/bin/gnu/h-i686-mingw32/bin/../lib/gcc/nios2-elf/4.1.2/../../../../nios2-elf/lib\libc.a(lib_a-vfprintf.o)
 *fill*         0x02050b56        0x2 00
 .rodata.str1.4
                0x02050b58       0x10 c:/altera/12.0/nios2eds/bin/gnu/h-i686-mingw32/bin/../lib/gcc/nios2-elf/4.1.2/../../../../nios2-elf/lib\libc.a(lib_a-dtoa.o)
                                 0x14 (size before relaxing)
 .rodata.str1.4
                0x02050b68        0x2 c:/altera/12.0/nios2eds/bin/gnu/h-i686-mingw32/bin/../lib/gcc/nios2-elf/4.1.2/../../../../nios2-elf/lib\libc.a(lib_a-impure.o)
                                  0x4 (size before relaxing)
 *fill*         0x02050b6a        0x2 00
 .rodata.str1.4
                0x02050b6c        0xb c:/altera/12.0/nios2eds/bin/gnu/h-i686-mingw32/bin/../lib/gcc/nios2-elf/4.1.2/../../../../nios2-elf/lib\libc.a(lib_a-locale.o)
                                 0x18 (size before relaxing)
 *fill*         0x02050b77        0x1 00
 .rodata        0x02050b78       0x30 c:/altera/12.0/nios2eds/bin/gnu/h-i686-mingw32/bin/../lib/gcc/nios2-elf/4.1.2/../../../../nios2-elf/lib\libc.a(lib_a-locale.o)
 .rodata        0x02050ba8      0x124 c:/altera/12.0/nios2eds/bin/gnu/h-i686-mingw32/bin/../lib/gcc/nios2-elf/4.1.2/../../../../nios2-elf/lib\libc.a(lib_a-mprec.o)
                0x02050ba8                __mprec_tens
                0x02050c70                __mprec_bigtens
                0x02050c98                __mprec_tinytens
 .rodata        0x02050ccc       0x14 c:/altera/12.0/nios2eds/bin/gnu/h-i686-mingw32/bin/../lib/gcc/nios2-elf/4.1.2\libgcc.a(_thenan_df.o)
                0x02050ccc                __thenan_df
 .rodata.str1.4
                0x02050ce0        0xa ../V3_SELFTEST_UCOS_bsp/\libucosii_bsp.a(alt_dev.o)
                                  0xc (size before relaxing)
 *fill*         0x02050cea        0x2 00
 .rodata.str1.4
                0x02050cec        0xc ../V3_SELFTEST_UCOS_bsp/\libucosii_bsp.a(alt_main.o)
 .rodata.str1.4
                0x02050cf8       0x1e ../V3_SELFTEST_UCOS_bsp/\libucosii_bsp.a(os_core.o)
                                 0x20 (size before relaxing)
 .rodata        0x02050d16      0x100 ../V3_SELFTEST_UCOS_bsp/\libucosii_bsp.a(os_core.o)
                0x02050d16                OSUnMapTbl
 *fill*         0x02050e16        0x2 00
 .rodata.str1.4
                0x02050e18       0x20 ../V3_SELFTEST_UCOS_bsp/\libucosii_bsp.a(alt_sys_init.o)
                                 0x2c (size before relaxing)
 .rodata.str1.4
                0x00000000        0x4 ../V3_SELFTEST_UCOS_bsp/\libucosii_bsp.a(os_cpu_c.o)
 *(.rodata1)
                0x02050e38                . = ALIGN (0x4)
                0x02050e38                PROVIDE (__ram_rodata_end, ABSOLUTE (.))
                0x0202a22c                PROVIDE (__flash_rodata_start, LOADADDR (.rodata))

.rwdata         0x02050e38     0x1e18
                0x02050e38                PROVIDE (__ram_rwdata_start, ABSOLUTE (.))
                0x02050e38                . = ALIGN (0x4)
 *(.got.plt)
 *(.got)
 *(.data1)
 *(.data .data.* .gnu.linkonce.d.*)
 .data          0x02050e38        0x0 ../V3_SELFTEST_UCOS_bsp//obj/HAL/src/crt0.o
 .data          0x02050e38        0x0 obj/default/hello_ucosii.o
 .data          0x02050e38        0x0 obj/default/src/Ethernet/Main.o
 .data          0x02050e38        0xc obj/default/src/Ethernet/WebServer.o
 .data          0x02050e44        0x0 obj/default/src/Ethernet/enc28j60.o
 .data          0x02050e44        0x0 obj/default/src/Ethernet/fpga_io.o
 .data          0x02050e44        0x0 obj/default/src/Ethernet/ip_arp_udp_tcp.o
 .data          0x02050e44        0x0 obj/default/src/I2C/i2c_test.o
 .data          0x02050e44        0x0 obj/default/src/SD_SDHC/Sdcard.o
 .data          0x02050e44        0x0 obj/default/src/SD_SDHC/Sdcard_hw.o
 .data          0x02050e44        0x0 obj/default/src/SD_SDHC/device.o
 .data          0x02050e44        0x0 obj/default/src/SD_SDHC/fat.o
 .data          0x02050e44        0x0 obj/default/src/SD_SDHC/fat32.o
 .data          0x02050e44        0x0 obj/default/src/SD_SDHC/hal.o
 .data          0x02050e44        0x0 obj/default/src/SD_SDHC/hpi.o
 .data          0x02050e44        0x0 obj/default/src/SD_SDHC/hpi32.o
 .data          0x02050e44        0x0 obj/default/src/SD_SDHC/isr.o
 .data          0x02050e44        0x0 obj/default/src/USB/Main.o
 .data          0x02050e44        0x0 obj/default/src/digital_tube/digital_tube.o
 .data          0x02050e44      0x190 obj/default/src/hardware/hardware.o
                0x02050e44                logo_char
                0x02050e70                logo2_char
                0x02050e9c                Temp_char
                0x02050eac                Time_char
                0x02050ebc                ADC_char
                0x02050ecc                IR_char
                0x02050edc                Uart_char
                0x02050eec                PS2_char
                0x02050efc                SD_char
                0x02050f0c                USBH_char
                0x02050f1c                USBS_char
                0x02050f2c                LAN_char
                0x02050f3c                SD_info
                0x02050f58                USBH_info
                0x02050f74                USBS_info
                0x02050f90                LAN_info
                0x02050fac                EEPROM_char_OK
                0x02050fc0                EEPROM_char_ERROR
 .data          0x02050fd4       0x2c obj/default/src/hardware/key_ctl.o
                0x02050fd4                init_char
 .data          0x02051000     0x1010 obj/default/src/lcd/LCD_Display.o
                0x02051000                code_ascii
 .data          0x02052010        0x0 obj/default/src/lcd/LCD_Init.o
 .data          0x02052010        0x0 c:/altera/12.0/nios2eds/bin/gnu/h-i686-mingw32/bin/../lib/gcc/nios2-elf/4.1.2\libgcc.a(_si_to_sf.o)
 .data          0x02052010        0x0 c:/altera/12.0/nios2eds/bin/gnu/h-i686-mingw32/bin/../lib/gcc/nios2-elf/4.1.2\libgcc.a(_sf_to_df.o)
 .data          0x02052010        0x0 c:/altera/12.0/nios2eds/bin/gnu/h-i686-mingw32/bin/../lib/gcc/nios2-elf/4.1.2\libgcc.a(_make_df.o)
 .data          0x02052010        0x0 c:/altera/12.0/nios2eds/bin/gnu/h-i686-mingw32/bin/../lib/gcc/nios2-elf/4.1.2\libgcc.a(_clzsi2.o)
 .data          0x02052010        0x0 c:/altera/12.0/nios2eds/bin/gnu/h-i686-mingw32/bin/../lib/gcc/nios2-elf/4.1.2\libgcc.a(_pack_sf.o)
 .data          0x02052010        0x0 c:/altera/12.0/nios2eds/bin/gnu/h-i686-mingw32/bin/../lib/gcc/nios2-elf/4.1.2\libgcc.a(_unpack_sf.o)
 .data          0x02052010        0x0 c:/altera/12.0/nios2eds/bin/gnu/h-i686-mingw32/bin/../lib/gcc/nios2-elf/4.1.2\libgcc.a(_pack_df.o)
 .data          0x02052010        0x0 c:/altera/12.0/nios2eds/bin/gnu/h-i686-mingw32/bin/../lib/gcc/nios2-elf/4.1.2\libgcc.a(_clz.o)
 .data          0x02052010        0x0 c:/altera/12.0/nios2eds/bin/gnu/h-i686-mingw32/bin/../lib/gcc/nios2-elf/4.1.2/../../../../nios2-elf/lib\libc.a(lib_a-memcpy.o)
 .data          0x02052010        0x0 c:/altera/12.0/nios2eds/bin/gnu/h-i686-mingw32/bin/../lib/gcc/nios2-elf/4.1.2/../../../../nios2-elf/lib\libc.a(lib_a-memset.o)
 .data          0x02052010        0x0 c:/altera/12.0/nios2eds/bin/gnu/h-i686-mingw32/bin/../lib/gcc/nios2-elf/4.1.2/../../../../nios2-elf/lib\libc.a(lib_a-printf.o)
 .data          0x02052010        0x0 c:/altera/12.0/nios2eds/bin/gnu/h-i686-mingw32/bin/../lib/gcc/nios2-elf/4.1.2/../../../../nios2-elf/lib\libc.a(lib_a-putchar.o)
 .data          0x02052010        0x0 c:/altera/12.0/nios2eds/bin/gnu/h-i686-mingw32/bin/../lib/gcc/nios2-elf/4.1.2/../../../../nios2-elf/lib\libc.a(lib_a-puts.o)
 .data          0x02052010        0x0 c:/altera/12.0/nios2eds/bin/gnu/h-i686-mingw32/bin/../lib/gcc/nios2-elf/4.1.2/../../../../nios2-elf/lib\libc.a(lib_a-rand.o)
 .data          0x02052010        0x0 c:/altera/12.0/nios2eds/bin/gnu/h-i686-mingw32/bin/../lib/gcc/nios2-elf/4.1.2/../../../../nios2-elf/lib\libc.a(lib_a-sprintf.o)
 .data          0x02052010        0x0 c:/altera/12.0/nios2eds/bin/gnu/h-i686-mingw32/bin/../lib/gcc/nios2-elf/4.1.2/../../../../nios2-elf/lib\libc.a(lib_a-strlen.o)
 .data          0x02052010        0x0 c:/altera/12.0/nios2eds/bin/gnu/h-i686-mingw32/bin/../lib/gcc/nios2-elf/4.1.2/../../../../nios2-elf/lib\libc.a(lib_a-strncmp.o)
 .data          0x02052010        0x0 c:/altera/12.0/nios2eds/bin/gnu/h-i686-mingw32/bin/../lib/gcc/nios2-elf/4.1.2/../../../../nios2-elf/lib\libc.a(lib_a-vfprintf.o)
 .data          0x02052010        0x0 c:/altera/12.0/nios2eds/bin/gnu/h-i686-mingw32/bin/../lib/gcc/nios2-elf/4.1.2/../../../../nios2-elf/lib\libc.a(lib_a-wsetup.o)
 .data          0x02052010        0x0 c:/altera/12.0/nios2eds/bin/gnu/h-i686-mingw32/bin/../lib/gcc/nios2-elf/4.1.2/../../../../nios2-elf/lib\libc.a(lib_a-dtoa.o)
 .data          0x02052010        0x0 c:/altera/12.0/nios2eds/bin/gnu/h-i686-mingw32/bin/../lib/gcc/nios2-elf/4.1.2/../../../../nios2-elf/lib\libc.a(lib_a-fflush.o)
 .data          0x02052010        0x0 c:/altera/12.0/nios2eds/bin/gnu/h-i686-mingw32/bin/../lib/gcc/nios2-elf/4.1.2/../../../../nios2-elf/lib\libc.a(lib_a-findfp.o)
 .data          0x02052010        0x0 c:/altera/12.0/nios2eds/bin/gnu/h-i686-mingw32/bin/../lib/gcc/nios2-elf/4.1.2/../../../../nios2-elf/lib\libc.a(lib_a-freer.o)
 .data          0x02052010        0x0 c:/altera/12.0/nios2eds/bin/gnu/h-i686-mingw32/bin/../lib/gcc/nios2-elf/4.1.2/../../../../nios2-elf/lib\libc.a(lib_a-fvwrite.o)
 .data          0x02052010        0x0 c:/altera/12.0/nios2eds/bin/gnu/h-i686-mingw32/bin/../lib/gcc/nios2-elf/4.1.2/../../../../nios2-elf/lib\libc.a(lib_a-fwalk.o)
 .data          0x02052010      0x400 c:/altera/12.0/nios2eds/bin/gnu/h-i686-mingw32/bin/../lib/gcc/nios2-elf/4.1.2/../../../../nios2-elf/lib\libc.a(lib_a-impure.o)
 .data          0x02052410        0xc c:/altera/12.0/nios2eds/bin/gnu/h-i686-mingw32/bin/../lib/gcc/nios2-elf/4.1.2/../../../../nios2-elf/lib\libc.a(lib_a-locale.o)
                0x02052410                __lc_ctype
 .data          0x0205241c        0x0 c:/altera/12.0/nios2eds/bin/gnu/h-i686-mingw32/bin/../lib/gcc/nios2-elf/4.1.2/../../../../nios2-elf/lib\libc.a(lib_a-makebuf.o)
 .data          0x0205241c      0x408 c:/altera/12.0/nios2eds/bin/gnu/h-i686-mingw32/bin/../lib/gcc/nios2-elf/4.1.2/../../../../nios2-elf/lib\libc.a(lib_a-mallocr.o)
                0x0205241c                __malloc_av_
 .data          0x02052824        0x0 c:/altera/12.0/nios2eds/bin/gnu/h-i686-mingw32/bin/../lib/gcc/nios2-elf/4.1.2/../../../../nios2-elf/lib\libc.a(lib_a-memchr.o)
 .data          0x02052824        0x0 c:/altera/12.0/nios2eds/bin/gnu/h-i686-mingw32/bin/../lib/gcc/nios2-elf/4.1.2/../../../../nios2-elf/lib\libc.a(lib_a-memmove.o)
 .data          0x02052824        0x0 c:/altera/12.0/nios2eds/bin/gnu/h-i686-mingw32/bin/../lib/gcc/nios2-elf/4.1.2/../../../../nios2-elf/lib\libc.a(lib_a-mprec.o)
 .data          0x02052824        0x0 c:/altera/12.0/nios2eds/bin/gnu/h-i686-mingw32/bin/../lib/gcc/nios2-elf/4.1.2/../../../../nios2-elf/lib\libc.a(lib_a-putc.o)
 .data          0x02052824        0x0 c:/altera/12.0/nios2eds/bin/gnu/h-i686-mingw32/bin/../lib/gcc/nios2-elf/4.1.2/../../../../nios2-elf/lib\libc.a(lib_a-reallocr.o)
 .data          0x02052824        0x0 c:/altera/12.0/nios2eds/bin/gnu/h-i686-mingw32/bin/../lib/gcc/nios2-elf/4.1.2/../../../../nios2-elf/lib\libc.a(lib_a-s_isinfd.o)
 .data          0x02052824        0x0 c:/altera/12.0/nios2eds/bin/gnu/h-i686-mingw32/bin/../lib/gcc/nios2-elf/4.1.2/../../../../nios2-elf/lib\libc.a(lib_a-s_isnand.o)
 .data          0x02052824        0x0 c:/altera/12.0/nios2eds/bin/gnu/h-i686-mingw32/bin/../lib/gcc/nios2-elf/4.1.2/../../../../nios2-elf/lib\libc.a(lib_a-sbrkr.o)
 .data          0x02052824        0x0 c:/altera/12.0/nios2eds/bin/gnu/h-i686-mingw32/bin/../lib/gcc/nios2-elf/4.1.2/../../../../nios2-elf/lib\libc.a(lib_a-stdio.o)
 .data          0x02052824        0x0 c:/altera/12.0/nios2eds/bin/gnu/h-i686-mingw32/bin/../lib/gcc/nios2-elf/4.1.2/../../../../nios2-elf/lib\libc.a(lib_a-strcmp.o)
 .data          0x02052824        0x0 c:/altera/12.0/nios2eds/bin/gnu/h-i686-mingw32/bin/../lib/gcc/nios2-elf/4.1.2/../../../../nios2-elf/lib\libc.a(lib_a-wbuf.o)
 .data          0x02052824        0x0 c:/altera/12.0/nios2eds/bin/gnu/h-i686-mingw32/bin/../lib/gcc/nios2-elf/4.1.2/../../../../nios2-elf/lib\libc.a(lib_a-writer.o)
 .data          0x02052824        0x0 c:/altera/12.0/nios2eds/bin/gnu/h-i686-mingw32/bin/../lib/gcc/nios2-elf/4.1.2/../../../../nios2-elf/lib\libc.a(lib_a-callocr.o)
 .data          0x02052824        0x0 c:/altera/12.0/nios2eds/bin/gnu/h-i686-mingw32/bin/../lib/gcc/nios2-elf/4.1.2/../../../../nios2-elf/lib\libc.a(lib_a-closer.o)
 .data          0x02052824        0x0 c:/altera/12.0/nios2eds/bin/gnu/h-i686-mingw32/bin/../lib/gcc/nios2-elf/4.1.2/../../../../nios2-elf/lib\libc.a(lib_a-fclose.o)
 .data          0x02052824        0x0 c:/altera/12.0/nios2eds/bin/gnu/h-i686-mingw32/bin/../lib/gcc/nios2-elf/4.1.2/../../../../nios2-elf/lib\libc.a(lib_a-fstatr.o)
 .data          0x02052824        0x0 c:/altera/12.0/nios2eds/bin/gnu/h-i686-mingw32/bin/../lib/gcc/nios2-elf/4.1.2/../../../../nios2-elf/lib\libc.a(lib_a-int_errno.o)
 .data          0x02052824        0x0 c:/altera/12.0/nios2eds/bin/gnu/h-i686-mingw32/bin/../lib/gcc/nios2-elf/4.1.2/../../../../nios2-elf/lib\libc.a(lib_a-isattyr.o)
 .data          0x02052824        0x0 c:/altera/12.0/nios2eds/bin/gnu/h-i686-mingw32/bin/../lib/gcc/nios2-elf/4.1.2/../../../../nios2-elf/lib\libc.a(lib_a-lseekr.o)
 .data          0x02052824        0x0 c:/altera/12.0/nios2eds/bin/gnu/h-i686-mingw32/bin/../lib/gcc/nios2-elf/4.1.2/../../../../nios2-elf/lib\libc.a(lib_a-readr.o)
 .data          0x02052824        0x0 c:/altera/12.0/nios2eds/bin/gnu/h-i686-mingw32/bin/../lib/gcc/nios2-elf/4.1.2\libgcc.a(_muldi3.o)
 .data          0x02052824        0x0 c:/altera/12.0/nios2eds/bin/gnu/h-i686-mingw32/bin/../lib/gcc/nios2-elf/4.1.2\libgcc.a(_udivdi3.o)
 .data          0x02052824        0x0 c:/altera/12.0/nios2eds/bin/gnu/h-i686-mingw32/bin/../lib/gcc/nios2-elf/4.1.2\libgcc.a(_umoddi3.o)
 .data          0x02052824        0x0 c:/altera/12.0/nios2eds/bin/gnu/h-i686-mingw32/bin/../lib/gcc/nios2-elf/4.1.2\libgcc.a(_addsub_df.o)
 .data          0x02052824        0x0 c:/altera/12.0/nios2eds/bin/gnu/h-i686-mingw32/bin/../lib/gcc/nios2-elf/4.1.2\libgcc.a(_mul_df.o)
 .data          0x02052824        0x0 c:/altera/12.0/nios2eds/bin/gnu/h-i686-mingw32/bin/../lib/gcc/nios2-elf/4.1.2\libgcc.a(_div_df.o)
 .data          0x02052824        0x0 c:/altera/12.0/nios2eds/bin/gnu/h-i686-mingw32/bin/../lib/gcc/nios2-elf/4.1.2\libgcc.a(_eq_df.o)
 .data          0x02052824        0x0 c:/altera/12.0/nios2eds/bin/gnu/h-i686-mingw32/bin/../lib/gcc/nios2-elf/4.1.2\libgcc.a(_ne_df.o)
 .data          0x02052824        0x0 c:/altera/12.0/nios2eds/bin/gnu/h-i686-mingw32/bin/../lib/gcc/nios2-elf/4.1.2\libgcc.a(_gt_df.o)
 .data          0x02052824        0x0 c:/altera/12.0/nios2eds/bin/gnu/h-i686-mingw32/bin/../lib/gcc/nios2-elf/4.1.2\libgcc.a(_ge_df.o)
 .data          0x02052824        0x0 c:/altera/12.0/nios2eds/bin/gnu/h-i686-mingw32/bin/../lib/gcc/nios2-elf/4.1.2\libgcc.a(_lt_df.o)
 .data          0x02052824        0x0 c:/altera/12.0/nios2eds/bin/gnu/h-i686-mingw32/bin/../lib/gcc/nios2-elf/4.1.2\libgcc.a(_si_to_df.o)
 .data          0x02052824        0x0 c:/altera/12.0/nios2eds/bin/gnu/h-i686-mingw32/bin/../lib/gcc/nios2-elf/4.1.2\libgcc.a(_df_to_si.o)
 .data          0x02052824        0x0 c:/altera/12.0/nios2eds/bin/gnu/h-i686-mingw32/bin/../lib/gcc/nios2-elf/4.1.2\libgcc.a(_thenan_df.o)
 .data          0x02052824        0x0 c:/altera/12.0/nios2eds/bin/gnu/h-i686-mingw32/bin/../lib/gcc/nios2-elf/4.1.2\libgcc.a(_usi_to_df.o)
 .data          0x02052824        0x0 c:/altera/12.0/nios2eds/bin/gnu/h-i686-mingw32/bin/../lib/gcc/nios2-elf/4.1.2\libgcc.a(lib2-divmod.o)
 .data          0x02052824        0x0 c:/altera/12.0/nios2eds/bin/gnu/h-i686-mingw32/bin/../lib/gcc/nios2-elf/4.1.2\libgcc.a(_unpack_df.o)
 .data          0x02052824        0x0 c:/altera/12.0/nios2eds/bin/gnu/h-i686-mingw32/bin/../lib/gcc/nios2-elf/4.1.2\libgcc.a(_fpcmp_parts_df.o)
 .data          0x02052824        0x0 ../V3_SELFTEST_UCOS_bsp/\libucosii_bsp.a(alt_close.o)
 .data          0x02052824      0x1a8 ../V3_SELFTEST_UCOS_bsp/\libucosii_bsp.a(alt_dev.o)
                0x02052824                alt_dev_null
                0x0205284c                alt_fd_list
 .data          0x020529cc        0x0 ../V3_SELFTEST_UCOS_bsp/\libucosii_bsp.a(alt_errno.o)
 .data          0x020529cc        0x0 ../V3_SELFTEST_UCOS_bsp/\libucosii_bsp.a(alt_fstat.o)
 .data          0x020529cc        0x0 ../V3_SELFTEST_UCOS_bsp/\libucosii_bsp.a(alt_isatty.o)
 .data          0x020529cc        0x0 ../V3_SELFTEST_UCOS_bsp/\libucosii_bsp.a(alt_lseek.o)
 .data          0x020529cc        0x0 ../V3_SELFTEST_UCOS_bsp/\libucosii_bsp.a(alt_main.o)
 .data          0x020529cc        0x0 ../V3_SELFTEST_UCOS_bsp/\libucosii_bsp.a(alt_read.o)
 .data          0x020529cc        0x0 ../V3_SELFTEST_UCOS_bsp/\libucosii_bsp.a(alt_release_fd.o)
 .data          0x020529cc        0x0 ../V3_SELFTEST_UCOS_bsp/\libucosii_bsp.a(alt_sbrk.o)
 .data          0x020529cc        0x0 ../V3_SELFTEST_UCOS_bsp/\libucosii_bsp.a(alt_usleep.o)
 .data          0x020529cc        0x0 ../V3_SELFTEST_UCOS_bsp/\libucosii_bsp.a(alt_write.o)
 .data          0x020529cc        0x0 ../V3_SELFTEST_UCOS_bsp/\libucosii_bsp.a(alt_env_lock.o)
 .data          0x020529cc        0x0 ../V3_SELFTEST_UCOS_bsp/\libucosii_bsp.a(alt_malloc_lock.o)
 .data          0x020529cc        0x0 ../V3_SELFTEST_UCOS_bsp/\libucosii_bsp.a(os_core.o)
 .data          0x020529cc        0x0 ../V3_SELFTEST_UCOS_bsp/\libucosii_bsp.a(os_dbg.o)
 .data          0x020529cc        0x0 ../V3_SELFTEST_UCOS_bsp/\libucosii_bsp.a(os_flag.o)
 .data          0x020529cc        0x0 ../V3_SELFTEST_UCOS_bsp/\libucosii_bsp.a(os_mem.o)
 .data          0x020529cc        0x0 ../V3_SELFTEST_UCOS_bsp/\libucosii_bsp.a(os_q.o)
 .data          0x020529cc        0x0 ../V3_SELFTEST_UCOS_bsp/\libucosii_bsp.a(os_sem.o)
 .data          0x020529cc        0x0 ../V3_SELFTEST_UCOS_bsp/\libucosii_bsp.a(os_task.o)
 .data          0x020529cc        0x0 ../V3_SELFTEST_UCOS_bsp/\libucosii_bsp.a(os_time.o)
 .data          0x020529cc      0x194 ../V3_SELFTEST_UCOS_bsp/\libucosii_bsp.a(alt_sys_init.o)
 .data          0x02052b60        0x0 ../V3_SELFTEST_UCOS_bsp/\libucosii_bsp.a(altera_avalon_epcs_flash_controller.o)
 .data          0x02052b60        0x0 ../V3_SELFTEST_UCOS_bsp/\libucosii_bsp.a(altera_avalon_timer_sc.o)
 .data          0x02052b60        0x0 ../V3_SELFTEST_UCOS_bsp/\libucosii_bsp.a(altera_avalon_uart_fd.o)
 .data          0x02052b60        0x0 ../V3_SELFTEST_UCOS_bsp/\libucosii_bsp.a(altera_avalon_uart_init.o)
 .data          0x02052b60        0x0 ../V3_SELFTEST_UCOS_bsp/\libucosii_bsp.a(altera_avalon_uart_read.o)
 .data          0x02052b60        0x0 ../V3_SELFTEST_UCOS_bsp/\libucosii_bsp.a(altera_avalon_uart_write.o)
 .data          0x02052b60        0x0 ../V3_SELFTEST_UCOS_bsp/\libucosii_bsp.a(epcs_commands.o)
 .data          0x02052b60        0x0 ../V3_SELFTEST_UCOS_bsp/\libucosii_bsp.a(alt_busy_sleep.o)
 .data          0x02052b60        0x0 ../V3_SELFTEST_UCOS_bsp/\libucosii_bsp.a(alt_dev_llist_insert.o)
 .data          0x02052b60        0x0 ../V3_SELFTEST_UCOS_bsp/\libucosii_bsp.a(alt_flash_dev.o)
 .data          0x02052b60        0x0 ../V3_SELFTEST_UCOS_bsp/\libucosii_bsp.a(alt_iic.o)
 .data          0x02052b60        0x0 ../V3_SELFTEST_UCOS_bsp/\libucosii_bsp.a(alt_iic_isr_register.o)
 .data          0x02052b60        0x0 ../V3_SELFTEST_UCOS_bsp/\libucosii_bsp.a(alt_io_redirect.o)
 .data          0x02052b60        0x0 ../V3_SELFTEST_UCOS_bsp/\libucosii_bsp.a(alt_irq_entry.o)
 .data          0x02052b60        0x0 ../V3_SELFTEST_UCOS_bsp/\libucosii_bsp.a(alt_irq_handler.o)
 .data          0x02052b60        0x0 ../V3_SELFTEST_UCOS_bsp/\libucosii_bsp.a(alt_irq_vars.o)
 .data          0x02052b60        0x0 ../V3_SELFTEST_UCOS_bsp/\libucosii_bsp.a(alt_open.o)
 .data          0x02052b60        0x0 ../V3_SELFTEST_UCOS_bsp/\libucosii_bsp.a(alt_tick.o)
 .data          0x02052b60        0x0 ../V3_SELFTEST_UCOS_bsp/\libucosii_bsp.a(altera_nios2_irq.o)
 .data          0x02052b60        0x0 ../V3_SELFTEST_UCOS_bsp/\libucosii_bsp.a(os_cpu_a.o)
 .data          0x02052b60        0x0 ../V3_SELFTEST_UCOS_bsp/\libucosii_bsp.a(os_cpu_c.o)
 .data          0x02052b60        0x0 ../V3_SELFTEST_UCOS_bsp/\libucosii_bsp.a(altera_avalon_spi.o)
 .data          0x02052b60        0x0 ../V3_SELFTEST_UCOS_bsp/\libucosii_bsp.a(alt_exception_entry.o)
 .data          0x02052b60        0x0 ../V3_SELFTEST_UCOS_bsp/\libucosii_bsp.a(alt_find_dev.o)
 .data          0x02052b60        0x0 ../V3_SELFTEST_UCOS_bsp/\libucosii_bsp.a(alt_find_file.o)
 .data          0x02052b60        0x0 ../V3_SELFTEST_UCOS_bsp/\libucosii_bsp.a(alt_get_fd.o)
 .data          0x02052b60        0x0 c:/altera/12.0/nios2eds/bin/gnu/h-i686-mingw32/bin/../lib/gcc/nios2-elf/4.1.2/../../../../nios2-elf/lib\libc.a(lib_a-exit.o)
 .data          0x02052b60        0x0 c:/altera/12.0/nios2eds/bin/gnu/h-i686-mingw32/bin/../lib/gcc/nios2-elf/4.1.2/../../../../nios2-elf/lib\libc.a(lib_a-memcmp.o)
 .data          0x02052b60        0x0 c:/altera/12.0/nios2eds/bin/gnu/h-i686-mingw32/bin/../lib/gcc/nios2-elf/4.1.2/../../../../nios2-elf/lib\libc.a(lib_a-__call_atexit.o)
 .data          0x02052b60        0x0 ../V3_SELFTEST_UCOS_bsp/\libucosii_bsp.a(alt_exit.o)
                0x0205ab60                _gp = ABSOLUTE ((. + 0x8000))
                0x0205ab60                PROVIDE (gp, _gp)
 *(.rwdata .rwdata.*)
 *(.sdata .sdata.* .gnu.linkonce.s.*)
 .sdata         0x02052b60        0xa obj/default/src/Ethernet/WebServer.o
 .sdata         0x02052b6a        0x2 obj/default/src/Ethernet/ip_arp_udp_tcp.o
 .sdata         0x02052b6c        0x1 obj/default/src/SD_SDHC/Sdcard.o
 .sdata         0x02052b6d        0xc obj/default/src/hardware/hardware.o
                0x02052b6d                IR_DATA_0
                0x02052b6e                IR_DATA_1
                0x02052b6f                IR_DATA_2
                0x02052b70                IR_DATA_3
                0x02052b71                PS2_DATA_0
                0x02052b72                PS2_DATA_1
                0x02052b73                PS2_DATA_2
                0x02052b74                PS2_DATA_3
                0x02052b75                UART_DATA_0
                0x02052b76                UART_DATA_1
                0x02052b77                UART_DATA_2
                0x02052b78                UART_DATA_3
 *fill*         0x02052b79        0x3 00
 .sdata         0x02052b7c       0x10 obj/default/src/hardware/key_ctl.o
                0x02052b7c                ON_char
                0x02052b80                OFF_char
                0x02052b84                DAC_char
 .sdata         0x02052b8c        0x8 c:/altera/12.0/nios2eds/bin/gnu/h-i686-mingw32/bin/../lib/gcc/nios2-elf/4.1.2/../../../../nios2-elf/lib\libc.a(lib_a-impure.o)
                0x02052b8c                _impure_ptr
                0x02052b90                _global_impure_ptr
 .sdata         0x02052b94        0x8 c:/altera/12.0/nios2eds/bin/gnu/h-i686-mingw32/bin/../lib/gcc/nios2-elf/4.1.2/../../../../nios2-elf/lib\libc.a(lib_a-locale.o)
                0x02052b94                __mb_cur_max
 .sdata         0x02052b9c        0x8 c:/altera/12.0/nios2eds/bin/gnu/h-i686-mingw32/bin/../lib/gcc/nios2-elf/4.1.2/../../../../nios2-elf/lib\libc.a(lib_a-mallocr.o)
                0x02052b9c                __malloc_trim_threshold
                0x02052ba0                __malloc_sbrk_base
 .sdata         0x02052ba4       0x14 ../V3_SELFTEST_UCOS_bsp/\libucosii_bsp.a(alt_dev.o)
                0x02052ba4                alt_fs_list
                0x02052bac                alt_dev_list
                0x02052bb4                alt_max_fd
 .sdata         0x02052bb8        0x4 ../V3_SELFTEST_UCOS_bsp/\libucosii_bsp.a(alt_errno.o)
                0x02052bb8                alt_errno
 .sdata         0x02052bbc        0x4 ../V3_SELFTEST_UCOS_bsp/\libucosii_bsp.a(alt_sbrk.o)
 .sdata         0x02052bc0        0x4 ../V3_SELFTEST_UCOS_bsp/\libucosii_bsp.a(alt_env_lock.o)
 .sdata         0x02052bc4        0x4 ../V3_SELFTEST_UCOS_bsp/\libucosii_bsp.a(alt_malloc_lock.o)
 .sdata         0x02052bc8       0x74 ../V3_SELFTEST_UCOS_bsp/\libucosii_bsp.a(os_dbg.o)
                0x02052bc8                OSDebugEn
                0x02052bcc                OSEndiannessTest
                0x02052bd0                OSEventEn
                0x02052bd2                OSEventMax
                0x02052bd4                OSEventNameSize
                0x02052bd6                OSEventSize
                0x02052bd8                OSEventTblSize
                0x02052bda                OSEventMultiEn
                0x02052bdc                OSFlagEn
                0x02052bde                OSFlagGrpSize
                0x02052be0                OSFlagNodeSize
                0x02052be2                OSFlagWidth
                0x02052be4                OSFlagMax
                0x02052be6                OSFlagNameSize
                0x02052be8                OSLowestPrio
                0x02052bea                OSMboxEn
                0x02052bec                OSMemEn
                0x02052bee                OSMemMax
                0x02052bf0                OSMemNameSize
                0x02052bf2                OSMemSize
                0x02052bf4                OSMemTblSize
                0x02052bf6                OSMutexEn
                0x02052bf8                OSPtrSize
                0x02052bfa                OSQEn
                0x02052bfc                OSQMax
                0x02052bfe                OSQSize
                0x02052c00                OSRdyTblSize
                0x02052c02                OSSemEn
                0x02052c04                OSStkWidth
                0x02052c06                OSTaskCreateEn
                0x02052c08                OSTaskCreateExtEn
                0x02052c0a                OSTaskDelEn
                0x02052c0c                OSTaskIdleStkSize
                0x02052c0e                OSTaskProfileEn
                0x02052c10                OSTaskMax
                0x02052c12                OSTaskNameSize
                0x02052c14                OSTaskStatEn
                0x02052c16                OSTaskStatStkSize
                0x02052c18                OSTaskStatStkChkEn
                0x02052c1a                OSTaskSwHookEn
                0x02052c1c                OSTCBPrioTblMax
                0x02052c1e                OSTCBSize
                0x02052c20                OSTicksPerSec
                0x02052c22                OSTimeTickHookEn
                0x02052c24                OSVersionNbr
                0x02052c26                OSTmrEn
                0x02052c28                OSTmrCfgMax
                0x02052c2a                OSTmrCfgNameSize
                0x02052c2c                OSTmrCfgWheelSize
                0x02052c2e                OSTmrCfgTicksPerSec
                0x02052c30                OSTmrSize
                0x02052c32                OSTmrTblSize
                0x02052c34                OSTmrWheelSize
                0x02052c36                OSTmrWheelTblSize
                0x02052c38                OSDataSize
 .sdata         0x02052c3c        0x8 ../V3_SELFTEST_UCOS_bsp/\libucosii_bsp.a(alt_flash_dev.o)
                0x02052c3c                alt_flash_dev_list
 .sdata         0x02052c44        0x4 ../V3_SELFTEST_UCOS_bsp/\libucosii_bsp.a(alt_irq_vars.o)
                0x02052c44                alt_priority_mask
 .sdata         0x02052c48        0x8 ../V3_SELFTEST_UCOS_bsp/\libucosii_bsp.a(alt_tick.o)
                0x02052c48                alt_alarm_list
 *(.sdata2 .sdata2.* .gnu.linkonce.s2.*)
                0x02052c50                . = ALIGN (0x4)
                0x02052c50                _edata = ABSOLUTE (.)
                0x02052c50                PROVIDE (edata, ABSOLUTE (.))
                0x02052c50                PROVIDE (__ram_rwdata_end, ABSOLUTE (.))
                0x02050e38                PROVIDE (__flash_rwdata_start, LOADADDR (.rwdata))

.bss            0x02052c50    0xa5d68
                0x02052c50                __bss_start = ABSOLUTE (.)
                0x02052c50                PROVIDE (__sbss_start, ABSOLUTE (.))
                0x02052c50                PROVIDE (___sbss_start, ABSOLUTE (.))
 *(.dynsbss)
 *(.sbss .sbss.* .gnu.linkonce.sb.*)
 .sbss          0x02052c50        0x4 obj/default/src/Ethernet/enc28j60.o
 .sbss          0x02052c54        0xe obj/default/src/Ethernet/ip_arp_udp_tcp.o
 .sbss          0x02052c62        0x1 obj/default/src/I2C/i2c_test.o
                0x02052c62                eeprom_Status
 .sbss          0x02052c63        0x1 obj/default/src/SD_SDHC/Sdcard_hw.o
 .sbss          0x02052c64       0x14 obj/default/src/SD_SDHC/hpi.o
                0x02052c64                NowCluster
                0x02052c68                Response
                0x02052c70                DirStartCluster
                0x02052c74                NowSector
 .sbss          0x02052c78        0x8 obj/default/src/SD_SDHC/hpi32.o
                0x02052c78                DirStartCluster32
                0x02052c7c                NowCluster32
 .sbss          0x02052c80        0x3 obj/default/src/USB/Main.o
                0x02052c82                FreeUSBmS
 .sbss          0x02052c83        0x1 obj/default/src/digital_tube/digital_tube.o
 .sbss          0x02052c84       0x14 obj/default/src/hardware/key_ctl.o
                0x02052c84                init
                0x02052c88                led_data_reg
                0x02052c8c                buzzer_reg
                0x02052c90                dac_data_reg
                0x02052c94                key_focus_reg
 .sbss          0x02052c98        0xc c:/altera/12.0/nios2eds/bin/gnu/h-i686-mingw32/bin/../lib/gcc/nios2-elf/4.1.2/../../../../nios2-elf/lib\libc.a(lib_a-locale.o)
                0x02052c98                __nlocale_changed
                0x02052c9c                __mlocale_changed
                0x02052ca0                _PathLocale
 .sbss          0x02052ca4        0xc c:/altera/12.0/nios2eds/bin/gnu/h-i686-mingw32/bin/../lib/gcc/nios2-elf/4.1.2/../../../../nios2-elf/lib\libc.a(lib_a-mallocr.o)
                0x02052ca4                __malloc_top_pad
                0x02052ca8                __malloc_max_sbrked_mem
                0x02052cac                __malloc_max_total_mem
 .sbss          0x02052cb0        0x4 c:/altera/12.0/nios2eds/bin/gnu/h-i686-mingw32/bin/../lib/gcc/nios2-elf/4.1.2/../../../../nios2-elf/lib\libc.a(lib_a-int_errno.o)
                0x02052cb0                errno
 .sbss          0x02052cb4        0x4 ../V3_SELFTEST_UCOS_bsp/\libucosii_bsp.a(alt_dev.o)
                0x02052cb4                alt_fd_list_lock
 .sbss          0x02052cb8        0xc ../V3_SELFTEST_UCOS_bsp/\libucosii_bsp.a(alt_main.o)
                0x02052cb8                alt_argc
                0x02052cbc                alt_argv
                0x02052cc0                alt_envp
 .sbss          0x02052cc4        0x8 ../V3_SELFTEST_UCOS_bsp/\libucosii_bsp.a(alt_env_lock.o)
                0x02052cc8                alt_envsem
 .sbss          0x02052ccc        0x8 ../V3_SELFTEST_UCOS_bsp/\libucosii_bsp.a(alt_malloc_lock.o)
                0x02052cd0                alt_heapsem
 .sbss          0x02052cd4       0x50 ../V3_SELFTEST_UCOS_bsp/\libucosii_bsp.a(os_core.o)
                0x02052cd4                OSLockNesting
                0x02052cd5                OSRunning
                0x02052cd8                OSIdleCtr
                0x02052cdc                OSPrioHighRdy
                0x02052cdd                OSPrioCur
                0x02052ce0                OSTCBList
                0x02052ce4                OSTickStepState
                0x02052ce8                OSCtxSwCtr
                0x02052cec                OSIdleCtrMax
                0x02052cf0                OSTCBFreeList
                0x02052cf4                OSCPUUsage
                0x02052cf5                OSTaskCtr
                0x02052cf8                OSMemFreeList
                0x02052cfc                OSTCBHighRdy
                0x02052d00                OSQFreeList
                0x02052d04                OSRdyGrp
                0x02052d05                OSRdyTbl
                0x02052d08                OSEventFreeList
                0x02052d0c                OSIntNesting
                0x02052d10                OSTCBCur
                0x02052d14                OSTime
                0x02052d18                OSFlagFreeList
                0x02052d1c                OSStatRdy
                0x02052d20                OSIdleCtrRun
 .sbss          0x02052d24        0x4 ../V3_SELFTEST_UCOS_bsp/\libucosii_bsp.a(alt_irq_vars.o)
                0x02052d24                alt_irq_active
 .sbss          0x02052d28        0x8 ../V3_SELFTEST_UCOS_bsp/\libucosii_bsp.a(alt_tick.o)
                0x02052d28                _alt_tick_rate
                0x02052d2c                _alt_nticks
 *(.sbss2 .sbss2.* .gnu.linkonce.sb2.*)
 *(.scommon)
                0x02052d30                PROVIDE (__sbss_end, ABSOLUTE (.))
                0x02052d30                PROVIDE (___sbss_end, ABSOLUTE (.))
 *(.dynbss)
 *(.bss .bss.* .gnu.linkonce.b.*)
 .bss           0x02052d30        0x0 ../V3_SELFTEST_UCOS_bsp//obj/HAL/src/crt0.o
 .bss           0x02052d30        0x0 obj/default/hello_ucosii.o
 .bss           0x02052d30        0x0 obj/default/src/Ethernet/Main.o
 .bss           0x02052d30      0x5dd obj/default/src/Ethernet/WebServer.o
 .bss           0x0205330d        0x0 obj/default/src/Ethernet/enc28j60.o
 .bss           0x0205330d        0x0 obj/default/src/Ethernet/fpga_io.o
 .bss           0x0205330d        0x0 obj/default/src/Ethernet/ip_arp_udp_tcp.o
 .bss           0x0205330d        0x0 obj/default/src/I2C/i2c_test.o
 .bss           0x0205330d        0x0 obj/default/src/SD_SDHC/Sdcard.o
 .bss           0x0205330d        0x0 obj/default/src/SD_SDHC/Sdcard_hw.o
 .bss           0x0205330d        0x0 obj/default/src/SD_SDHC/device.o
 .bss           0x0205330d        0x0 obj/default/src/SD_SDHC/fat.o
 .bss           0x0205330d        0x0 obj/default/src/SD_SDHC/fat32.o
 .bss           0x0205330d        0x0 obj/default/src/SD_SDHC/hal.o
 .bss           0x0205330d        0x0 obj/default/src/SD_SDHC/hpi.o
 .bss           0x0205330d        0x0 obj/default/src/SD_SDHC/hpi32.o
 .bss           0x0205330d        0x0 obj/default/src/SD_SDHC/isr.o
 .bss           0x0205330d        0x0 obj/default/src/USB/Main.o
 .bss           0x0205330d        0x0 obj/default/src/digital_tube/digital_tube.o
 .bss           0x0205330d        0x0 obj/default/src/hardware/hardware.o
 .bss           0x0205330d        0x0 obj/default/src/hardware/key_ctl.o
 .bss           0x0205330d        0x0 obj/default/src/lcd/LCD_Display.o
 .bss           0x0205330d        0x0 obj/default/src/lcd/LCD_Init.o
 .bss           0x0205330d        0x0 c:/altera/12.0/nios2eds/bin/gnu/h-i686-mingw32/bin/../lib/gcc/nios2-elf/4.1.2\libgcc.a(_si_to_sf.o)
 .bss           0x0205330d        0x0 c:/altera/12.0/nios2eds/bin/gnu/h-i686-mingw32/bin/../lib/gcc/nios2-elf/4.1.2\libgcc.a(_sf_to_df.o)
 .bss           0x0205330d        0x0 c:/altera/12.0/nios2eds/bin/gnu/h-i686-mingw32/bin/../lib/gcc/nios2-elf/4.1.2\libgcc.a(_make_df.o)
 .bss           0x0205330d        0x0 c:/altera/12.0/nios2eds/bin/gnu/h-i686-mingw32/bin/../lib/gcc/nios2-elf/4.1.2\libgcc.a(_clzsi2.o)
 .bss           0x0205330d        0x0 c:/altera/12.0/nios2eds/bin/gnu/h-i686-mingw32/bin/../lib/gcc/nios2-elf/4.1.2\libgcc.a(_pack_sf.o)
 .bss           0x0205330d        0x0 c:/altera/12.0/nios2eds/bin/gnu/h-i686-mingw32/bin/../lib/gcc/nios2-elf/4.1.2\libgcc.a(_unpack_sf.o)
 .bss           0x0205330d        0x0 c:/altera/12.0/nios2eds/bin/gnu/h-i686-mingw32/bin/../lib/gcc/nios2-elf/4.1.2\libgcc.a(_pack_df.o)
 .bss           0x0205330d        0x0 c:/altera/12.0/nios2eds/bin/gnu/h-i686-mingw32/bin/../lib/gcc/nios2-elf/4.1.2\libgcc.a(_clz.o)
 .bss           0x0205330d        0x0 c:/altera/12.0/nios2eds/bin/gnu/h-i686-mingw32/bin/../lib/gcc/nios2-elf/4.1.2/../../../../nios2-elf/lib\libc.a(lib_a-memcpy.o)
 .bss           0x0205330d        0x0 c:/altera/12.0/nios2eds/bin/gnu/h-i686-mingw32/bin/../lib/gcc/nios2-elf/4.1.2/../../../../nios2-elf/lib\libc.a(lib_a-memset.o)
 .bss           0x0205330d        0x0 c:/altera/12.0/nios2eds/bin/gnu/h-i686-mingw32/bin/../lib/gcc/nios2-elf/4.1.2/../../../../nios2-elf/lib\libc.a(lib_a-printf.o)
 .bss           0x0205330d        0x0 c:/altera/12.0/nios2eds/bin/gnu/h-i686-mingw32/bin/../lib/gcc/nios2-elf/4.1.2/../../../../nios2-elf/lib\libc.a(lib_a-putchar.o)
 .bss           0x0205330d        0x0 c:/altera/12.0/nios2eds/bin/gnu/h-i686-mingw32/bin/../lib/gcc/nios2-elf/4.1.2/../../../../nios2-elf/lib\libc.a(lib_a-puts.o)
 .bss           0x0205330d        0x0 c:/altera/12.0/nios2eds/bin/gnu/h-i686-mingw32/bin/../lib/gcc/nios2-elf/4.1.2/../../../../nios2-elf/lib\libc.a(lib_a-rand.o)
 .bss           0x0205330d        0x0 c:/altera/12.0/nios2eds/bin/gnu/h-i686-mingw32/bin/../lib/gcc/nios2-elf/4.1.2/../../../../nios2-elf/lib\libc.a(lib_a-sprintf.o)
 .bss           0x0205330d        0x0 c:/altera/12.0/nios2eds/bin/gnu/h-i686-mingw32/bin/../lib/gcc/nios2-elf/4.1.2/../../../../nios2-elf/lib\libc.a(lib_a-strlen.o)
 .bss           0x0205330d        0x0 c:/altera/12.0/nios2eds/bin/gnu/h-i686-mingw32/bin/../lib/gcc/nios2-elf/4.1.2/../../../../nios2-elf/lib\libc.a(lib_a-strncmp.o)
 .bss           0x0205330d        0x0 c:/altera/12.0/nios2eds/bin/gnu/h-i686-mingw32/bin/../lib/gcc/nios2-elf/4.1.2/../../../../nios2-elf/lib\libc.a(lib_a-vfprintf.o)
 .bss           0x0205330d        0x0 c:/altera/12.0/nios2eds/bin/gnu/h-i686-mingw32/bin/../lib/gcc/nios2-elf/4.1.2/../../../../nios2-elf/lib\libc.a(lib_a-wsetup.o)
 .bss           0x0205330d        0x0 c:/altera/12.0/nios2eds/bin/gnu/h-i686-mingw32/bin/../lib/gcc/nios2-elf/4.1.2/../../../../nios2-elf/lib\libc.a(lib_a-dtoa.o)
 .bss           0x0205330d        0x0 c:/altera/12.0/nios2eds/bin/gnu/h-i686-mingw32/bin/../lib/gcc/nios2-elf/4.1.2/../../../../nios2-elf/lib\libc.a(lib_a-fflush.o)
 .bss           0x0205330d        0x0 c:/altera/12.0/nios2eds/bin/gnu/h-i686-mingw32/bin/../lib/gcc/nios2-elf/4.1.2/../../../../nios2-elf/lib\libc.a(lib_a-findfp.o)