Archive member included because of file (symbol)

../icore_niosii_bsp/\libhal_bsp.a(alt_main.o)
                              ../icore_niosii_bsp//obj/HAL/src/crt0.o (alt_main)
../icore_niosii_bsp/\libhal_bsp.a(alt_sys_init.o)
                              ../icore_niosii_bsp/\libhal_bsp.a(alt_main.o) (alt_irq_init)
../icore_niosii_bsp/\libhal_bsp.a(altera_avalon_epcs_flash_controller.o)
                              ../icore_niosii_bsp/\libhal_bsp.a(alt_sys_init.o) (alt_epcs_flash_init)
../icore_niosii_bsp/\libhal_bsp.a(epcs_commands.o)
                              ../icore_niosii_bsp/\libhal_bsp.a(altera_avalon_epcs_flash_controller.o) (epcs_sector_erase)
../icore_niosii_bsp/\libhal_bsp.a(alt_close.o)
                              ../icore_niosii_bsp/\libhal_bsp.a(alt_main.o) (close)
../icore_niosii_bsp/\libhal_bsp.a(alt_dev.o)
                              ../icore_niosii_bsp/\libhal_bsp.a(alt_close.o) (alt_fd_list)
../icore_niosii_bsp/\libhal_bsp.a(alt_dev_llist_insert.o)
                              ../icore_niosii_bsp/\libhal_bsp.a(altera_avalon_epcs_flash_controller.o) (alt_dev_llist_insert)
../icore_niosii_bsp/\libhal_bsp.a(alt_do_ctors.o)
                              ../icore_niosii_bsp/\libhal_bsp.a(alt_main.o) (_do_ctors)
../icore_niosii_bsp/\libhal_bsp.a(alt_do_dtors.o)
                              ../icore_niosii_bsp/\libhal_bsp.a(alt_main.o) (_do_dtors)
../icore_niosii_bsp/\libhal_bsp.a(alt_errno.o)
                              ../icore_niosii_bsp/\libhal_bsp.a(alt_close.o) (alt_errno)
../icore_niosii_bsp/\libhal_bsp.a(alt_flash_dev.o)
                              ../icore_niosii_bsp/\libhal_bsp.a(altera_avalon_epcs_flash_controller.o) (alt_flash_dev_list)
../icore_niosii_bsp/\libhal_bsp.a(alt_release_fd.o)
                              ../icore_niosii_bsp/\libhal_bsp.a(alt_close.o) (alt_release_fd)
../icore_niosii_bsp/\libhal_bsp.a(altera_nios2_qsys_irq.o)
                              ../icore_niosii_bsp/\libhal_bsp.a(alt_sys_init.o) (altera_nios2_qsys_irq_init)
../icore_niosii_bsp/\libhal_bsp.a(altera_avalon_spi.o)
                              ../icore_niosii_bsp/\libhal_bsp.a(epcs_commands.o) (alt_avalon_spi_command)
../icore_niosii_bsp/\libhal_bsp.a(alt_find_dev.o)
                              ../icore_niosii_bsp/\libhal_bsp.a(alt_flash_dev.o) (alt_find_dev)
c:/altera/11.1/nios2eds/bin/gnu/h-i686-mingw32/bin/../lib/gcc/nios2-elf/4.1.2/../../../../nios2-elf/lib\libc.a(lib_a-atexit.o)
                              ../icore_niosii_bsp/\libhal_bsp.a(alt_main.o) (atexit)
c:/altera/11.1/nios2eds/bin/gnu/h-i686-mingw32/bin/../lib/gcc/nios2-elf/4.1.2/../../../../nios2-elf/lib\libc.a(lib_a-exit.o)
                              ../icore_niosii_bsp/\libhal_bsp.a(alt_main.o) (exit)
c:/altera/11.1/nios2eds/bin/gnu/h-i686-mingw32/bin/../lib/gcc/nios2-elf/4.1.2/../../../../nios2-elf/lib\libc.a(lib_a-impure.o)
                              c:/altera/11.1/nios2eds/bin/gnu/h-i686-mingw32/bin/../lib/gcc/nios2-elf/4.1.2/../../../../nios2-elf/lib\libc.a(lib_a-exit.o) (_global_impure_ptr)
c:/altera/11.1/nios2eds/bin/gnu/h-i686-mingw32/bin/../lib/gcc/nios2-elf/4.1.2/../../../../nios2-elf/lib\libc.a(lib_a-int_errno.o)
                              ../icore_niosii_bsp/\libhal_bsp.a(alt_close.o) (errno)
c:/altera/11.1/nios2eds/bin/gnu/h-i686-mingw32/bin/../lib/gcc/nios2-elf/4.1.2/../../../../nios2-elf/lib\libc.a(lib_a-memcmp.o)
                              ../icore_niosii_bsp/\libhal_bsp.a(altera_avalon_epcs_flash_controller.o) (memcmp)
c:/altera/11.1/nios2eds/bin/gnu/h-i686-mingw32/bin/../lib/gcc/nios2-elf/4.1.2/../../../../nios2-elf/lib\libc.a(lib_a-strlen.o)
                              ../icore_niosii_bsp/\libhal_bsp.a(alt_find_dev.o) (strlen)
c:/altera/11.1/nios2eds/bin/gnu/h-i686-mingw32/bin/../lib/gcc/nios2-elf/4.1.2/../../../../nios2-elf/lib\libc.a(lib_a-__atexit.o)
                              c:/altera/11.1/nios2eds/bin/gnu/h-i686-mingw32/bin/../lib/gcc/nios2-elf/4.1.2/../../../../nios2-elf/lib\libc.a(lib_a-atexit.o) (__register_exitproc)
c:/altera/11.1/nios2eds/bin/gnu/h-i686-mingw32/bin/../lib/gcc/nios2-elf/4.1.2/../../../../nios2-elf/lib\libc.a(lib_a-__call_atexit.o)
                              c:/altera/11.1/nios2eds/bin/gnu/h-i686-mingw32/bin/../lib/gcc/nios2-elf/4.1.2/../../../../nios2-elf/lib\libc.a(lib_a-exit.o) (__call_exitprocs)
../icore_niosii_bsp/\libhal_bsp.a(alt_exit.o)
                              c:/altera/11.1/nios2eds/bin/gnu/h-i686-mingw32/bin/../lib/gcc/nios2-elf/4.1.2/../../../../nios2-elf/lib\libc.a(lib_a-exit.o) (_exit)

Allocating common symbols
Common symbol       size              file

dat                 0x400000          obj/default/main.o
errno               0x4               c:/altera/11.1/nios2eds/bin/gnu/h-i686-mingw32/bin/../lib/gcc/nios2-elf/4.1.2/../../../../nios2-elf/lib\libc.a(lib_a-int_errno.o)
_atexit0            0x190             c:/altera/11.1/nios2eds/bin/gnu/h-i686-mingw32/bin/../lib/gcc/nios2-elf/4.1.2/../../../../nios2-elf/lib\libc.a(lib_a-atexit.o)

Memory Configuration

Name             Origin             Length             Attributes
sdram_0_BEFORE_EXCEPTION 0x00800000         0x00000020
sdram_0          0x00800020         0x007fffe0
reset            0x01001800         0x00000020
epcs_flash_controller_0 0x01001820         0x000007e0
*default*        0x00000000         0xffffffff

Linker script and memory map

LOAD ../icore_niosii_bsp//obj/HAL/src/crt0.o
LOAD obj/default/main.o
LOAD c:/altera/11.1/nios2eds/bin/gnu/h-i686-mingw32/bin/../lib/gcc/nios2-elf/4.1.2/../../../../nios2-elf/lib\libstdc++.a
LOAD c:/altera/11.1/nios2eds/bin/gnu/h-i686-mingw32/bin/../lib/gcc/nios2-elf/4.1.2/../../../../nios2-elf/lib\libm.a
LOAD c:/altera/11.1/nios2eds/bin/gnu/h-i686-mingw32/bin/../lib/gcc/nios2-elf/4.1.2\libgcc.a
START GROUP
LOAD c:/altera/11.1/nios2eds/bin/gnu/h-i686-mingw32/bin/../lib/gcc/nios2-elf/4.1.2/../../../../nios2-elf/lib\libc.a
LOAD c:/altera/11.1/nios2eds/bin/gnu/h-i686-mingw32/bin/../lib/gcc/nios2-elf/4.1.2\libgcc.a
LOAD ../icore_niosii_bsp/\libhal_bsp.a
END GROUP
LOAD c:/altera/11.1/nios2eds/bin/gnu/h-i686-mingw32/bin/../lib/gcc/nios2-elf/4.1.2\libgcc.a
                0x00800000                __alt_mem_sdram_0 = 0x800000
                0x01001800                __alt_mem_epcs_flash_controller_0 = 0x1001800

.entry          0x01001800        0x0
 *(.entry)
 .entry         0x01001800        0x0 ../icore_niosii_bsp//obj/HAL/src/crt0.o
                0x01001800                __reset

.exceptions     0x00800020        0x0
                0x00800020                PROVIDE (__ram_exceptions_start, ABSOLUTE (.))
                0x00800020                . = ALIGN (0x20)
 *(.irq)
 *(.exceptions.entry.label)
 *(.exceptions.entry.user)
 *(.exceptions.entry)
 *(.exceptions.irqtest.user)
 *(.exceptions.irqtest)
 *(.exceptions.irqhandler.user)
 *(.exceptions.irqhandler)
 *(.exceptions.irqreturn.user)
 *(.exceptions.irqreturn)
 *(.exceptions.notirq.label)
 *(.exceptions.notirq.user)
 *(.exceptions.notirq)
 *(.exceptions.soft.user)
 *(.exceptions.soft)
 *(.exceptions.unknown.user)
 *(.exceptions.unknown)
 *(.exceptions.exit.label)
 *(.exceptions.exit.user)
 *(.exceptions.exit)
 *(.exceptions)
                0x00800020                PROVIDE (__ram_exceptions_end, ABSOLUTE (.))
                0x00800020                PROVIDE (__flash_exceptions_start, LOADADDR (.exceptions))

.text           0x00800020     0x1c04
                0x00800020                PROVIDE (stext, ABSOLUTE (.))
 *(.interp)
 *(.hash)
 *(.dynsym)
 *(.dynstr)
 *(.gnu.version)
 *(.gnu.version_d)
 *(.gnu.version_r)
 *(.rel.init)
 *(.rela.init)
 *(.rel.text .rel.text.* .rel.gnu.linkonce.t.*)
 *(.rela.text .rela.text.* .rela.gnu.linkonce.t.*)
 *(.rel.fini)
 *(.rela.fini)
 *(.rel.rodata .rel.rodata.* .rel.gnu.linkonce.r.*)
 *(.rela.rodata .rela.rodata.* .rela.gnu.linkonce.r.*)
 *(.rel.data .rel.data.* .rel.gnu.linkonce.d.*)
 *(.rela.data .rela.data.* .rela.gnu.linkonce.d.*)
 *(.rel.tdata .rel.tdata.* .rel.gnu.linkonce.td.*)
 *(.rela.tdata .rela.tdata.* .rela.gnu.linkonce.td.*)
 *(.rel.tbss .rel.tbss.* .rel.gnu.linkonce.tb.*)
 *(.rela.tbss .rela.tbss.* .rela.gnu.linkonce.tb.*)
 *(.rel.ctors)
 *(.rela.ctors)
 *(.rel.dtors)
 *(.rela.dtors)
 *(.rel.got)
 *(.rela.got)
 *(.rel.sdata .rel.sdata.* .rel.gnu.linkonce.s.*)
 *(.rela.sdata .rela.sdata.* .rela.gnu.linkonce.s.*)
 *(.rel.sbss .rel.sbss.* .rel.gnu.linkonce.sb.*)
 *(.rela.sbss .rela.sbss.* .rela.gnu.linkonce.sb.*)
 *(.rel.sdata2 .rel.sdata2.* .rel.gnu.linkonce.s2.*)
 *(.rela.sdata2 .rela.sdata2.* .rela.gnu.linkonce.s2.*)
 *(.rel.sbss2 .rel.sbss2.* .rel.gnu.linkonce.sb2.*)
 *(.rela.sbss2 .rela.sbss2.* .rela.gnu.linkonce.sb2.*)
 *(.rel.bss .rel.bss.* .rel.gnu.linkonce.b.*)
 *(.rela.bss .rela.bss.* .rela.gnu.linkonce.b.*)
 *(.rel.plt)
 *(.rela.plt)
 *(.rel.dyn)
 *(.init)
 *(.plt)
 *(.text .stub .text.* .gnu.linkonce.t.*)
 .text          0x00800020       0x48 ../icore_niosii_bsp//obj/HAL/src/crt0.o
                0x00800020                _start
 .text          0x00800068      0x174 obj/default/main.o
                0x00800068                main
 .text          0x008001dc       0x50 ../icore_niosii_bsp/\libhal_bsp.a(alt_main.o)
                0x008001dc                alt_main
 .text          0x0080022c       0x64 ../icore_niosii_bsp/\libhal_bsp.a(alt_sys_init.o)
                0x0080022c                alt_irq_init
                0x00800260                alt_sys_init
 .text          0x00800290      0x934 ../icore_niosii_bsp/\libhal_bsp.a(altera_avalon_epcs_flash_controller.o)
                0x00800290                alt_epcs_flash_init
                0x00800610                alt_epcs_flash_write
                0x00800890                alt_epcs_flash_get_info
                0x00800920                alt_epcs_flash_erase_block
                0x00800a28                alt_epcs_flash_write_block
                0x00800b38                alt_epcs_flash_read
 .text          0x00800bc4      0x460 ../icore_niosii_bsp/\libhal_bsp.a(epcs_commands.o)
                0x00800bc4                epcs_read_status_register
                0x00800c24                epcs_sector_erase
                0x00800d10                epcs_read_buffer
                0x00800dc4                epcs_write_enable
                0x00800e14                epcs_write_status_register
                0x00800e78                epcs_write_buffer
                0x00800f50                epcs_read_electronic_signature
                0x00800fbc                epcs_read_device_id
 .text          0x00801024      0x15c ../icore_niosii_bsp/\libhal_bsp.a(alt_close.o)
                0x00801024                close
 .text          0x00801180       0x2c ../icore_niosii_bsp/\libhal_bsp.a(alt_dev.o)
 .text          0x008011ac      0x114 ../icore_niosii_bsp/\libhal_bsp.a(alt_dev_llist_insert.o)
                0x008011ac                alt_dev_llist_insert
 .text          0x008012c0       0x64 ../icore_niosii_bsp/\libhal_bsp.a(alt_do_ctors.o)
                0x008012c0                _do_ctors
 .text          0x00801324       0x64 ../icore_niosii_bsp/\libhal_bsp.a(alt_do_dtors.o)
                0x00801324                _do_dtors
 .text          0x00801388        0x0 ../icore_niosii_bsp/\libhal_bsp.a(alt_errno.o)
 .text          0x00801388       0xd0 ../icore_niosii_bsp/\libhal_bsp.a(alt_flash_dev.o)
                0x00801388                alt_flash_open_dev
                0x00801404                alt_flash_close_dev
 .text          0x00801458       0x60 ../icore_niosii_bsp/\libhal_bsp.a(alt_release_fd.o)
                0x00801458                alt_release_fd
 .text          0x008014b8       0x20 ../icore_niosii_bsp/\libhal_bsp.a(altera_nios2_qsys_irq.o)
                0x008014b8                altera_nios2_qsys_irq_init
 .text          0x008014d8      0x238 ../icore_niosii_bsp/\libhal_bsp.a(altera_avalon_spi.o)
                0x008014d8                alt_avalon_spi_command
 .text          0x00801710       0x94 ../icore_niosii_bsp/\libhal_bsp.a(alt_find_dev.o)
                0x00801710                alt_find_dev
 .text          0x008017a4       0x14 c:/altera/11.1/nios2eds/bin/gnu/h-i686-mingw32/bin/../lib/gcc/nios2-elf/4.1.2/../../../../nios2-elf/lib\libc.a(lib_a-atexit.o)
                0x008017a4                atexit
 .text          0x008017b8       0x38 c:/altera/11.1/nios2eds/bin/gnu/h-i686-mingw32/bin/../lib/gcc/nios2-elf/4.1.2/../../../../nios2-elf/lib\libc.a(lib_a-exit.o)
                0x008017b8                exit
 .text          0x008017f0        0x0 c:/altera/11.1/nios2eds/bin/gnu/h-i686-mingw32/bin/../lib/gcc/nios2-elf/4.1.2/../../../../nios2-elf/lib\libc.a(lib_a-impure.o)
 .text          0x008017f0        0x0 c:/altera/11.1/nios2eds/bin/gnu/h-i686-mingw32/bin/../lib/gcc/nios2-elf/4.1.2/../../../../nios2-elf/lib\libc.a(lib_a-int_errno.o)
 .text          0x008017f0       0x74 c:/altera/11.1/nios2eds/bin/gnu/h-i686-mingw32/bin/../lib/gcc/nios2-elf/4.1.2/../../../../nios2-elf/lib\libc.a(lib_a-memcmp.o)
                0x008017f0                memcmp
 .text          0x00801864       0x74 c:/altera/11.1/nios2eds/bin/gnu/h-i686-mingw32/bin/../lib/gcc/nios2-elf/4.1.2/../../../../nios2-elf/lib\libc.a(lib_a-strlen.o)
                0x00801864                strlen
 .text          0x008018d8      0x134 c:/altera/11.1/nios2eds/bin/gnu/h-i686-mingw32/bin/../lib/gcc/nios2-elf/4.1.2/../../../../nios2-elf/lib\libc.a(lib_a-__atexit.o)
                0x008018d8                __register_exitproc
 .text          0x00801a0c      0x1b4 c:/altera/11.1/nios2eds/bin/gnu/h-i686-mingw32/bin/../lib/gcc/nios2-elf/4.1.2/../../../../nios2-elf/lib\libc.a(lib_a-__call_atexit.o)
                0x00801a10                __call_exitprocs
 .text          0x00801bc0       0x60 ../icore_niosii_bsp/\libhal_bsp.a(alt_exit.o)
                0x00801c00                _exit
 *(.gnu.warning.*)
 *(.fini)
                0x00801c20                PROVIDE (__etext, ABSOLUTE (.))
                0x00801c20                PROVIDE (_etext, ABSOLUTE (.))
                0x00801c20                PROVIDE (etext, ABSOLUTE (.))
 *(.eh_frame_hdr)
                0x00801c20                . = ALIGN (0x4)
                0x00801c20                PROVIDE (__preinit_array_start, ABSOLUTE (.))
 *(.preinit_array)
                0x00801c20                PROVIDE (__preinit_array_end, ABSOLUTE (.))
                0x00801c20                PROVIDE (__init_array_start, ABSOLUTE (.))
 *(.init_array)
                0x00801c20                PROVIDE (__init_array_end, ABSOLUTE (.))
                0x00801c20                PROVIDE (__fini_array_start, ABSOLUTE (.))
 *(.fini_array)
                0x00801c20                PROVIDE (__fini_array_end, ABSOLUTE (.))
 *(.eh_frame)
 *(.gcc_except_table)
 *(.dynamic)
                0x00801c20                PROVIDE (__CTOR_LIST__, ABSOLUTE (.))
 *(.ctors)
 *(SORT(.ctors.*))
 .ctors.65535   0x00801c20        0x4 c:/altera/11.1/nios2eds/bin/gnu/h-i686-mingw32/bin/../lib/gcc/nios2-elf/4.1.2/../../../../nios2-elf/lib\libc.a(lib_a-__call_atexit.o)
                0x00801c24                PROVIDE (__CTOR_END__, ABSOLUTE (.))
                0x00801c24                PROVIDE (__DTOR_LIST__, ABSOLUTE (.))
 *(.dtors)
 *(SORT(.dtors.*))
                0x00801c24                PROVIDE (__DTOR_END__, ABSOLUTE (.))
 *(.jcr)
                0x00801c24                . = ALIGN (0x4)

.rodata         0x00801c24       0x30
                0x00801c24                PROVIDE (__ram_rodata_start, ABSOLUTE (.))
                0x00801c24                . = ALIGN (0x4)
 *(.rodata .rodata.* .gnu.linkonce.r.*)
 .rodata        0x00801c24       0x20 ../icore_niosii_bsp/\libhal_bsp.a(alt_sys_init.o)
 .rodata        0x00801c44        0xc ../icore_niosii_bsp/\libhal_bsp.a(alt_dev.o)
 .rodata.str1.4
                0x00801c50        0x4 c:/altera/11.1/nios2eds/bin/gnu/h-i686-mingw32/bin/../lib/gcc/nios2-elf/4.1.2/../../../../nios2-elf/lib\libc.a(lib_a-impure.o)
 *(.rodata1)
                0x00801c54                . = ALIGN (0x4)
                0x00801c54                PROVIDE (__ram_rodata_end, ABSOLUTE (.))
                0x00801c24                PROVIDE (__flash_rodata_start, LOADADDR (.rodata))

.rwdata         0x00801c54      0x694
                0x00801c54                PROVIDE (__ram_rwdata_start, ABSOLUTE (.))
                0x00801c54                . = ALIGN (0x4)
 *(.got.plt)
 *(.got)
 *(.data1)
 *(.data .data.* .gnu.linkonce.d.*)
 .data          0x00801c54        0x0 ../icore_niosii_bsp//obj/HAL/src/crt0.o
 .data          0x00801c54        0x0 obj/default/main.o
 .data          0x00801c54        0x0 ../icore_niosii_bsp/\libhal_bsp.a(alt_main.o)
 .data          0x00801c54       0xc4 ../icore_niosii_bsp/\libhal_bsp.a(alt_sys_init.o)
 .data          0x00801d18        0x0 ../icore_niosii_bsp/\libhal_bsp.a(altera_avalon_epcs_flash_controller.o)
 .data          0x00801d18        0x0 ../icore_niosii_bsp/\libhal_bsp.a(epcs_commands.o)
 .data          0x00801d18        0x0 ../icore_niosii_bsp/\libhal_bsp.a(alt_close.o)
 .data          0x00801d18      0x1a8 ../icore_niosii_bsp/\libhal_bsp.a(alt_dev.o)
                0x00801d18                alt_dev_null
                0x00801d40                alt_fd_list
 .data          0x00801ec0        0x0 ../icore_niosii_bsp/\libhal_bsp.a(alt_dev_llist_insert.o)
 .data          0x00801ec0        0x0 ../icore_niosii_bsp/\libhal_bsp.a(alt_do_ctors.o)
 .data          0x00801ec0        0x0 ../icore_niosii_bsp/\libhal_bsp.a(alt_do_dtors.o)
 .data          0x00801ec0        0x0 ../icore_niosii_bsp/\libhal_bsp.a(alt_errno.o)
 .data          0x00801ec0        0x0 ../icore_niosii_bsp/\libhal_bsp.a(alt_flash_dev.o)
 .data          0x00801ec0        0x0 ../icore_niosii_bsp/\libhal_bsp.a(alt_release_fd.o)
 .data          0x00801ec0        0x0 ../icore_niosii_bsp/\libhal_bsp.a(altera_nios2_qsys_irq.o)
 .data          0x00801ec0        0x0 ../icore_niosii_bsp/\libhal_bsp.a(altera_avalon_spi.o)
 .data          0x00801ec0        0x0 ../icore_niosii_bsp/\libhal_bsp.a(alt_find_dev.o)
 .data          0x00801ec0        0x0 c:/altera/11.1/nios2eds/bin/gnu/h-i686-mingw32/bin/../lib/gcc/nios2-elf/4.1.2/../../../../nios2-elf/lib\libc.a(lib_a-atexit.o)
 .data          0x00801ec0        0x0 c:/altera/11.1/nios2eds/bin/gnu/h-i686-mingw32/bin/../lib/gcc/nios2-elf/4.1.2/../../../../nios2-elf/lib\libc.a(lib_a-exit.o)
 .data          0x00801ec0      0x400 c:/altera/11.1/nios2eds/bin/gnu/h-i686-mingw32/bin/../lib/gcc/nios2-elf/4.1.2/../../../../nios2-elf/lib\libc.a(lib_a-impure.o)
 .data          0x008022c0        0x0 c:/altera/11.1/nios2eds/bin/gnu/h-i686-mingw32/bin/../lib/gcc/nios2-elf/4.1.2/../../../../nios2-elf/lib\libc.a(lib_a-int_errno.o)
 .data          0x008022c0        0x0 c:/altera/11.1/nios2eds/bin/gnu/h-i686-mingw32/bin/../lib/gcc/nios2-elf/4.1.2/../../../../nios2-elf/lib\libc.a(lib_a-memcmp.o)
 .data          0x008022c0        0x0 c:/altera/11.1/nios2eds/bin/gnu/h-i686-mingw32/bin/../lib/gcc/nios2-elf/4.1.2/../../../../nios2-elf/lib\libc.a(lib_a-strlen.o)
 .data          0x008022c0        0x0 c:/altera/11.1/nios2eds/bin/gnu/h-i686-mingw32/bin/../lib/gcc/nios2-elf/4.1.2/../../../../nios2-elf/lib\libc.a(lib_a-__atexit.o)
 .data          0x008022c0        0x0 c:/altera/11.1/nios2eds/bin/gnu/h-i686-mingw32/bin/../lib/gcc/nios2-elf/4.1.2/../../../../nios2-elf/lib\libc.a(lib_a-__call_atexit.o)
 .data          0x008022c0        0x0 ../icore_niosii_bsp/\libhal_bsp.a(alt_exit.o)
                0x0080a2c0                _gp = ABSOLUTE ((. + 0x8000))
                0x0080a2c0                PROVIDE (gp, _gp)
 *(.rwdata .rwdata.*)
 *(.sdata .sdata.* .gnu.linkonce.s.*)
 .sdata         0x008022c0       0x14 ../icore_niosii_bsp/\libhal_bsp.a(alt_dev.o)
                0x008022c0                alt_fs_list
                0x008022c8                alt_dev_list
                0x008022d0                alt_max_fd
 .sdata         0x008022d4        0x4 ../icore_niosii_bsp/\libhal_bsp.a(alt_errno.o)
                0x008022d4                alt_errno
 .sdata         0x008022d8        0x8 ../icore_niosii_bsp/\libhal_bsp.a(alt_flash_dev.o)
                0x008022d8                alt_flash_dev_list
 .sdata         0x008022e0        0x8 c:/altera/11.1/nios2eds/bin/gnu/h-i686-mingw32/bin/../lib/gcc/nios2-elf/4.1.2/../../../../nios2-elf/lib\libc.a(lib_a-impure.o)
                0x008022e0                _impure_ptr
                0x008022e4                _global_impure_ptr
 *(.sdata2 .sdata2.* .gnu.linkonce.s2.*)
                0x008022e8                . = ALIGN (0x4)
                0x008022e8                _edata = ABSOLUTE (.)
                0x008022e8                PROVIDE (edata, ABSOLUTE (.))
                0x008022e8                PROVIDE (__ram_rwdata_end, ABSOLUTE (.))
                0x00801c54                PROVIDE (__flash_rwdata_start, LOADADDR (.rwdata))

.bss            0x008022e8   0x4001a0
                0x008022e8                __bss_start = ABSOLUTE (.)
                0x008022e8                PROVIDE (__sbss_start, ABSOLUTE (.))
                0x008022e8                PROVIDE (___sbss_start, ABSOLUTE (.))
 *(.dynsbss)
 *(.sbss .sbss.* .gnu.linkonce.sb.*)
 .sbss          0x008022e8        0xc ../icore_niosii_bsp/\libhal_bsp.a(alt_main.o)
                0x008022e8                alt_argc
                0x008022ec                alt_argv
                0x008022f0                alt_envp
 .sbss          0x008022f4        0x4 c:/altera/11.1/nios2eds/bin/gnu/h-i686-mingw32/bin/../lib/gcc/nios2-elf/4.1.2/../../../../nios2-elf/lib\libc.a(lib_a-int_errno.o)
                0x008022f4                errno
 *(.sbss2 .sbss2.* .gnu.linkonce.sb2.*)
 *(.scommon)
                0x008022f8                PROVIDE (__sbss_end, ABSOLUTE (.))
                0x008022f8                PROVIDE (___sbss_end, ABSOLUTE (.))
 *(.dynbss)
 *(.bss .bss.* .gnu.linkonce.b.*)
 .bss           0x008022f8        0x0 ../icore_niosii_bsp//obj/HAL/src/crt0.o
 .bss           0x008022f8        0x0 obj/default/main.o
 .bss           0x008022f8        0x0 ../icore_niosii_bsp/\libhal_bsp.a(alt_main.o)
 .bss           0x008022f8        0x0 ../icore_niosii_bsp/\libhal_bsp.a(alt_sys_init.o)
 .bss           0x008022f8        0x0 ../icore_niosii_bsp/\libhal_bsp.a(altera_avalon_epcs_flash_controller.o)
 .bss           0x008022f8        0x0 ../icore_niosii_bsp/\libhal_bsp.a(epcs_commands.o)
 .bss           0x008022f8        0x0 ../icore_niosii_bsp/\libhal_bsp.a(alt_close.o)
 .bss           0x008022f8        0x0 ../icore_niosii_bsp/\libhal_bsp.a(alt_dev.o)
 .bss           0x008022f8        0x0 ../icore_niosii_bsp/\libhal_bsp.a(alt_dev_llist_insert.o)
 .bss           0x008022f8        0x0 ../icore_niosii_bsp/\libhal_bsp.a(alt_do_ctors.o)
 .bss           0x008022f8        0x0 ../icore_niosii_bsp/\libhal_bsp.a(alt_do_dtors.o)
 .bss           0x008022f8        0x0 ../icore_niosii_bsp/\libhal_bsp.a(alt_errno.o)
 .bss           0x008022f8        0x0 ../icore_niosii_bsp/\libhal_bsp.a(alt_flash_dev.o)
 .bss           0x008022f8        0x0 ../icore_niosii_bsp/\libhal_bsp.a(alt_release_fd.o)
 .bss           0x008022f8        0x0 ../icore_niosii_bsp/\libhal_bsp.a(altera_nios2_qsys_irq.o)
 .bss           0x008022f8        0x0 ../icore_niosii_bsp/\libhal_bsp.a(altera_avalon_spi.o)
 .bss           0x008022f8        0x0 ../icore_niosii_bsp/\libhal_bsp.a(alt_find_dev.o)
 .bss           0x008022f8        0x0 c:/altera/11.1/nios2eds/bin/gnu/h-i686-mingw32/bin/../lib/gcc/nios2-elf/4.1.2/../../../../nios2-elf/lib\libc.a(lib_a-atexit.o)
 .bss           0x008022f8        0x0 c:/altera/11.1/nios2eds/bin/gnu/h-i686-mingw32/bin/../lib/gcc/nios2-elf/4.1.2/../../../../nios2-elf/lib\libc.a(lib_a-exit.o)
 .bss           0x008022f8        0x0 c:/altera/11.1/nios2eds/bin/gnu/h-i686-mingw32/bin/../lib/gcc/nios2-elf/4.1.2/../../../../nios2-elf/lib\libc.a(lib_a-impure.o)
 .bss           0x008022f8        0x0 c:/altera/11.1/nios2eds/bin/gnu/h-i686-mingw32/bin/../lib/gcc/nios2-elf/4.1.2/../../../../nios2-elf/lib\libc.a(lib_a-int_errno.o)
 .bss           0x008022f8        0x0 c:/altera/11.1/nios2eds/bin/gnu/h-i686-mingw32/bin/../lib/gcc/nios2-elf/4.1.2/../../../../nios2-elf/lib\libc.a(lib_a-memcmp.o)
 .bss           0x008022f8        0x0 c:/altera/11.1/nios2eds/bin/gnu/h-i686-mingw32/bin/../lib/gcc/nios2-elf/4.1.2/../../../../nios2-elf/lib\libc.a(lib_a-strlen.o)
 .bss           0x008022f8        0x0 c:/altera/11.1/nios2eds/bin/gnu/h-i686-mingw32/bin/../lib/gcc/nios2-elf/4.1.2/../../../../nios2-elf/lib\libc.a(lib_a-__atexit.o)
 .bss           0x008022f8        0x0 c:/altera/11.1/nios2eds/bin/gnu/h-i686-mingw32/bin/../lib/gcc/nios2-elf/4.1.2/../../../../nios2-elf/lib\libc.a(lib_a-__call_atexit.o)
 .bss           0x008022f8        0x0 ../icore_niosii_bsp/\libhal_bsp.a(alt_exit.o)
 *(COMMON)
 COMMON         0x008022f8   0x400000 obj/default/main.o
                0x008022f8                dat
 COMMON         0x00c022f8      0x190 c:/altera/11.1/nios2eds/bin/gnu/h-i686-mingw32/bin/../lib/gcc/nios2-elf/4.1.2/../../../../nios2-elf/lib\libc.a(lib_a-atexit.o)
                0x00c022f8                _atexit0
                0x00c02488                . = ALIGN (0x4)
                0x00c02488                __bss_end = ABSOLUTE (.)

.sdram_0        0x00c02488        0x0
                0x00c02488                PROVIDE (_alt_partition_sdram_0_start, ABSOLUTE (.))
 *(.sdram_0. sdram_0.*)
                0x00c02488                . = ALIGN (0x4)
                0x00c02488                PROVIDE (_alt_partition_sdram_0_end, ABSOLUTE (.))
                0x00c02488                _end = ABSOLUTE (.)
                0x00c02488                end = ABSOLUTE (.)
                0x00c02488                __alt_stack_base = ABSOLUTE (.)
                0x00c02488                PROVIDE (_alt_partition_sdram_0_load_addr, LOADADDR (.sdram_0))

.epcs_flash_controller_0
                0x01001820        0x0
                0x01001820                PROVIDE (_alt_partition_epcs_flash_controller_0_start, ABSOLUTE (.))
 *(.epcs_flash_controller_0. epcs_flash_controller_0.*)
                0x01001820                . = ALIGN (0x4)
                0x01001820                PROVIDE (_alt_partition_epcs_flash_controller_0_end, ABSOLUTE (.))
                0x01001820                PROVIDE (_alt_partition_epcs_flash_controller_0_load_addr, LOADADDR (.epcs_flash_controller_0))

.stab
 *(.stab)

.stabstr
 *(.stabstr)

.stab.excl
 *(.stab.excl)

.stab.exclstr
 *(.stab.exclstr)

.stab.index
 *(.stab.index)

.stab.indexstr
 *(.stab.indexstr)

.comment        0x00000000       0x26
 *(.comment)
 .comment       0x00000000       0x26 obj/default/main.o
                                 0x27 (size before relaxing)
 .comment       0x00000000       0x27 ../icore_niosii_bsp/\libhal_bsp.a(alt_main.o)
 .comment       0x00000000       0x27 ../icore_niosii_bsp/\libhal_bsp.a(alt_sys_init.o)
 .comment       0x00000000       0x27 ../icore_niosii_bsp/\libhal_bsp.a(altera_avalon_epcs_flash_controller.o)
 .comment       0x00000000       0x27 ../icore_niosii_bsp/\libhal_bsp.a(epcs_commands.o)
 .comment       0x00000000       0x27 ../icore_niosii_bsp/\libhal_bsp.a(alt_close.o)
 .comment       0x00000000       0x27 ../icore_niosii_bsp/\libhal_bsp.a(alt_dev.o)
 .comment       0x00000000       0x27 ../icore_niosii_bsp/\libhal_bsp.a(alt_dev_llist_insert.o)
 .comment       0x00000000       0x27 ../icore_niosii_bsp/\libhal_bsp.a(alt_do_ctors.o)
 .comment       0x00000000       0x27 ../icore_niosii_bsp/\libhal_bsp.a(alt_do_dtors.o)
 .comment       0x00000000       0x27 ../icore_niosii_bsp/\libhal_bsp.a(alt_errno.o)
 .comment       0x00000000       0x27 ../icore_niosii_bsp/\libhal_bsp.a(alt_flash_dev.o)
 .comment       0x00000000       0x27 ../icore_niosii_bsp/\libhal_bsp.a(alt_release_fd.o)
 .comment       0x00000000       0x27 ../icore_niosii_bsp/\libhal_bsp.a(altera_nios2_qsys_irq.o)
 .comment       0x00000000       0x27 ../icore_niosii_bsp/\libhal_bsp.a(altera_avalon_spi.o)
 .comment       0x00000000       0x27 ../icore_niosii_bsp/\libhal_bsp.a(alt_find_dev.o)
 .comment       0x00000000       0x27 c:/altera/11.1/nios2eds/bin/gnu/h-i686-mingw32/bin/../lib/gcc/nios2-elf/4.1.2/../../../../nios2-elf/lib\libc.a(lib_a-atexit.o)
 .comment       0x00000000       0x27 c:/altera/11.1/nios2eds/bin/gnu/h-i686-mingw32/bin/../lib/gcc/nios2-elf/4.1.2/../../../../nios2-elf/lib\libc.a(lib_a-exit.o)
 .comment       0x00000000       0x27 c:/altera/11.1/nios2eds/bin/gnu/h-i686-mingw32/bin/../lib/gcc/nios2-elf/4.1.2/../../../../nios2-elf/lib\libc.a(lib_a-impure.o)
 .comment       0x00000000       0x27 c:/altera/11.1/nios2eds/bin/gnu/h-i686-mingw32/bin/../lib/gcc/nios2-elf/4.1.2/../../../../nios2-elf/lib\libc.a(lib_a-int_errno.o)
 .comment       0x00000000       0x27 c:/altera/11.1/nios2eds/bin/gnu/h-i686-mingw32/bin/../lib/gcc/nios2-elf/4.1.2/../../../../nios2-elf/lib\libc.a(lib_a-memcmp.o)
 .comment       0x00000000       0x27 c:/altera/11.1/nios2eds/bin/gnu/h-i686-mingw32/bin/../lib/gcc/nios2-elf/4.1.2/../../../../nios2-elf/lib\libc.a(lib_a-strlen.o)
 .comment       0x00000000       0x27 c:/altera/11.1/nios2eds/bin/gnu/h-i686-mingw32/bin/../lib/gcc/nios2-elf/4.1.2/../../../../nios2-elf/lib\libc.a(lib_a-__atexit.o)
 .comment       0x00000000       0x27 c:/altera/11.1/nios2eds/bin/gnu/h-i686-mingw32/bin/../lib/gcc/nios2-elf/4.1.2/../../../../nios2-elf/lib\libc.a(lib_a-__call_atexit.o)
 .comment       0x00000000       0x27 ../icore_niosii_bsp/\libhal_bsp.a(alt_exit.o)

.debug
 *(.debug)

.line
 *(.line)

.debug_srcinfo
 *(.debug_srcinfo)

.debug_sfnames
 *(.debug_sfnames)

.debug_aranges  0x00000000      0x2e0
 *(.debug_aranges)
 .debug_aranges
                0x00000000       0x20 ../icore_niosii_bsp//obj/HAL/src/crt0.o
 .debug_aranges
                0x00000020       0x20 obj/default/main.o
 .debug_aranges
                0x00000040       0x20 ../icore_niosii_bsp/\libhal_bsp.a(alt_main.o)
 .debug_aranges
                0x00000060       0x20 ../icore_niosii_bsp/\libhal_bsp.a(alt_sys_init.o)
 .debug_aranges
                0x00000080       0x20 ../icore_niosii_bsp/\libhal_bsp.a(altera_avalon_epcs_flash_controller.o)
 .debug_aranges
                0x000000a0       0x20 ../icore_niosii_bsp/\libhal_bsp.a(epcs_commands.o)
 .debug_aranges
                0x000000c0       0x20 ../icore_niosii_bsp/\libhal_bsp.a(alt_close.o)
 .debug_aranges
                0x000000e0       0x20 ../icore_niosii_bsp/\libhal_bsp.a(alt_dev.o)
 .debug_aranges
                0x00000100       0x20 ../icore_niosii_bsp/\libhal_bsp.a(alt_dev_llist_insert.o)
 .debug_aranges
                0x00000120       0x20 ../icore_niosii_bsp/\libhal_bsp.a(alt_do_ctors.o)
 .debug_aranges
                0x00000140       0x20 ../icore_niosii_bsp/\libhal_bsp.a(alt_do_dtors.o)
 .debug_aranges
                0x00000160       0x20 ../icore_niosii_bsp/\libhal_bsp.a(alt_flash_dev.o)
 .debug_aranges
                0x00000180       0x20 ../icore_niosii_bsp/\libhal_bsp.a(alt_release_fd.o)
 .debug_aranges
                0x000001a0       0x20 ../icore_niosii_bsp/\libhal_bsp.a(altera_nios2_qsys_irq.o)
 .debug_aranges
                0x000001c0       0x20 ../icore_niosii_bsp/\libhal_bsp.a(altera_avalon_spi.o)
 .debug_aranges
                0x000001e0       0x20 ../icore_niosii_bsp/\libhal_bsp.a(alt_find_dev.o)
 .debug_aranges
                0x00000200       0x20 c:/altera/11.1/nios2eds/bin/gnu/h-i686-mingw32/bin/../lib/gcc/nios2-elf/4.1.2/../../../../nios2-elf/lib\libc.a(lib_a-atexit.o)
 .debug_aranges
                0x00000220       0x20 c:/altera/11.1/nios2eds/bin/gnu/h-i686-mingw32/bin/../lib/gcc/nios2-elf/4.1.2/../../../../nios2-elf/lib\libc.a(lib_a-exit.o)
 .debug_aranges
                0x00000240       0x20 c:/altera/11.1/nios2eds/bin/gnu/h-i686-mingw32/bin/../lib/gcc/nios2-elf/4.1.2/../../../../nios2-elf/lib\libc.a(lib_a-memcmp.o)
 .debug_aranges
                0x00000260       0x20 c:/altera/11.1/nios2eds/bin/gnu/h-i686-mingw32/bin/../lib/gcc/nios2-elf/4.1.2/../../../../nios2-elf/lib\libc.a(lib_a-strlen.o)
 .debug_aranges
                0x00000280       0x20 c:/altera/11.1/nios2eds/bin/gnu/h-i686-mingw32/bin/../lib/gcc/nios2-elf/4.1.2/../../../../nios2-elf/lib\libc.a(lib_a-__atexit.o)
 .debug_aranges
                0x000002a0       0x20 c:/altera/11.1/nios2eds/bin/gnu/h-i686-mingw32/bin/../lib/gcc/nios2-elf/4.1.2/../../../../nios2-elf/lib\libc.a(lib_a-__call_atexit.o)
 .debug_aranges
                0x000002c0       0x20 ../icore_niosii_bsp/\libhal_bsp.a(alt_exit.o)

.debug_pubnames
                0x00000000      0x57c
 *(.debug_pubnames)
 .debug_pubnames
                0x00000000       0x23 obj/default/main.o
 .debug_pubnames
                0x00000023       0x46 ../icore_niosii_bsp/\libhal_bsp.a(alt_main.o)
 .debug_pubnames
                0x00000069       0x34 ../icore_niosii_bsp/\libhal_bsp.a(alt_sys_init.o)
 .debug_pubnames
                0x0000009d       0xb5 ../icore_niosii_bsp/\libhal_bsp.a(altera_avalon_epcs_flash_controller.o)
 .debug_pubnames
                0x00000152       0xe1 ../icore_niosii_bsp/\libhal_bsp.a(epcs_commands.o)
 .debug_pubnames
                0x00000233       0x1c ../icore_niosii_bsp/\libhal_bsp.a(alt_close.o)
 .debug_pubnames
                0x0000024f       0x63 ../icore_niosii_bsp/\libhal_bsp.a(alt_dev.o)
 .debug_pubnames
                0x000002b2       0x2b ../icore_niosii_bsp/\libhal_bsp.a(alt_dev_llist_insert.o)
 .debug_pubnames
                0x000002dd       0x20 ../icore_niosii_bsp/\libhal_bsp.a(alt_do_ctors.o)
 .debug_pubnames
                0x000002fd       0x20 ../icore_niosii_bsp/\libhal_bsp.a(alt_do_dtors.o)
 .debug_pubnames
                0x0000031d       0x20 ../icore_niosii_bsp/\libhal_bsp.a(alt_errno.o)
 .debug_pubnames
                0x0000033d       0x58 ../icore_niosii_bsp/\libhal_bsp.a(alt_flash_dev.o)
 .debug_pubnames
                0x00000395       0x25 ../icore_niosii_bsp/\libhal_bsp.a(alt_release_fd.o)
 .debug_pubnames
                0x000003ba       0x31 ../icore_niosii_bsp/\libhal_bsp.a(altera_nios2_qsys_irq.o)
 .debug_pubnames
                0x000003eb       0x2d ../icore_niosii_bsp/\libhal_bsp.a(altera_avalon_spi.o)
 .debug_pubnames
                0x00000418       0x23 ../icore_niosii_bsp/\libhal_bsp.a(alt_find_dev.o)
 .debug_pubnames
                0x0000043b       0x2a c:/altera/11.1/nios2eds/bin/gnu/h-i686-mingw32/bin/../lib/gcc/nios2-elf/4.1.2/../../../../nios2-elf/lib\libc.a(lib_a-atexit.o)
 .debug_pubnames
                0x00000465       0x1b c:/altera/11.1/nios2eds/bin/gnu/h-i686-mingw32/bin/../lib/gcc/nios2-elf/4.1.2/../../../../nios2-elf/lib\libc.a(lib_a-exit.o)
 .debug_pubnames
                0x00000480       0x39 c:/altera/11.1/nios2eds/bin/gnu/h-i686-mingw32/bin/../lib/gcc/nios2-elf/4.1.2/../../../../nios2-elf/lib\libc.a(lib_a-impure.o)
 .debug_pubnames
                0x000004b9       0x1c c:/altera/11.1/nios2eds/bin/gnu/h-i686-mingw32/bin/../lib/gcc/nios2-elf/4.1.2/../../../../nios2-elf/lib\libc.a(lib_a-int_errno.o)
 .debug_pubnames
                0x000004d5       0x1d c:/altera/11.1/nios2eds/bin/gnu/h-i686-mingw32/bin/../lib/gcc/nios2-elf/4.1.2/../../../../nios2-elf/lib\libc.a(lib_a-memcmp.o)
 .debug_pubnames
                0x000004f2       0x1d c:/altera/11.1/nios2eds/bin/gnu/h-i686-mingw32/bin/../lib/gcc/nios2-elf/4.1.2/../../../../nios2-elf/lib\libc.a(lib_a-strlen.o)
 .debug_pubnames
                0x0000050f       0x2a c:/altera/11.1/nios2eds/bin/gnu/h-i686-mingw32/bin/../lib/gcc/nios2-elf/4.1.2/../../../../nios2-elf/lib\libc.a(lib_a-__atexit.o)
 .debug_pubnames
                0x00000539       0x27 c:/altera/11.1/nios2eds/bin/gnu/h-i686-mingw32/bin/../lib/gcc/nios2-elf/4.1.2/../../../../nios2-elf/lib\libc.a(lib_a-__call_atexit.o)
 .debug_pubnames
                0x00000560       0x1c ../icore_niosii_bsp/\libhal_bsp.a(alt_exit.o)

.debug_info     0x00000000     0x688c
 *(.debug_info .gnu.linkonce.wi.*)
 .debug_info    0x00000000       0x68 ../icore_niosii_bsp//obj/HAL/src/crt0.o
 .debug_info    0x00000068      0x14f obj/default/main.o
 .debug_info    0x000001b7      0x255 ../icore_niosii_bsp/\libhal_bsp.a(alt_main.o)
 .debug_info    0x0000040c      0x633 ../icore_niosii_bsp/\libhal_bsp.a(alt_sys_init.o)
 .debug_info    0x00000a3f      0xb6d ../icore_niosii_bsp/\libhal_bsp.a(altera_avalon_epcs_flash_controller.o)
 .debug_info    0x000015ac      0x511 ../icore_niosii_bsp/\libhal_bsp.a(epcs_commands.o)
 .debug_info    0x00001abd      0x450 ../icore_niosii_bsp/\libhal_bsp.a(alt_close.o)
 .debug_info    0x00001f0d      0x668 ../icore_niosii_bsp/\libhal_bsp.a(alt_dev.o)
 .debug_info    0x00002575      0x2a0 ../icore_niosii_bsp/\libhal_bsp.a(alt_dev_llist_insert.o)
 .debug_info    0x00002815       0xf8 ../icore_niosii_bsp/\libhal_bsp.a(alt_do_ctors.o)
 .debug_info    0x0000290d       0xf7 ../icore_niosii_bsp/\libhal_bsp.a(alt_do_dtors.o)
 .debug_info    0x00002a04      0x14d ../icore_niosii_bsp/\libhal_bsp.a(alt_errno.o)
 .debug_info    0x00002b51      0x582 ../icore_niosii_bsp/\libhal_bsp.a(alt_flash_dev.o)
 .debug_info    0x000030d3      0x3db ../icore_niosii_bsp/\libhal_bsp.a(alt_release_fd.o)
 .debug_info    0x000034ae      0x193 ../icore_niosii_bsp/\libhal_bsp.a(altera_nios2_qsys_irq.o)
 .debug_info    0x00003641      0x292 ../icore_niosii_bsp/\libhal_bsp.a(altera_avalon_spi.o)
 .debug_info    0x000038d3      0x401 ../icore_niosii_bsp/\libhal_bsp.a(alt_find_dev.o)
 .debug_info    0x00003cd4      0x181 c:/altera/11.1/nios2eds/bin/gnu/h-i686-mingw32/bin/../lib/gcc/nios2-elf/4.1.2/../../../../nios2-elf/lib\libc.a(lib_a-atexit.o)
 .debug_info    0x00003e55      0x93f c:/altera/11.1/nios2eds/bin/gnu/h-i686-mingw32/bin/../lib/gcc/nios2-elf/4.1.2/../../../../nios2-elf/lib\libc.a(lib_a-exit.o)
 .debug_info    0x00004794      0x93d c:/altera/11.1/nios2eds/bin/gnu/h-i686-mingw32/bin/../lib/gcc/nios2-elf/4.1.2/../../../../nios2-elf/lib\libc.a(lib_a-impure.o)
 .debug_info    0x000050d1       0x8c c:/altera/11.1/nios2eds/bin/gnu/h-i686-mingw32/bin/../lib/gcc/nios2-elf/4.1.2/../../../../nios2-elf/lib\libc.a(lib_a-int_errno.o)
 .debug_info    0x0000515d      0x115 c:/altera/11.1/nios2eds/bin/gnu/h-i686-mingw32/bin/../lib/gcc/nios2-elf/4.1.2/../../../../nios2-elf/lib\libc.a(lib_a-memcmp.o)
 .debug_info    0x00005272       0xdb c:/altera/11.1/nios2eds/bin/gnu/h-i686-mingw32/bin/../lib/gcc/nios2-elf/4.1.2/../../../../nios2-elf/lib\libc.a(lib_a-strlen.o)
 .debug_info    0x0000534d      0x99c c:/altera/11.1/nios2eds/bin/gnu/h-i686-mingw32/bin/../lib/gcc/nios2-elf/4.1.2/../../../../nios2-elf/lib\libc.a(lib_a-__atexit.o)
 .debug_info    0x00005ce9      0x9e2 c:/altera/11.1/nios2eds/bin/gnu/h-i686-mingw32/bin/../lib/gcc/nios2-elf/4.1.2/../../../../nios2-elf/lib\libc.a(lib_a-__call_atexit.o)
 .debug_info    0x000066cb      0x1c1 ../icore_niosii_bsp/\libhal_bsp.a(alt_exit.o)

.debug_abbrev   0x00000000     0x158b
 *(.debug_abbrev)
 .debug_abbrev  0x00000000       0x14 ../icore_niosii_bsp//obj/HAL/src/crt0.o
 .debug_abbrev  0x00000014       0x73 obj/default/main.o
 .debug_abbrev  0x00000087       0xbe ../icore_niosii_bsp/\libhal_bsp.a(alt_main.o)
 .debug_abbrev  0x00000145      0x12f ../icore_niosii_bsp/\libhal_bsp.a(alt_sys_init.o)
 .debug_abbrev  0x00000274      0x1bf ../icore_niosii_bsp/\libhal_bsp.a(altera_avalon_epcs_flash_controller.o)
 .debug_abbrev  0x00000433       0xe2 ../icore_niosii_bsp/\libhal_bsp.a(epcs_commands.o)
 .debug_abbrev  0x00000515       0xfb ../icore_niosii_bsp/\libhal_bsp.a(alt_close.o)
 .debug_abbrev  0x00000610       0xc7 ../icore_niosii_bsp/\libhal_bsp.a(alt_dev.o)
 .debug_abbrev  0x000006d7       0xf6 ../icore_niosii_bsp/\libhal_bsp.a(alt_dev_llist_insert.o)
 .debug_abbrev  0x000007cd       0x76 ../icore_niosii_bsp/\libhal_bsp.a(alt_do_ctors.o)
 .debug_abbrev  0x00000843       0x76 ../icore_niosii_bsp/\libhal_bsp.a(alt_do_dtors.o)
 .debug_abbrev  0x000008b9       0x5e ../icore_niosii_bsp/\libhal_bsp.a(alt_errno.o)
 .debug_abbrev  0x00000917      0x121 ../icore_niosii_bsp/\libhal_bsp.a(alt_flash_dev.o)
 .debug_abbrev  0x00000a38       0xc1 ../icore_niosii_bsp/\libhal_bsp.a(alt_release_fd.o)
 .debug_abbrev  0x00000af9       0x64 ../icore_niosii_bsp/\libhal_bsp.a(altera_nios2_qsys_irq.o)
 .debug_abbrev  0x00000b5d       0x7c ../icore_niosii_bsp/\libhal_bsp.a(altera_avalon_spi.o)
 .debug_abbrev  0x00000bd9       0xcf ../icore_niosii_bsp/\libhal_bsp.a(alt_find_dev.o)
 .debug_abbrev  0x00000ca8       0xb7 c:/altera/11.1/nios2eds/bin/gnu/h-i686-mingw32/bin/../lib/gcc/nios2-elf/4.1.2/../../../../nios2-elf/lib\libc.a(lib_a-atexit.o)
 .debug_abbrev  0x00000d5f      0x16e c:/altera/11.1/nios2eds/bin/gnu/h-i686-mingw32/bin/../lib/gcc/nios2-elf/4.1.2/../../../../nios2-elf/lib\libc.a(lib_a-exit.o)
 .debug_abbrev  0x00000ecd      0x157 c:/altera/11.1/nios2eds/bin/gnu/h-i686-mingw32/bin/../lib/gcc/nios2-elf/4.1.2/../../../../nios2-elf/lib\libc.a(lib_a-impure.o)
 .debug_abbrev  0x00001024       0x3b c:/altera/11.1/nios2eds/bin/gnu/h-i686-mingw32/bin/../lib/gcc/nios2-elf/4.1.2/../../../../nios2-elf/lib\libc.a(lib_a-int_errno.o)
 .debug_abbrev  0x0000105f       0x7c c:/altera/11.1/nios2eds/bin/gnu/h-i686-mingw32/bin/../lib/gcc/nios2-elf/4.1.2/../../../../nios2-elf/lib\libc.a(lib_a-memcmp.o)
 .debug_abbrev  0x000010db       0x8b c:/altera/11.1/nios2eds/bin/gnu/h-i686-mingw32/bin/../lib/gcc/nios2-elf/4.1.2/../../../../nios2-elf/lib\libc.a(lib_a-strlen.o)
 .debug_abbrev  0x00001166      0x1ae c:/altera/11.1/nios2eds/bin/gnu/h-i686-mingw32/bin/../lib/gcc/nios2-elf/4.1.2/../../../../nios2-elf/lib\libc.a(lib_a-__atexit.o)
 .debug_abbrev  0x00001314      0x1de c:/altera/11.1/nios2eds/bin/gnu/h-i686-mingw32/bin/../lib/gcc/nios2-elf/4.1.2/../../../../nios2-elf/lib\libc.a(lib_a-__call_atexit.o)
 .debug_abbrev  0x000014f2       0x99 ../icore_niosii_bsp/\libhal_bsp.a(alt_exit.o)

.debug_line     0x00000000     0x3a7f
 *(.debug_line)
 .debug_line    0x00000000       0x57 ../icore_niosii_bsp//obj/HAL/src/crt0.o
 .debug_line    0x00000057      0x239 obj/default/main.o
 .debug_line    0x00000290      0x2d0 ../icore_niosii_bsp/\libhal_bsp.a(alt_main.o)
 .debug_line    0x00000560      0x283 ../icore_niosii_bsp/\libhal_bsp.a(alt_sys_init.o)
 .debug_line    0x000007e3      0x6a1 ../icore_niosii_bsp/\libhal_bsp.a(altera_avalon_epcs_flash_controller.o)
 .debug_line    0x00000e84      0x2b5 ../icore_niosii_bsp/\libhal_bsp.a(epcs_commands.o)
 .debug_line    0x00001139      0x293 ../icore_niosii_bsp/\libhal_bsp.a(alt_close.o)
 .debug_line    0x000013cc      0x24e ../icore_niosii_bsp/\libhal_bsp.a(alt_dev.o)
 .debug_line    0x0000161a      0x254 ../icore_niosii_bsp/\libhal_bsp.a(alt_dev_llist_insert.o)
 .debug_line    0x0000186e       0x83 ../icore_niosii_bsp/\libhal_bsp.a(alt_do_ctors.o)
 .debug_line    0x000018f1       0x83 ../icore_niosii_bsp/\libhal_bsp.a(alt_do_dtors.o)
 .debug_line    0x00001974      0x1a4 ../icore_niosii_bsp/\libhal_bsp.a(alt_errno.o)
 .debug_line    0x00001b18      0x262 ../icore_niosii_bsp/\libhal_bsp.a(alt_flash_dev.o)
 .debug_line    0x00001d7a       0xed ../icore_niosii_bsp/\libhal_bsp.a(alt_release_fd.o)
 .debug_line    0x00001e67      0x1e1 ../icore_niosii_bsp/\libhal_bsp.a(altera_nios2_qsys_irq.o)
 .debug_line    0x00002048      0x1ef ../icore_niosii_bsp/\libhal_bsp.a(altera_avalon_spi.o)
 .debug_line    0x00002237      0x265 ../icore_niosii_bsp/\libhal_bsp.a(alt_find_dev.o)
 .debug_line    0x0000249c      0x200 c:/altera/11.1/nios2eds/bin/gnu/h-i686-mingw32/bin/../lib/gcc/nios2-elf/4.1.2/../../../../nios2-elf/lib\libc.a(lib_a-atexit.o)
 .debug_line    0x0000269c      0x238 c:/altera/11.1/nios2eds/bin/gnu/h-i686-mingw32/bin/../lib/gcc/nios2-elf/4.1.2/../../../../nios2-elf/lib\libc.a(lib_a-exit.o)
 .debug_line    0x000028d4      0x22d c:/altera/11.1/nios2eds/bin/gnu/h-i686-mingw32/bin/../lib/gcc/nios2-elf/4.1.2/../../../../nios2-elf/lib\libc.a(lib_a-impure.o)
 .debug_line    0x00002b01      0x1df c:/altera/11.1/nios2eds/bin/gnu/h-i686-mingw32/bin/../lib/gcc/nios2-elf/4.1.2/../../../../nios2-elf/lib\libc.a(lib_a-int_errno.o)
 .debug_line    0x00002ce0      0x29f c:/altera/11.1/nios2eds/bin/gnu/h-i686-mingw32/bin/../lib/gcc/nios2-elf/4.1.2/../../../../nios2-elf/lib\libc.a(lib_a-memcmp.o)
 .debug_line    0x00002f7f      0x26d c:/altera/11.1/nios2eds/bin/gnu/h-i686-mingw32/bin/../lib/gcc/nios2-elf/4.1.2/../../../../nios2-elf/lib\libc.a(lib_a-strlen.o)
 .debug_line    0x000031ec      0x313 c:/altera/11.1/nios2eds/bin/gnu/h-i686-mingw32/bin/../lib/gcc/nios2-elf/4.1.2/../../../../nios2-elf/lib\libc.a(lib_a-__atexit.o)
 .debug_line    0x000034ff      0x367 c:/altera/11.1/nios2eds/bin/gnu/h-i686-mingw32/bin/../lib/gcc/nios2-elf/4.1.2/../../../../nios2-elf/lib\libc.a(lib_a-__call_atexit.o)
 .debug_line    0x00003866      0x219 ../icore_niosii_bsp/\libhal_bsp.a(alt_exit.o)

.debug_frame    0x00000000      0x64c
 *(.debug_frame)
 .debug_frame   0x00000000       0x2c obj/default/main.o
 .debug_frame   0x0000002c       0x2c ../icore_niosii_bsp/\libhal_bsp.a(alt_main.o)
 .debug_frame   0x00000058       0x48 ../icore_niosii_bsp/\libhal_bsp.a(alt_sys_init.o)
 .debug_frame   0x000000a0      0x128 ../icore_niosii_bsp/\libhal_bsp.a(altera_avalon_epcs_flash_controller.o)
 .debug_frame   0x000001c8      0x128 ../icore_niosii_bsp/\libhal_bsp.a(epcs_commands.o)
 .debug_frame   0x000002f0       0x48 ../icore_niosii_bsp/\libhal_bsp.a(alt_close.o)
 .debug_frame   0x00000338       0x2c ../icore_niosii_bsp/\libhal_bsp.a(alt_dev.o)
 .debug_frame   0x00000364       0x48 ../icore_niosii_bsp/\libhal_bsp.a(alt_dev_llist_insert.o)
 .debug_frame   0x000003ac       0x2c ../icore_niosii_bsp/\libhal_bsp.a(alt_do_ctors.o)
 .debug_frame   0x000003d8       0x2c ../icore_niosii_bsp/\libhal_bsp.a(alt_do_dtors.o)
 .debug_frame   0x00000404       0x48 ../icore_niosii_bsp/\libhal_bsp.a(alt_flash_dev.o)
 .debug_frame   0x0000044c       0x2c ../icore_niosii_bsp/\libhal_bsp.a(alt_release_fd.o)
 .debug_frame   0x00000478       0x2c ../icore_niosii_bsp/\libhal_bsp.a(altera_nios2_qsys_irq.o)
 .debug_frame   0x000004a4       0x2c ../icore_niosii_bsp/\libhal_bsp.a(altera_avalon_spi.o)
 .debug_frame   0x000004d0       0x2c ../icore_niosii_bsp/\libhal_bsp.a(alt_find_dev.o)
 .debug_frame   0x000004fc       0x20 c:/altera/11.1/nios2eds/bin/gnu/h-i686-mingw32/bin/../lib/gcc/nios2-elf/4.1.2/../../../../nios2-elf/lib\libc.a(lib_a-atexit.o)
 .debug_frame   0x0000051c       0x28 c:/altera/11.1/nios2eds/bin/gnu/h-i686-mingw32/bin/../lib/gcc/nios2-elf/4.1.2/../../../../nios2-elf/lib\libc.a(lib_a-exit.o)
 .debug_frame   0x00000544       0x20 c:/altera/11.1/nios2eds/bin/gnu/h-i686-mingw32/bin/../lib/gcc/nios2-elf/4.1.2/../../../../nios2-elf/lib\libc.a(lib_a-memcmp.o)
 .debug_frame   0x00000564       0x20 c:/altera/11.1/nios2eds/bin/gnu/h-i686-mingw32/bin/../lib/gcc/nios2-elf/4.1.2/../../../../nios2-elf/lib\libc.a(lib_a-strlen.o)
 .debug_frame   0x00000584       0x34 c:/altera/11.1/nios2eds/bin/gnu/h-i686-mingw32/bin/../lib/gcc/nios2-elf/4.1.2/../../../../nios2-elf/lib\libc.a(lib_a-__atexit.o)
 .debug_frame   0x000005b8       0x4c c:/altera/11.1/nios2eds/bin/gnu/h-i686-mingw32/bin/../lib/gcc/nios2-elf/4.1.2/../../../../nios2-elf/lib\libc.a(lib_a-__call_atexit.o)
 .debug_frame   0x00000604       0x48 ../icore_niosii_bsp/\libhal_bsp.a(alt_exit.o)

.debug_str      0x00000000      0x9c7
 *(.debug_str)
 .debug_str     0x00000000       0x12 obj/default/main.o
 .debug_str     0x00000012       0x12 ../icore_niosii_bsp/\libhal_bsp.a(alt_main.o)
 .debug_str     0x00000024       0x40 ../icore_niosii_bsp/\libhal_bsp.a(alt_sys_init.o)
 .debug_str     0x00000064       0x90 ../icore_niosii_bsp/\libhal_bsp.a(altera_avalon_epcs_flash_controller.o)
 .debug_str     0x000000f4       0x1e ../icore_niosii_bsp/\libhal_bsp.a(epcs_commands.o)
 .debug_str     0x00000112       0x12 ../icore_niosii_bsp/\libhal_bsp.a(alt_close.o)
 .debug_str     0x00000124       0x12 ../icore_niosii_bsp/\libhal_bsp.a(alt_dev.o)
 .debug_str     0x00000136       0x12 ../icore_niosii_bsp/\libhal_bsp.a(alt_dev_llist_insert.o)
 .debug_str     0x00000148       0x12 ../icore_niosii_bsp/\libhal_bsp.a(alt_errno.o)
 .debug_str     0x0000015a       0x2d ../icore_niosii_bsp/\libhal_bsp.a(alt_flash_dev.o)
 .debug_str     0x00000187       0x12 ../icore_niosii_bsp/\libhal_bsp.a(altera_nios2_qsys_irq.o)
 .debug_str     0x00000199       0x12 ../icore_niosii_bsp/\libhal_bsp.a(alt_find_dev.o)
 .debug_str     0x000001ab      0x179 c:/altera/11.1/nios2eds/bin/gnu/h-i686-mingw32/bin/../lib/gcc/nios2-elf/4.1.2/../../../../nios2-elf/lib\libc.a(lib_a-atexit.o)
                                0x1bf (size before relaxing)
 .debug_str     0x00000324      0x384 c:/altera/11.1/nios2eds/bin/gnu/h-i686-mingw32/bin/../lib/gcc/nios2-elf/4.1.2/../../../../nios2-elf/lib\libc.a(lib_a-exit.o)
                                0x50c (size before relaxing)
 .debug_str     0x000006a8       0xd1 c:/altera/11.1/nios2eds/bin/gnu/h-i686-mingw32/bin/../lib/gcc/nios2-elf/4.1.2/../../../../nios2-elf/lib\libc.a(lib_a-impure.o)
                                0x51a (size before relaxing)
 .debug_str     0x00000779       0x3d c:/altera/11.1/nios2eds/bin/gnu/h-i686-mingw32/bin/../lib/gcc/nios2-elf/4.1.2/../../../../nios2-elf/lib\libc.a(lib_a-int_errno.o)
                                0x163 (size before relaxing)
 .debug_str     0x000007b6       0xd5 c:/altera/11.1/nios2eds/bin/gnu/h-i686-mingw32/bin/../lib/gcc/nios2-elf/4.1.2/../../../../nios2-elf/lib\libc.a(lib_a-memcmp.o)
                                0x16a (size before relaxing)
 .debug_str     0x0000088b       0x4f c:/altera/11.1/nios2eds/bin/gnu/h-i686-mingw32/bin/../lib/gcc/nios2-elf/4.1.2/../../../../nios2-elf/lib\libc.a(lib_a-strlen.o)
                                0x17d (size before relaxing)
 .debug_str     0x000008da       0x56 c:/altera/11.1/nios2eds/bin/gnu/h-i686-mingw32/bin/../lib/gcc/nios2-elf/4.1.2/../../../../nios2-elf/lib\libc.a(lib_a-__atexit.o)
                                0x524 (size before relaxing)
 .debug_str     0x00000930       0x7b c:/altera/11.1/nios2eds/bin/gnu/h-i686-mingw32/bin/../lib/gcc/nios2-elf/4.1.2/../../../../nios2-elf/lib\libc.a(lib_a-__call_atexit.o)
                                0x54e (size before relaxing)
 .debug_str     0x000009ab       0x1c ../icore_niosii_bsp/\libhal_bsp.a(alt_exit.o)

.debug_loc      0x00000000      0xb24
 *(.debug_loc)
 .debug_loc     0x00000000       0x2b obj/default/main.o
 .debug_loc     0x0000002b       0x2b ../icore_niosii_bsp/\libhal_bsp.a(alt_main.o)
 .debug_loc     0x00000056       0x56 ../icore_niosii_bsp/\libhal_bsp.a(alt_sys_init.o)
 .debug_loc     0x000000ac      0x1af ../icore_niosii_bsp/\libhal_bsp.a(altera_avalon_epcs_flash_controller.o)
 .debug_loc     0x0000025b      0x1ae ../icore_niosii_bsp/\libhal_bsp.a(epcs_commands.o)
 .debug_loc     0x00000409       0x56 ../icore_niosii_bsp/\libhal_bsp.a(alt_close.o)
 .debug_loc     0x0000045f       0x2b ../icore_niosii_bsp/\libhal_bsp.a(alt_dev.o)
 .debug_loc     0x0000048a       0x56 ../icore_niosii_bsp/\libhal_bsp.a(alt_dev_llist_insert.o)
 .debug_loc     0x000004e0       0x2b ../icore_niosii_bsp/\libhal_bsp.a(alt_do_ctors.o)
 .debug_loc     0x0000050b       0x2b ../icore_niosii_bsp/\libhal_bsp.a(alt_do_dtors.o)
 .debug_loc     0x00000536       0x56 ../icore_niosii_bsp/\libhal_bsp.a(alt_flash_dev.o)
 .debug_loc     0x0000058c       0x2b ../icore_niosii_bsp/\libhal_bsp.a(alt_release_fd.o)
 .debug_loc     0x000005b7       0x2b ../icore_niosii_bsp/\libhal_bsp.a(altera_nios2_qsys_irq.o)
 .debug_loc     0x000005e2       0x2b ../icore_niosii_bsp/\libhal_bsp.a(altera_avalon_spi.o)
 .debug_loc     0x0000060d       0x2b ../icore_niosii_bsp/\libhal_bsp.a(alt_find_dev.o)
 .debug_loc     0x00000638       0x1e c:/altera/11.1/nios2eds/bin/gnu/h-i686-mingw32/bin/../lib/gcc/nios2-elf/4.1.2/../../../../nios2-elf/lib\libc.a(lib_a-atexit.o)
 .debug_loc     0x00000656       0x3d c:/altera/11.1/nios2eds/bin/gnu/h-i686-mingw32/bin/../lib/gcc/nios2-elf/4.1.2/../../../../nios2-elf/lib\libc.a(lib_a-exit.o)
 .debug_loc     0x00000693      0x114 c:/altera/11.1/nios2eds/bin/gnu/h-i686-mingw32/bin/../lib/gcc/nios2-elf/4.1.2/../../../../nios2-elf/lib\libc.a(lib_a-memcmp.o)
 .debug_loc     0x000007a7       0x3c c:/altera/11.1/nios2eds/bin/gnu/h-i686-mingw32/bin/../lib/gcc/nios2-elf/4.1.2/../../../../nios2-elf/lib\libc.a(lib_a-strlen.o)
 .debug_loc     0x000007e3      0x120 c:/altera/11.1/nios2eds/bin/gnu/h-i686-mingw32/bin/../lib/gcc/nios2-elf/4.1.2/../../../../nios2-elf/lib\libc.a(lib_a-__atexit.o)
 .debug_loc     0x00000903      0x1cb c:/altera/11.1/nios2eds/bin/gnu/h-i686-mingw32/bin/../lib/gcc/nios2-elf/4.1.2/../../../../nios2-elf/lib\libc.a(lib_a-__call_atexit.o)
 .debug_loc     0x00000ace       0x56 ../icore_niosii_bsp/\libhal_bsp.a(alt_exit.o)

.debug_macinfo
 *(.debug_macinfo)

.debug_weaknames
 *(.debug_weaknames)

.debug_funcnames
 *(.debug_funcnames)

.debug_typenames
 *(.debug_typenames)

.debug_varnames
 *(.debug_varnames)

.debug_alt_sim_info
                0x00000000       0x20
 *(.debug_alt_sim_info)
 .debug_alt_sim_info
                0x00000000       0x20 ../icore_niosii_bsp//obj/HAL/src/crt0.o
                0x01000000                __alt_data_end = 0x1000000
                0x01000000                PROVIDE (__alt_stack_pointer, __alt_data_end)
                0x00c02488                PROVIDE (__alt_stack_limit, __alt_stack_base)
                0x00c02488                PROVIDE (__alt_heap_start, end)
                0x01000000                PROVIDE (__alt_heap_limit, 0x1000000)
OUTPUT(icore_niosii.elf elf32-littlenios2)

.debug_ranges   0x00000000       0x18
 .debug_ranges  0x00000000       0x18 c:/altera/11.1/nios2eds/bin/gnu/h-i686-mingw32/bin/../lib/gcc/nios2-elf/4.1.2/../../../../nios2-elf/lib\libc.a(lib_a-__call_atexit.o)
