Archive member included because of file (symbol)

../iboard_niosii_firmware_bsp/\libhal_bsp.a(alt_load.o)
                              ../iboard_niosii_firmware_bsp//obj/HAL/src/crt0.o (alt_load)
../iboard_niosii_firmware_bsp/\libhal_bsp.a(alt_main.o)
                              ../iboard_niosii_firmware_bsp//obj/HAL/src/crt0.o (alt_main)
../iboard_niosii_firmware_bsp/\libhal_bsp.a(alt_sys_init.o)
                              ../iboard_niosii_firmware_bsp/\libhal_bsp.a(alt_main.o) (alt_irq_init)
../iboard_niosii_firmware_bsp/\libhal_bsp.a(altera_avalon_epcs_flash_controller.o)
                              ../iboard_niosii_firmware_bsp/\libhal_bsp.a(alt_sys_init.o) (alt_epcs_flash_init)
../iboard_niosii_firmware_bsp/\libhal_bsp.a(epcs_commands.o)
                              ../iboard_niosii_firmware_bsp/\libhal_bsp.a(altera_avalon_epcs_flash_controller.o) (epcs_sector_erase)
../iboard_niosii_firmware_bsp/\libhal_bsp.a(alt_close.o)
                              ../iboard_niosii_firmware_bsp/\libhal_bsp.a(alt_main.o) (close)
../iboard_niosii_firmware_bsp/\libhal_bsp.a(alt_dcache_flush_all.o)
                              ../iboard_niosii_firmware_bsp/\libhal_bsp.a(alt_load.o) (alt_dcache_flush_all)
../iboard_niosii_firmware_bsp/\libhal_bsp.a(alt_dev.o)
                              ../iboard_niosii_firmware_bsp/\libhal_bsp.a(alt_close.o) (alt_fd_list)
../iboard_niosii_firmware_bsp/\libhal_bsp.a(alt_dev_llist_insert.o)
                              ../iboard_niosii_firmware_bsp/\libhal_bsp.a(altera_avalon_epcs_flash_controller.o) (alt_dev_llist_insert)
../iboard_niosii_firmware_bsp/\libhal_bsp.a(alt_do_ctors.o)
                              ../iboard_niosii_firmware_bsp/\libhal_bsp.a(alt_main.o) (_do_ctors)
../iboard_niosii_firmware_bsp/\libhal_bsp.a(alt_do_dtors.o)
                              ../iboard_niosii_firmware_bsp/\libhal_bsp.a(alt_main.o) (_do_dtors)
../iboard_niosii_firmware_bsp/\libhal_bsp.a(alt_errno.o)
                              ../iboard_niosii_firmware_bsp/\libhal_bsp.a(alt_close.o) (alt_errno)
../iboard_niosii_firmware_bsp/\libhal_bsp.a(alt_flash_dev.o)
                              ../iboard_niosii_firmware_bsp/\libhal_bsp.a(altera_avalon_epcs_flash_controller.o) (alt_flash_dev_list)
../iboard_niosii_firmware_bsp/\libhal_bsp.a(alt_icache_flush_all.o)
                              ../iboard_niosii_firmware_bsp/\libhal_bsp.a(alt_load.o) (alt_icache_flush_all)
../iboard_niosii_firmware_bsp/\libhal_bsp.a(alt_release_fd.o)
                              ../iboard_niosii_firmware_bsp/\libhal_bsp.a(alt_close.o) (alt_release_fd)
../iboard_niosii_firmware_bsp/\libhal_bsp.a(altera_nios2_qsys_irq.o)
                              ../iboard_niosii_firmware_bsp/\libhal_bsp.a(alt_sys_init.o) (altera_nios2_qsys_irq_init)
../iboard_niosii_firmware_bsp/\libhal_bsp.a(altera_avalon_spi.o)
                              ../iboard_niosii_firmware_bsp/\libhal_bsp.a(epcs_commands.o) (alt_avalon_spi_command)
../iboard_niosii_firmware_bsp/\libhal_bsp.a(alt_find_dev.o)
                              ../iboard_niosii_firmware_bsp/\libhal_bsp.a(alt_flash_dev.o) (alt_find_dev)
../iboard_niosii_firmware_bsp/\libhal_bsp.a(alt_icache_flush.o)
                              ../iboard_niosii_firmware_bsp/\libhal_bsp.a(alt_icache_flush_all.o) (alt_icache_flush)
c:/altera/11.1/nios2eds/bin/gnu/h-i686-mingw32/bin/../lib/gcc/nios2-elf/4.1.2/../../../../nios2-elf/lib\libc.a(lib_a-atexit.o)
                              ../iboard_niosii_firmware_bsp/\libhal_bsp.a(alt_main.o) (atexit)
c:/altera/11.1/nios2eds/bin/gnu/h-i686-mingw32/bin/../lib/gcc/nios2-elf/4.1.2/../../../../nios2-elf/lib\libc.a(lib_a-exit.o)
                              ../iboard_niosii_firmware_bsp/\libhal_bsp.a(alt_main.o) (exit)
c:/altera/11.1/nios2eds/bin/gnu/h-i686-mingw32/bin/../lib/gcc/nios2-elf/4.1.2/../../../../nios2-elf/lib\libc.a(lib_a-impure.o)
                              c:/altera/11.1/nios2eds/bin/gnu/h-i686-mingw32/bin/../lib/gcc/nios2-elf/4.1.2/../../../../nios2-elf/lib\libc.a(lib_a-exit.o) (_global_impure_ptr)
c:/altera/11.1/nios2eds/bin/gnu/h-i686-mingw32/bin/../lib/gcc/nios2-elf/4.1.2/../../../../nios2-elf/lib\libc.a(lib_a-int_errno.o)
                              ../iboard_niosii_firmware_bsp/\libhal_bsp.a(alt_close.o) (errno)
c:/altera/11.1/nios2eds/bin/gnu/h-i686-mingw32/bin/../lib/gcc/nios2-elf/4.1.2/../../../../nios2-elf/lib\libc.a(lib_a-memcmp.o)
                              ../iboard_niosii_firmware_bsp/\libhal_bsp.a(altera_avalon_epcs_flash_controller.o) (memcmp)
c:/altera/11.1/nios2eds/bin/gnu/h-i686-mingw32/bin/../lib/gcc/nios2-elf/4.1.2/../../../../nios2-elf/lib\libc.a(lib_a-strlen.o)
                              ../iboard_niosii_firmware_bsp/\libhal_bsp.a(alt_find_dev.o) (strlen)
c:/altera/11.1/nios2eds/bin/gnu/h-i686-mingw32/bin/../lib/gcc/nios2-elf/4.1.2/../../../../nios2-elf/lib\libc.a(lib_a-__atexit.o)
                              c:/altera/11.1/nios2eds/bin/gnu/h-i686-mingw32/bin/../lib/gcc/nios2-elf/4.1.2/../../../../nios2-elf/lib\libc.a(lib_a-atexit.o) (__register_exitproc)
c:/altera/11.1/nios2eds/bin/gnu/h-i686-mingw32/bin/../lib/gcc/nios2-elf/4.1.2/../../../../nios2-elf/lib\libc.a(lib_a-__call_atexit.o)
                              c:/altera/11.1/nios2eds/bin/gnu/h-i686-mingw32/bin/../lib/gcc/nios2-elf/4.1.2/../../../../nios2-elf/lib\libc.a(lib_a-exit.o) (__call_exitprocs)
../iboard_niosii_firmware_bsp/\libhal_bsp.a(alt_exit.o)
                              c:/altera/11.1/nios2eds/bin/gnu/h-i686-mingw32/bin/../lib/gcc/nios2-elf/4.1.2/../../../../nios2-elf/lib\libc.a(lib_a-exit.o) (_exit)

Allocating common symbols
Common symbol       size              file

dat                 0x1000            obj/default/memtest.o
errno               0x4               c:/altera/11.1/nios2eds/bin/gnu/h-i686-mingw32/bin/../lib/gcc/nios2-elf/4.1.2/../../../../nios2-elf/lib\libc.a(lib_a-int_errno.o)
_atexit0            0x190             c:/altera/11.1/nios2eds/bin/gnu/h-i686-mingw32/bin/../lib/gcc/nios2-elf/4.1.2/../../../../nios2-elf/lib\libc.a(lib_a-atexit.o)

Memory Configuration

Name             Origin             Length             Attributes
sdram_0_BEFORE_EXCEPTION 0x00800000         0x00000020
sdram_0          0x00800020         0x007fffe0
reset            0x01001800         0x00000020
epcs_flash_controller_0 0x01001820         0x000007e0
*default*        0x00000000         0xffffffff

Linker script and memory map

LOAD ../iboard_niosii_firmware_bsp//obj/HAL/src/crt0.o
LOAD obj/default/memtest.o
LOAD c:/altera/11.1/nios2eds/bin/gnu/h-i686-mingw32/bin/../lib/gcc/nios2-elf/4.1.2/../../../../nios2-elf/lib\libstdc++.a
LOAD c:/altera/11.1/nios2eds/bin/gnu/h-i686-mingw32/bin/../lib/gcc/nios2-elf/4.1.2/../../../../nios2-elf/lib\libm.a
LOAD c:/altera/11.1/nios2eds/bin/gnu/h-i686-mingw32/bin/../lib/gcc/nios2-elf/4.1.2\libgcc.a
START GROUP
LOAD c:/altera/11.1/nios2eds/bin/gnu/h-i686-mingw32/bin/../lib/gcc/nios2-elf/4.1.2/../../../../nios2-elf/lib\libc.a
LOAD c:/altera/11.1/nios2eds/bin/gnu/h-i686-mingw32/bin/../lib/gcc/nios2-elf/4.1.2\libgcc.a
LOAD ../iboard_niosii_firmware_bsp/\libhal_bsp.a
END GROUP
LOAD c:/altera/11.1/nios2eds/bin/gnu/h-i686-mingw32/bin/../lib/gcc/nios2-elf/4.1.2\libgcc.a
                0x00800000                __alt_mem_sdram_0 = 0x800000
                0x01001800                __alt_mem_epcs_flash_controller_0 = 0x1001800

.entry          0x01001800       0x20
 *(.entry)
 .entry         0x01001800       0x20 ../iboard_niosii_firmware_bsp//obj/HAL/src/crt0.o
                0x01001800                __reset

.exceptions     0x00800020        0x0
                0x00800020                PROVIDE (__ram_exceptions_start, ABSOLUTE (.))
                0x00800020                . = ALIGN (0x20)
 *(.irq)
 *(.exceptions.entry.label)
 *(.exceptions.entry.user)
 *(.exceptions.entry)
 *(.exceptions.irqtest.user)
 *(.exceptions.irqtest)
 *(.exceptions.irqhandler.user)
 *(.exceptions.irqhandler)
 *(.exceptions.irqreturn.user)
 *(.exceptions.irqreturn)
 *(.exceptions.notirq.label)
 *(.exceptions.notirq.user)
 *(.exceptions.notirq)
 *(.exceptions.soft.user)
 *(.exceptions.soft)
 *(.exceptions.unknown.user)
 *(.exceptions.unknown)
 *(.exceptions.exit.label)
 *(.exceptions.exit.user)
 *(.exceptions.exit)
 *(.exceptions)
                0x00800020                PROVIDE (__ram_exceptions_end, ABSOLUTE (.))
                0x00800020                PROVIDE (__flash_exceptions_start, LOADADDR (.exceptions))

.text           0x00800020     0x1d8c
                0x00800020                PROVIDE (stext, ABSOLUTE (.))
 *(.interp)
 *(.hash)
 *(.dynsym)
 *(.dynstr)
 *(.gnu.version)
 *(.gnu.version_d)
 *(.gnu.version_r)
 *(.rel.init)
 *(.rela.init)
 *(.rel.text .rel.text.* .rel.gnu.linkonce.t.*)
 *(.rela.text .rela.text.* .rela.gnu.linkonce.t.*)
 *(.rel.fini)
 *(.rela.fini)
 *(.rel.rodata .rel.rodata.* .rel.gnu.linkonce.r.*)
 *(.rela.rodata .rela.rodata.* .rela.gnu.linkonce.r.*)
 *(.rel.data .rel.data.* .rel.gnu.linkonce.d.*)
 *(.rela.data .rela.data.* .rela.gnu.linkonce.d.*)
 *(.rel.tdata .rel.tdata.* .rel.gnu.linkonce.td.*)
 *(.rela.tdata .rela.tdata.* .rela.gnu.linkonce.td.*)
 *(.rel.tbss .rel.tbss.* .rel.gnu.linkonce.tb.*)
 *(.rela.tbss .rela.tbss.* .rela.gnu.linkonce.tb.*)
 *(.rel.ctors)
 *(.rela.ctors)
 *(.rel.dtors)
 *(.rela.dtors)
 *(.rel.got)
 *(.rela.got)
 *(.rel.sdata .rel.sdata.* .rel.gnu.linkonce.s.*)
 *(.rela.sdata .rela.sdata.* .rela.gnu.linkonce.s.*)
 *(.rel.sbss .rel.sbss.* .rel.gnu.linkonce.sb.*)
 *(.rela.sbss .rela.sbss.* .rela.gnu.linkonce.sb.*)
 *(.rel.sdata2 .rel.sdata2.* .rel.gnu.linkonce.s2.*)
 *(.rela.sdata2 .rela.sdata2.* .rela.gnu.linkonce.s2.*)
 *(.rel.sbss2 .rel.sbss2.* .rel.gnu.linkonce.sb2.*)
 *(.rela.sbss2 .rela.sbss2.* .rela.gnu.linkonce.sb2.*)
 *(.rel.bss .rel.bss.* .rel.gnu.linkonce.b.*)
 *(.rela.bss .rela.bss.* .rela.gnu.linkonce.b.*)
 *(.rel.plt)
 *(.rela.plt)
 *(.rel.dyn)
 *(.init)
 *(.plt)
 *(.text .stub .text.* .gnu.linkonce.t.*)
 .text          0x00800020       0x4c ../iboard_niosii_firmware_bsp//obj/HAL/src/crt0.o
                0x00800020                _start
 .text          0x0080006c      0x108 obj/default/memtest.o
                0x0080006c                main
 .text          0x00800174       0xec ../iboard_niosii_firmware_bsp/\libhal_bsp.a(alt_load.o)
                0x00800174                alt_load
 .text          0x00800260       0x50 ../iboard_niosii_firmware_bsp/\libhal_bsp.a(alt_main.o)
                0x00800260                alt_main
 .text          0x008002b0       0x64 ../iboard_niosii_firmware_bsp/\libhal_bsp.a(alt_sys_init.o)
                0x008002b0                alt_irq_init
                0x008002e4                alt_sys_init
 .text          0x00800314      0x934 ../iboard_niosii_firmware_bsp/\libhal_bsp.a(altera_avalon_epcs_flash_controller.o)
                0x00800314                alt_epcs_flash_init
                0x00800694                alt_epcs_flash_write
                0x00800914                alt_epcs_flash_get_info
                0x008009a4                alt_epcs_flash_erase_block
                0x00800aac                alt_epcs_flash_write_block
                0x00800bbc                alt_epcs_flash_read
 .text          0x00800c48      0x460 ../iboard_niosii_firmware_bsp/\libhal_bsp.a(epcs_commands.o)
                0x00800c48                epcs_read_status_register
                0x00800ca8                epcs_sector_erase
                0x00800d94                epcs_read_buffer
                0x00800e48                epcs_write_enable
                0x00800e98                epcs_write_status_register
                0x00800efc                epcs_write_buffer
                0x00800fd4                epcs_read_electronic_signature
                0x00801040                epcs_read_device_id
 .text          0x008010a8      0x15c ../iboard_niosii_firmware_bsp/\libhal_bsp.a(alt_close.o)
                0x008010a8                close
 .text          0x00801204       0x44 ../iboard_niosii_firmware_bsp/\libhal_bsp.a(alt_dcache_flush_all.o)
                0x00801204                alt_dcache_flush_all
 .text          0x00801248       0x2c ../iboard_niosii_firmware_bsp/\libhal_bsp.a(alt_dev.o)
 .text          0x00801274      0x114 ../iboard_niosii_firmware_bsp/\libhal_bsp.a(alt_dev_llist_insert.o)
                0x00801274                alt_dev_llist_insert
 .text          0x00801388       0x64 ../iboard_niosii_firmware_bsp/\libhal_bsp.a(alt_do_ctors.o)
                0x00801388                _do_ctors
 .text          0x008013ec       0x64 ../iboard_niosii_firmware_bsp/\libhal_bsp.a(alt_do_dtors.o)
                0x008013ec                _do_dtors
 .text          0x00801450        0x0 ../iboard_niosii_firmware_bsp/\libhal_bsp.a(alt_errno.o)
 .text          0x00801450       0xd0 ../iboard_niosii_firmware_bsp/\libhal_bsp.a(alt_flash_dev.o)
                0x00801450                alt_flash_open_dev
                0x008014cc                alt_flash_close_dev
 .text          0x00801520       0x30 ../iboard_niosii_firmware_bsp/\libhal_bsp.a(alt_icache_flush_all.o)
                0x00801520                alt_icache_flush_all
 .text          0x00801550       0x60 ../iboard_niosii_firmware_bsp/\libhal_bsp.a(alt_release_fd.o)
                0x00801550                alt_release_fd
 .text          0x008015b0       0x20 ../iboard_niosii_firmware_bsp/\libhal_bsp.a(altera_nios2_qsys_irq.o)
                0x008015b0                altera_nios2_qsys_irq_init
 .text          0x008015d0      0x238 ../iboard_niosii_firmware_bsp/\libhal_bsp.a(altera_avalon_spi.o)
                0x008015d0                alt_avalon_spi_command
 .text          0x00801808       0x94 ../iboard_niosii_firmware_bsp/\libhal_bsp.a(alt_find_dev.o)
                0x00801808                alt_find_dev
 .text          0x0080189c       0x90 ../iboard_niosii_firmware_bsp/\libhal_bsp.a(alt_icache_flush.o)
                0x0080189c                alt_icache_flush
 .text          0x0080192c       0x14 c:/altera/11.1/nios2eds/bin/gnu/h-i686-mingw32/bin/../lib/gcc/nios2-elf/4.1.2/../../../../nios2-elf/lib\libc.a(lib_a-atexit.o)
                0x0080192c                atexit
 .text          0x00801940       0x38 c:/altera/11.1/nios2eds/bin/gnu/h-i686-mingw32/bin/../lib/gcc/nios2-elf/4.1.2/../../../../nios2-elf/lib\libc.a(lib_a-exit.o)
                0x00801940                exit
 .text          0x00801978        0x0 c:/altera/11.1/nios2eds/bin/gnu/h-i686-mingw32/bin/../lib/gcc/nios2-elf/4.1.2/../../../../nios2-elf/lib\libc.a(lib_a-impure.o)
 .text          0x00801978        0x0 c:/altera/11.1/nios2eds/bin/gnu/h-i686-mingw32/bin/../lib/gcc/nios2-elf/4.1.2/../../../../nios2-elf/lib\libc.a(lib_a-int_errno.o)
 .text          0x00801978       0x74 c:/altera/11.1/nios2eds/bin/gnu/h-i686-mingw32/bin/../lib/gcc/nios2-elf/4.1.2/../../../../nios2-elf/lib\libc.a(lib_a-memcmp.o)
                0x00801978                memcmp
 .text          0x008019ec       0x74 c:/altera/11.1/nios2eds/bin/gnu/h-i686-mingw32/bin/../lib/gcc/nios2-elf/4.1.2/../../../../nios2-elf/lib\libc.a(lib_a-strlen.o)
                0x008019ec                strlen
 .text          0x00801a60      0x134 c:/altera/11.1/nios2eds/bin/gnu/h-i686-mingw32/bin/../lib/gcc/nios2-elf/4.1.2/../../../../nios2-elf/lib\libc.a(lib_a-__atexit.o)
                0x00801a60                __register_exitproc
 .text          0x00801b94      0x1b4 c:/altera/11.1/nios2eds/bin/gnu/h-i686-mingw32/bin/../lib/gcc/nios2-elf/4.1.2/../../../../nios2-elf/lib\libc.a(lib_a-__call_atexit.o)
                0x00801b98                __call_exitprocs
 .text          0x00801d48       0x60 ../iboard_niosii_firmware_bsp/\libhal_bsp.a(alt_exit.o)
                0x00801d88                _exit
 *(.gnu.warning.*)
 *(.fini)
                0x00801da8                PROVIDE (__etext, ABSOLUTE (.))
                0x00801da8                PROVIDE (_etext, ABSOLUTE (.))
                0x00801da8                PROVIDE (etext, ABSOLUTE (.))
 *(.eh_frame_hdr)
                0x00801da8                . = ALIGN (0x4)
                0x00801da8                PROVIDE (__preinit_array_start, ABSOLUTE (.))
 *(.preinit_array)
                0x00801da8                PROVIDE (__preinit_array_end, ABSOLUTE (.))
                0x00801da8                PROVIDE (__init_array_start, ABSOLUTE (.))
 *(.init_array)
                0x00801da8                PROVIDE (__init_array_end, ABSOLUTE (.))
                0x00801da8                PROVIDE (__fini_array_start, ABSOLUTE (.))
 *(.fini_array)
                0x00801da8                PROVIDE (__fini_array_end, ABSOLUTE (.))
 *(.eh_frame)
 *(.gcc_except_table)
 *(.dynamic)
                0x00801da8                PROVIDE (__CTOR_LIST__, ABSOLUTE (.))
 *(.ctors)
 *(SORT(.ctors.*))
 .ctors.65535   0x00801da8        0x4 c:/altera/11.1/nios2eds/bin/gnu/h-i686-mingw32/bin/../lib/gcc/nios2-elf/4.1.2/../../../../nios2-elf/lib\libc.a(lib_a-__call_atexit.o)
                0x00801dac                PROVIDE (__CTOR_END__, ABSOLUTE (.))
                0x00801dac                PROVIDE (__DTOR_LIST__, ABSOLUTE (.))
 *(.dtors)
 *(SORT(.dtors.*))
                0x00801dac                PROVIDE (__DTOR_END__, ABSOLUTE (.))
 *(.jcr)
                0x00801dac                . = ALIGN (0x4)

.rodata         0x00801dac       0x30
                0x00801dac                PROVIDE (__ram_rodata_start, ABSOLUTE (.))
                0x00801dac                . = ALIGN (0x4)
 *(.rodata .rodata.* .gnu.linkonce.r.*)
 .rodata        0x00801dac       0x20 ../iboard_niosii_firmware_bsp/\libhal_bsp.a(alt_sys_init.o)
 .rodata        0x00801dcc        0xc ../iboard_niosii_firmware_bsp/\libhal_bsp.a(alt_dev.o)
 .rodata.str1.4
                0x00801dd8        0x4 c:/altera/11.1/nios2eds/bin/gnu/h-i686-mingw32/bin/../lib/gcc/nios2-elf/4.1.2/../../../../nios2-elf/lib\libc.a(lib_a-impure.o)
 *(.rodata1)
                0x00801ddc                . = ALIGN (0x4)
                0x00801ddc                PROVIDE (__ram_rodata_end, ABSOLUTE (.))
                0x00801dac                PROVIDE (__flash_rodata_start, LOADADDR (.rodata))

.rwdata         0x00801ddc      0x694 load address 0x00802470
                0x00801ddc                PROVIDE (__ram_rwdata_start, ABSOLUTE (.))
                0x00801ddc                . = ALIGN (0x4)
 *(.got.plt)
 *(.got)
 *(.data1)
 *(.data .data.* .gnu.linkonce.d.*)
 .data          0x00801ddc        0x0 ../iboard_niosii_firmware_bsp//obj/HAL/src/crt0.o
 .data          0x00801ddc        0x0 obj/default/memtest.o
 .data          0x00801ddc        0x0 ../iboard_niosii_firmware_bsp/\libhal_bsp.a(alt_load.o)
 .data          0x00801ddc        0x0 ../iboard_niosii_firmware_bsp/\libhal_bsp.a(alt_main.o)
 .data          0x00801ddc       0xc4 ../iboard_niosii_firmware_bsp/\libhal_bsp.a(alt_sys_init.o)
 .data          0x00801ea0        0x0 ../iboard_niosii_firmware_bsp/\libhal_bsp.a(altera_avalon_epcs_flash_controller.o)
 .data          0x00801ea0        0x0 ../iboard_niosii_firmware_bsp/\libhal_bsp.a(epcs_commands.o)
 .data          0x00801ea0        0x0 ../iboard_niosii_firmware_bsp/\libhal_bsp.a(alt_close.o)
 .data          0x00801ea0        0x0 ../iboard_niosii_firmware_bsp/\libhal_bsp.a(alt_dcache_flush_all.o)
 .data          0x00801ea0      0x1a8 ../iboard_niosii_firmware_bsp/\libhal_bsp.a(alt_dev.o)
                0x00801ea0                alt_dev_null
                0x00801ec8                alt_fd_list
 .data          0x00802048        0x0 ../iboard_niosii_firmware_bsp/\libhal_bsp.a(alt_dev_llist_insert.o)
 .data          0x00802048        0x0 ../iboard_niosii_firmware_bsp/\libhal_bsp.a(alt_do_ctors.o)
 .data          0x00802048        0x0 ../iboard_niosii_firmware_bsp/\libhal_bsp.a(alt_do_dtors.o)
 .data          0x00802048        0x0 ../iboard_niosii_firmware_bsp/\libhal_bsp.a(alt_errno.o)
 .data          0x00802048        0x0 ../iboard_niosii_firmware_bsp/\libhal_bsp.a(alt_flash_dev.o)
 .data          0x00802048        0x0 ../iboard_niosii_firmware_bsp/\libhal_bsp.a(alt_icache_flush_all.o)
 .data          0x00802048        0x0 ../iboard_niosii_firmware_bsp/\libhal_bsp.a(alt_release_fd.o)
 .data          0x00802048        0x0 ../iboard_niosii_firmware_bsp/\libhal_bsp.a(altera_nios2_qsys_irq.o)
 .data          0x00802048        0x0 ../iboard_niosii_firmware_bsp/\libhal_bsp.a(altera_avalon_spi.o)
 .data          0x00802048        0x0 ../iboard_niosii_firmware_bsp/\libhal_bsp.a(alt_find_dev.o)
 .data          0x00802048        0x0 ../iboard_niosii_firmware_bsp/\libhal_bsp.a(alt_icache_flush.o)
 .data          0x00802048        0x0 c:/altera/11.1/nios2eds/bin/gnu/h-i686-mingw32/bin/../lib/gcc/nios2-elf/4.1.2/../../../../nios2-elf/lib\libc.a(lib_a-atexit.o)
 .data          0x00802048        0x0 c:/altera/11.1/nios2eds/bin/gnu/h-i686-mingw32/bin/../lib/gcc/nios2-elf/4.1.2/../../../../nios2-elf/lib\libc.a(lib_a-exit.o)
 .data          0x00802048      0x400 c:/altera/11.1/nios2eds/bin/gnu/h-i686-mingw32/bin/../lib/gcc/nios2-elf/4.1.2/../../../../nios2-elf/lib\libc.a(lib_a-impure.o)
 .data          0x00802448        0x0 c:/altera/11.1/nios2eds/bin/gnu/h-i686-mingw32/bin/../lib/gcc/nios2-elf/4.1.2/../../../../nios2-elf/lib\libc.a(lib_a-int_errno.o)
 .data          0x00802448        0x0 c:/altera/11.1/nios2eds/bin/gnu/h-i686-mingw32/bin/../lib/gcc/nios2-elf/4.1.2/../../../../nios2-elf/lib\libc.a(lib_a-memcmp.o)
 .data          0x00802448        0x0 c:/altera/11.1/nios2eds/bin/gnu/h-i686-mingw32/bin/../lib/gcc/nios2-elf/4.1.2/../../../../nios2-elf/lib\libc.a(lib_a-strlen.o)
 .data          0x00802448        0x0 c:/altera/11.1/nios2eds/bin/gnu/h-i686-mingw32/bin/../lib/gcc/nios2-elf/4.1.2/../../../../nios2-elf/lib\libc.a(lib_a-__atexit.o)
 .data          0x00802448        0x0 c:/altera/11.1/nios2eds/bin/gnu/h-i686-mingw32/bin/../lib/gcc/nios2-elf/4.1.2/../../../../nios2-elf/lib\libc.a(lib_a-__call_atexit.o)
 .data          0x00802448        0x0 ../iboard_niosii_firmware_bsp/\libhal_bsp.a(alt_exit.o)
                0x0080a448                _gp = ABSOLUTE ((. + 0x8000))
                0x0080a448                PROVIDE (gp, _gp)
 *(.rwdata .rwdata.*)
 *(.sdata .sdata.* .gnu.linkonce.s.*)
 .sdata         0x00802448       0x14 ../iboard_niosii_firmware_bsp/\libhal_bsp.a(alt_dev.o)
                0x00802448                alt_fs_list
                0x00802450                alt_dev_list
                0x00802458                alt_max_fd
 .sdata         0x0080245c        0x4 ../iboard_niosii_firmware_bsp/\libhal_bsp.a(alt_errno.o)
                0x0080245c                alt_errno
 .sdata         0x00802460        0x8 ../iboard_niosii_firmware_bsp/\libhal_bsp.a(alt_flash_dev.o)
                0x00802460                alt_flash_dev_list
 .sdata         0x00802468        0x8 c:/altera/11.1/nios2eds/bin/gnu/h-i686-mingw32/bin/../lib/gcc/nios2-elf/4.1.2/../../../../nios2-elf/lib\libc.a(lib_a-impure.o)
                0x00802468                _impure_ptr
                0x0080246c                _global_impure_ptr
 *(.sdata2 .sdata2.* .gnu.linkonce.s2.*)
                0x00802470                . = ALIGN (0x4)
                0x00802470                _edata = ABSOLUTE (.)
                0x00802470                PROVIDE (edata, ABSOLUTE (.))
                0x00802470                PROVIDE (__ram_rwdata_end, ABSOLUTE (.))
                0x00802470                PROVIDE (__flash_rwdata_start, LOADADDR (.rwdata))

.bss            0x00802b04     0x11a0
                0x00802b04                __bss_start = ABSOLUTE (.)
                0x00802b04                PROVIDE (__sbss_start, ABSOLUTE (.))
                0x00802b04                PROVIDE (___sbss_start, ABSOLUTE (.))
 *(.dynsbss)
 *(.sbss .sbss.* .gnu.linkonce.sb.*)
 .sbss          0x00802b04        0xc ../iboard_niosii_firmware_bsp/\libhal_bsp.a(alt_main.o)
                0x00802b04                alt_argc
                0x00802b08                alt_argv
                0x00802b0c                alt_envp
 .sbss          0x00802b10        0x4 c:/altera/11.1/nios2eds/bin/gnu/h-i686-mingw32/bin/../lib/gcc/nios2-elf/4.1.2/../../../../nios2-elf/lib\libc.a(lib_a-int_errno.o)
                0x00802b10                errno
 *(.sbss2 .sbss2.* .gnu.linkonce.sb2.*)
 *(.scommon)
                0x00802b14                PROVIDE (__sbss_end, ABSOLUTE (.))
                0x00802b14                PROVIDE (___sbss_end, ABSOLUTE (.))
 *(.dynbss)
 *(.bss .bss.* .gnu.linkonce.b.*)
 .bss           0x00802b14        0x0 ../iboard_niosii_firmware_bsp//obj/HAL/src/crt0.o
 .bss           0x00802b14        0x0 obj/default/memtest.o
 .bss           0x00802b14        0x0 ../iboard_niosii_firmware_bsp/\libhal_bsp.a(alt_load.o)
 .bss           0x00802b14        0x0 ../iboard_niosii_firmware_bsp/\libhal_bsp.a(alt_main.o)
 .bss           0x00802b14        0x0 ../iboard_niosii_firmware_bsp/\libhal_bsp.a(alt_sys_init.o)
 .bss           0x00802b14        0x0 ../iboard_niosii_firmware_bsp/\libhal_bsp.a(altera_avalon_epcs_flash_controller.o)
 .bss           0x00802b14        0x0 ../iboard_niosii_firmware_bsp/\libhal_bsp.a(epcs_commands.o)
 .bss           0x00802b14        0x0 ../iboard_niosii_firmware_bsp/\libhal_bsp.a(alt_close.o)
 .bss           0x00802b14        0x0 ../iboard_niosii_firmware_bsp/\libhal_bsp.a(alt_dcache_flush_all.o)
 .bss           0x00802b14        0x0 ../iboard_niosii_firmware_bsp/\libhal_bsp.a(alt_dev.o)
 .bss           0x00802b14        0x0 ../iboard_niosii_firmware_bsp/\libhal_bsp.a(alt_dev_llist_insert.o)
 .bss           0x00802b14        0x0 ../iboard_niosii_firmware_bsp/\libhal_bsp.a(alt_do_ctors.o)
 .bss           0x00802b14        0x0 ../iboard_niosii_firmware_bsp/\libhal_bsp.a(alt_do_dtors.o)
 .bss           0x00802b14        0x0 ../iboard_niosii_firmware_bsp/\libhal_bsp.a(alt_errno.o)
 .bss           0x00802b14        0x0 ../iboard_niosii_firmware_bsp/\libhal_bsp.a(alt_flash_dev.o)
 .bss           0x00802b14        0x0 ../iboard_niosii_firmware_bsp/\libhal_bsp.a(alt_icache_flush_all.o)
 .bss           0x00802b14        0x0 ../iboard_niosii_firmware_bsp/\libhal_bsp.a(alt_release_fd.o)
 .bss           0x00802b14        0x0 ../iboard_niosii_firmware_bsp/\libhal_bsp.a(altera_nios2_qsys_irq.o)
 .bss           0x00802b14        0x0 ../iboard_niosii_firmware_bsp/\libhal_bsp.a(altera_avalon_spi.o)
 .bss           0x00802b14        0x0 ../iboard_niosii_firmware_bsp/\libhal_bsp.a(alt_find_dev.o)
 .bss           0x00802b14        0x0 ../iboard_niosii_firmware_bsp/\libhal_bsp.a(alt_icache_flush.o)
 .bss           0x00802b14        0x0 c:/altera/11.1/nios2eds/bin/gnu/h-i686-mingw32/bin/../lib/gcc/nios2-elf/4.1.2/../../../../nios2-elf/lib\libc.a(lib_a-atexit.o)
 .bss           0x00802b14        0x0 c:/altera/11.1/nios2eds/bin/gnu/h-i686-mingw32/bin/../lib/gcc/nios2-elf/4.1.2/../../../../nios2-elf/lib\libc.a(lib_a-exit.o)
 .bss           0x00802b14        0x0 c:/altera/11.1/nios2eds/bin/gnu/h-i686-mingw32/bin/../lib/gcc/nios2-elf/4.1.2/../../../../nios2-elf/lib\libc.a(lib_a-impure.o)
 .bss           0x00802b14        0x0 c:/altera/11.1/nios2eds/bin/gnu/h-i686-mingw32/bin/../lib/gcc/nios2-elf/4.1.2/../../../../nios2-elf/lib\libc.a(lib_a-int_errno.o)
 .bss           0x00802b14        0x0 c:/altera/11.1/nios2eds/bin/gnu/h-i686-mingw32/bin/../lib/gcc/nios2-elf/4.1.2/../../../../nios2-elf/lib\libc.a(lib_a-memcmp.o)
 .bss           0x00802b14        0x0 c:/altera/11.1/nios2eds/bin/gnu/h-i686-mingw32/bin/../lib/gcc/nios2-elf/4.1.2/../../../../nios2-elf/lib\libc.a(lib_a-strlen.o)
 .bss           0x00802b14        0x0 c:/altera/11.1/nios2eds/bin/gnu/h-i686-mingw32/bin/../lib/gcc/nios2-elf/4.1.2/../../../../nios2-elf/lib\libc.a(lib_a-__atexit.o)
 .bss           0x00802b14        0x0 c:/altera/11.1/nios2eds/bin/gnu/h-i686-mingw32/bin/../lib/gcc/nios2-elf/4.1.2/../../../../nios2-elf/lib\libc.a(lib_a-__call_atexit.o)
 .bss           0x00802b14        0x0 ../iboard_niosii_firmware_bsp/\libhal_bsp.a(alt_exit.o)
 *(COMMON)
 COMMON         0x00802b14     0x1000 obj/default/memtest.o
                0x00802b14                dat
 COMMON         0x00803b14      0x190 c:/altera/11.1/nios2eds/bin/gnu/h-i686-mingw32/bin/../lib/gcc/nios2-elf/4.1.2/../../../../nios2-elf/lib\libc.a(lib_a-atexit.o)
                0x00803b14                _atexit0
                0x00803ca4                . = ALIGN (0x4)
                0x00803ca4                __bss_end = ABSOLUTE (.)

.sdram_0        0x00803ca4        0x0
                0x00803ca4                PROVIDE (_alt_partition_sdram_0_start, ABSOLUTE (.))
 *(.sdram_0. sdram_0.*)
                0x00803ca4                . = ALIGN (0x4)
                0x00803ca4                PROVIDE (_alt_partition_sdram_0_end, ABSOLUTE (.))
                0x00803ca4                _end = ABSOLUTE (.)
                0x00803ca4                end = ABSOLUTE (.)
                0x00803ca4                __alt_stack_base = ABSOLUTE (.)
                0x00803ca4                PROVIDE (_alt_partition_sdram_0_load_addr, LOADADDR (.sdram_0))

.epcs_flash_controller_0
                0x01001820        0x0 load address 0x00803ca4
                0x01001820                PROVIDE (_alt_partition_epcs_flash_controller_0_start, ABSOLUTE (.))
 *(.epcs_flash_controller_0. epcs_flash_controller_0.*)
                0x01001820                . = ALIGN (0x4)
                0x01001820                PROVIDE (_alt_partition_epcs_flash_controller_0_end, ABSOLUTE (.))
                0x00803ca4                PROVIDE (_alt_partition_epcs_flash_controller_0_load_addr, LOADADDR (.epcs_flash_controller_0))

.stab
 *(.stab)

.stabstr
 *(.stabstr)

.stab.excl
 *(.stab.excl)

.stab.exclstr
 *(.stab.exclstr)

.stab.index
 *(.stab.index)

.stab.indexstr
 *(.stab.indexstr)

.comment        0x00000000       0x26
 *(.comment)
 .comment       0x00000000       0x26 obj/default/memtest.o
                                 0x27 (size before relaxing)
 .comment       0x00000000       0x27 ../iboard_niosii_firmware_bsp/\libhal_bsp.a(alt_load.o)
 .comment       0x00000000       0x27 ../iboard_niosii_firmware_bsp/\libhal_bsp.a(alt_main.o)
 .comment       0x00000000       0x27 ../iboard_niosii_firmware_bsp/\libhal_bsp.a(alt_sys_init.o)
 .comment       0x00000000       0x27 ../iboard_niosii_firmware_bsp/\libhal_bsp.a(altera_avalon_epcs_flash_controller.o)
 .comment       0x00000000       0x27 ../iboard_niosii_firmware_bsp/\libhal_bsp.a(epcs_commands.o)
 .comment       0x00000000       0x27 ../iboard_niosii_firmware_bsp/\libhal_bsp.a(alt_close.o)
 .comment       0x00000000       0x27 ../iboard_niosii_firmware_bsp/\libhal_bsp.a(alt_dcache_flush_all.o)
 .comment       0x00000000       0x27 ../iboard_niosii_firmware_bsp/\libhal_bsp.a(alt_dev.o)
 .comment       0x00000000       0x27 ../iboard_niosii_firmware_bsp/\libhal_bsp.a(alt_dev_llist_insert.o)
 .comment       0x00000000       0x27 ../iboard_niosii_firmware_bsp/\libhal_bsp.a(alt_do_ctors.o)
 .comment       0x00000000       0x27 ../iboard_niosii_firmware_bsp/\libhal_bsp.a(alt_do_dtors.o)
 .comment       0x00000000       0x27 ../iboard_niosii_firmware_bsp/\libhal_bsp.a(alt_errno.o)
 .comment       0x00000000       0x27 ../iboard_niosii_firmware_bsp/\libhal_bsp.a(alt_flash_dev.o)
 .comment       0x00000000       0x27 ../iboard_niosii_firmware_bsp/\libhal_bsp.a(alt_icache_flush_all.o)
 .comment       0x00000000       0x27 ../iboard_niosii_firmware_bsp/\libhal_bsp.a(alt_release_fd.o)
 .comment       0x00000000       0x27 ../iboard_niosii_firmware_bsp/\libhal_bsp.a(altera_nios2_qsys_irq.o)
 .comment       0x00000000       0x27 ../iboard_niosii_firmware_bsp/\libhal_bsp.a(altera_avalon_spi.o)
 .comment       0x00000000       0x27 ../iboard_niosii_firmware_bsp/\libhal_bsp.a(alt_find_dev.o)
 .comment       0x00000000       0x27 ../iboard_niosii_firmware_bsp/\libhal_bsp.a(alt_icache_flush.o)
 .comment       0x00000000       0x27 c:/altera/11.1/nios2eds/bin/gnu/h-i686-mingw32/bin/../lib/gcc/nios2-elf/4.1.2/../../../../nios2-elf/lib\libc.a(lib_a-atexit.o)
 .comment       0x00000000       0x27 c:/altera/11.1/nios2eds/bin/gnu/h-i686-mingw32/bin/../lib/gcc/nios2-elf/4.1.2/../../../../nios2-elf/lib\libc.a(lib_a-exit.o)
 .comment       0x00000000       0x27 c:/altera/11.1/nios2eds/bin/gnu/h-i686-mingw32/bin/../lib/gcc/nios2-elf/4.1.2/../../../../nios2-elf/lib\libc.a(lib_a-impure.o)
 .comment       0x00000000       0x27 c:/altera/11.1/nios2eds/bin/gnu/h-i686-mingw32/bin/../lib/gcc/nios2-elf/4.1.2/../../../../nios2-elf/lib\libc.a(lib_a-int_errno.o)
 .comment       0x00000000       0x27 c:/altera/11.1/nios2eds/bin/gnu/h-i686-mingw32/bin/../lib/gcc/nios2-elf/4.1.2/../../../../nios2-elf/lib\libc.a(lib_a-memcmp.o)
 .comment       0x00000000       0x27 c:/altera/11.1/nios2eds/bin/gnu/h-i686-mingw32/bin/../lib/gcc/nios2-elf/4.1.2/../../../../nios2-elf/lib\libc.a(lib_a-strlen.o)
 .comment       0x00000000       0x27 c:/altera/11.1/nios2eds/bin/gnu/h-i686-mingw32/bin/../lib/gcc/nios2-elf/4.1.2/../../../../nios2-elf/lib\libc.a(lib_a-__atexit.o)
 .comment       0x00000000       0x27 c:/altera/11.1/nios2eds/bin/gnu/h-i686-mingw32/bin/../lib/gcc/nios2-elf/4.1.2/../../../../nios2-elf/lib\libc.a(lib_a-__call_atexit.o)
 .comment       0x00000000       0x27 ../iboard_niosii_firmware_bsp/\libhal_bsp.a(alt_exit.o)

.debug
 *(.debug)

.line
 *(.line)

.debug_srcinfo
 *(.debug_srcinfo)

.debug_sfnames
 *(.debug_sfnames)

.debug_aranges  0x00000000      0x368
 *(.debug_aranges)
 .debug_aranges
                0x00000000       0x28 ../iboard_niosii_firmware_bsp//obj/HAL/src/crt0.o
 .debug_aranges
                0x00000028       0x20 obj/default/memtest.o
 .debug_aranges
                0x00000048       0x20 ../iboard_niosii_firmware_bsp/\libhal_bsp.a(alt_load.o)
 .debug_aranges
                0x00000068       0x20 ../iboard_niosii_firmware_bsp/\libhal_bsp.a(alt_main.o)
 .debug_aranges
                0x00000088       0x20 ../iboard_niosii_firmware_bsp/\libhal_bsp.a(alt_sys_init.o)
 .debug_aranges
                0x000000a8       0x20 ../iboard_niosii_firmware_bsp/\libhal_bsp.a(altera_avalon_epcs_flash_controller.o)
 .debug_aranges
                0x000000c8       0x20 ../iboard_niosii_firmware_bsp/\libhal_bsp.a(epcs_commands.o)
 .debug_aranges
                0x000000e8       0x20 ../iboard_niosii_firmware_bsp/\libhal_bsp.a(alt_close.o)
 .debug_aranges
                0x00000108       0x20 ../iboard_niosii_firmware_bsp/\libhal_bsp.a(alt_dcache_flush_all.o)
 .debug_aranges
                0x00000128       0x20 ../iboard_niosii_firmware_bsp/\libhal_bsp.a(alt_dev.o)
 .debug_aranges
                0x00000148       0x20 ../iboard_niosii_firmware_bsp/\libhal_bsp.a(alt_dev_llist_insert.o)
 .debug_aranges
                0x00000168       0x20 ../iboard_niosii_firmware_bsp/\libhal_bsp.a(alt_do_ctors.o)
 .debug_aranges
                0x00000188       0x20 ../iboard_niosii_firmware_bsp/\libhal_bsp.a(alt_do_dtors.o)
 .debug_aranges
                0x000001a8       0x20 ../iboard_niosii_firmware_bsp/\libhal_bsp.a(alt_flash_dev.o)
 .debug_aranges
                0x000001c8       0x20 ../iboard_niosii_firmware_bsp/\libhal_bsp.a(alt_icache_flush_all.o)
 .debug_aranges
                0x000001e8       0x20 ../iboard_niosii_firmware_bsp/\libhal_bsp.a(alt_release_fd.o)
 .debug_aranges
                0x00000208       0x20 ../iboard_niosii_firmware_bsp/\libhal_bsp.a(altera_nios2_qsys_irq.o)
 .debug_aranges
                0x00000228       0x20 ../iboard_niosii_firmware_bsp/\libhal_bsp.a(altera_avalon_spi.o)
 .debug_aranges
                0x00000248       0x20 ../iboard_niosii_firmware_bsp/\libhal_bsp.a(alt_find_dev.o)
 .debug_aranges
                0x00000268       0x20 ../iboard_niosii_firmware_bsp/\libhal_bsp.a(alt_icache_flush.o)
 .debug_aranges
                0x00000288       0x20 c:/altera/11.1/nios2eds/bin/gnu/h-i686-mingw32/bin/../lib/gcc/nios2-elf/4.1.2/../../../../nios2-elf/lib\libc.a(lib_a-atexit.o)
 .debug_aranges
                0x000002a8       0x20 c:/altera/11.1/nios2eds/bin/gnu/h-i686-mingw32/bin/../lib/gcc/nios2-elf/4.1.2/../../../../nios2-elf/lib\libc.a(lib_a-exit.o)
 .debug_aranges
                0x000002c8       0x20 c:/altera/11.1/nios2eds/bin/gnu/h-i686-mingw32/bin/../lib/gcc/nios2-elf/4.1.2/../../../../nios2-elf/lib\libc.a(lib_a-memcmp.o)
 .debug_aranges
                0x000002e8       0x20 c:/altera/11.1/nios2eds/bin/gnu/h-i686-mingw32/bin/../lib/gcc/nios2-elf/4.1.2/../../../../nios2-elf/lib\libc.a(lib_a-strlen.o)
 .debug_aranges
                0x00000308       0x20 c:/altera/11.1/nios2eds/bin/gnu/h-i686-mingw32/bin/../lib/gcc/nios2-elf/4.1.2/../../../../nios2-elf/lib\libc.a(lib_a-__atexit.o)
 .debug_aranges
                0x00000328       0x20 c:/altera/11.1/nios2eds/bin/gnu/h-i686-mingw32/bin/../lib/gcc/nios2-elf/4.1.2/../../../../nios2-elf/lib\libc.a(lib_a-__call_atexit.o)
 .debug_aranges
                0x00000348       0x20 ../iboard_niosii_firmware_bsp/\libhal_bsp.a(alt_exit.o)

.debug_pubnames
                0x00000000      0x618
 *(.debug_pubnames)
 .debug_pubnames
                0x00000000       0x23 obj/default/memtest.o
 .debug_pubnames
                0x00000023       0x1f ../iboard_niosii_firmware_bsp/\libhal_bsp.a(alt_load.o)
 .debug_pubnames
                0x00000042       0x46 ../iboard_niosii_firmware_bsp/\libhal_bsp.a(alt_main.o)
 .debug_pubnames
                0x00000088       0x34 ../iboard_niosii_firmware_bsp/\libhal_bsp.a(alt_sys_init.o)
 .debug_pubnames
                0x000000bc       0xb5 ../iboard_niosii_firmware_bsp/\libhal_bsp.a(altera_avalon_epcs_flash_controller.o)
 .debug_pubnames
                0x00000171       0xe1 ../iboard_niosii_firmware_bsp/\libhal_bsp.a(epcs_commands.o)
 .debug_pubnames
                0x00000252       0x1c ../iboard_niosii_firmware_bsp/\libhal_bsp.a(alt_close.o)
 .debug_pubnames
                0x0000026e       0x2b ../iboard_niosii_firmware_bsp/\libhal_bsp.a(alt_dcache_flush_all.o)
 .debug_pubnames
                0x00000299       0x63 ../iboard_niosii_firmware_bsp/\libhal_bsp.a(alt_dev.o)
 .debug_pubnames
                0x000002fc       0x2b ../iboard_niosii_firmware_bsp/\libhal_bsp.a(alt_dev_llist_insert.o)
 .debug_pubnames
                0x00000327       0x20 ../iboard_niosii_firmware_bsp/\libhal_bsp.a(alt_do_ctors.o)
 .debug_pubnames
                0x00000347       0x20 ../iboard_niosii_firmware_bsp/\libhal_bsp.a(alt_do_dtors.o)
 .debug_pubnames
                0x00000367       0x20 ../iboard_niosii_firmware_bsp/\libhal_bsp.a(alt_errno.o)
 .debug_pubnames
                0x00000387       0x58 ../iboard_niosii_firmware_bsp/\libhal_bsp.a(alt_flash_dev.o)
 .debug_pubnames
                0x000003df       0x2b ../iboard_niosii_firmware_bsp/\libhal_bsp.a(alt_icache_flush_all.o)
 .debug_pubnames
                0x0000040a       0x25 ../iboard_niosii_firmware_bsp/\libhal_bsp.a(alt_release_fd.o)
 .debug_pubnames
                0x0000042f       0x31 ../iboard_niosii_firmware_bsp/\libhal_bsp.a(altera_nios2_qsys_irq.o)
 .debug_pubnames
                0x00000460       0x2d ../iboard_niosii_firmware_bsp/\libhal_bsp.a(altera_avalon_spi.o)
 .debug_pubnames
                0x0000048d       0x23 ../iboard_niosii_firmware_bsp/\libhal_bsp.a(alt_find_dev.o)
 .debug_pubnames
                0x000004b0       0x27 ../iboard_niosii_firmware_bsp/\libhal_bsp.a(alt_icache_flush.o)
 .debug_pubnames
                0x000004d7       0x2a c:/altera/11.1/nios2eds/bin/gnu/h-i686-mingw32/bin/../lib/gcc/nios2-elf/4.1.2/../../../../nios2-elf/lib\libc.a(lib_a-atexit.o)
 .debug_pubnames
                0x00000501       0x1b c:/altera/11.1/nios2eds/bin/gnu/h-i686-mingw32/bin/../lib/gcc/nios2-elf/4.1.2/../../../../nios2-elf/lib\libc.a(lib_a-exit.o)
 .debug_pubnames
                0x0000051c       0x39 c:/altera/11.1/nios2eds/bin/gnu/h-i686-mingw32/bin/../lib/gcc/nios2-elf/4.1.2/../../../../nios2-elf/lib\libc.a(lib_a-impure.o)
 .debug_pubnames
                0x00000555       0x1c c:/altera/11.1/nios2eds/bin/gnu/h-i686-mingw32/bin/../lib/gcc/nios2-elf/4.1.2/../../../../nios2-elf/lib\libc.a(lib_a-int_errno.o)
 .debug_pubnames
                0x00000571       0x1d c:/altera/11.1/nios2eds/bin/gnu/h-i686-mingw32/bin/../lib/gcc/nios2-elf/4.1.2/../../../../nios2-elf/lib\libc.a(lib_a-memcmp.o)
 .debug_pubnames
                0x0000058e       0x1d c:/altera/11.1/nios2eds/bin/gnu/h-i686-mingw32/bin/../lib/gcc/nios2-elf/4.1.2/../../../../nios2-elf/lib\libc.a(lib_a-strlen.o)
 .debug_pubnames
                0x000005ab       0x2a c:/altera/11.1/nios2eds/bin/gnu/h-i686-mingw32/bin/../lib/gcc/nios2-elf/4.1.2/../../../../nios2-elf/lib\libc.a(lib_a-__atexit.o)
 .debug_pubnames
                0x000005d5       0x27 c:/altera/11.1/nios2eds/bin/gnu/h-i686-mingw32/bin/../lib/gcc/nios2-elf/4.1.2/../../../../nios2-elf/lib\libc.a(lib_a-__call_atexit.o)
 .debug_pubnames
                0x000005fc       0x1c ../iboard_niosii_firmware_bsp/\libhal_bsp.a(alt_exit.o)

.debug_info     0x00000000     0x70b5
 *(.debug_info .gnu.linkonce.wi.*)
 .debug_info    0x00000000       0x76 ../iboard_niosii_firmware_bsp//obj/HAL/src/crt0.o
 .debug_info    0x00000076      0x162 obj/default/memtest.o
 .debug_info    0x000001d8      0x288 ../iboard_niosii_firmware_bsp/\libhal_bsp.a(alt_load.o)
 .debug_info    0x00000460      0x267 ../iboard_niosii_firmware_bsp/\libhal_bsp.a(alt_main.o)
 .debug_info    0x000006c7      0x645 ../iboard_niosii_firmware_bsp/\libhal_bsp.a(alt_sys_init.o)
 .debug_info    0x00000d0c      0xb7f ../iboard_niosii_firmware_bsp/\libhal_bsp.a(altera_avalon_epcs_flash_controller.o)
 .debug_info    0x0000188b      0x523 ../iboard_niosii_firmware_bsp/\libhal_bsp.a(epcs_commands.o)
 .debug_info    0x00001dae      0x462 ../iboard_niosii_firmware_bsp/\libhal_bsp.a(alt_close.o)
 .debug_info    0x00002210      0x16a ../iboard_niosii_firmware_bsp/\libhal_bsp.a(alt_dcache_flush_all.o)
 .debug_info    0x0000237a      0x67a ../iboard_niosii_firmware_bsp/\libhal_bsp.a(alt_dev.o)
 .debug_info    0x000029f4      0x2b2 ../iboard_niosii_firmware_bsp/\libhal_bsp.a(alt_dev_llist_insert.o)
 .debug_info    0x00002ca6      0x10a ../iboard_niosii_firmware_bsp/\libhal_bsp.a(alt_do_ctors.o)
 .debug_info    0x00002db0      0x109 ../iboard_niosii_firmware_bsp/\libhal_bsp.a(alt_do_dtors.o)
 .debug_info    0x00002eb9      0x15f ../iboard_niosii_firmware_bsp/\libhal_bsp.a(alt_errno.o)
 .debug_info    0x00003018      0x594 ../iboard_niosii_firmware_bsp/\libhal_bsp.a(alt_flash_dev.o)
 .debug_info    0x000035ac      0x157 ../iboard_niosii_firmware_bsp/\libhal_bsp.a(alt_icache_flush_all.o)
 .debug_info    0x00003703      0x3ed ../iboard_niosii_firmware_bsp/\libhal_bsp.a(alt_release_fd.o)
 .debug_info    0x00003af0      0x1a5 ../iboard_niosii_firmware_bsp/\libhal_bsp.a(altera_nios2_qsys_irq.o)
 .debug_info    0x00003c95      0x2a4 ../iboard_niosii_firmware_bsp/\libhal_bsp.a(altera_avalon_spi.o)
 .debug_info    0x00003f39      0x413 ../iboard_niosii_firmware_bsp/\libhal_bsp.a(alt_find_dev.o)
 .debug_info    0x0000434c      0x19f ../iboard_niosii_firmware_bsp/\libhal_bsp.a(alt_icache_flush.o)
 .debug_info    0x000044eb      0x181 c:/altera/11.1/nios2eds/bin/gnu/h-i686-mingw32/bin/../lib/gcc/nios2-elf/4.1.2/../../../../nios2-elf/lib\libc.a(lib_a-atexit.o)
 .debug_info    0x0000466c      0x93f c:/altera/11.1/nios2eds/bin/gnu/h-i686-mingw32/bin/../lib/gcc/nios2-elf/4.1.2/../../../../nios2-elf/lib\libc.a(lib_a-exit.o)
 .debug_info    0x00004fab      0x93d c:/altera/11.1/nios2eds/bin/gnu/h-i686-mingw32/bin/../lib/gcc/nios2-elf/4.1.2/../../../../nios2-elf/lib\libc.a(lib_a-impure.o)
 .debug_info    0x000058e8       0x8c c:/altera/11.1/nios2eds/bin/gnu/h-i686-mingw32/bin/../lib/gcc/nios2-elf/4.1.2/../../../../nios2-elf/lib\libc.a(lib_a-int_errno.o)
 .debug_info    0x00005974      0x115 c:/altera/11.1/nios2eds/bin/gnu/h-i686-mingw32/bin/../lib/gcc/nios2-elf/4.1.2/../../../../nios2-elf/lib\libc.a(lib_a-memcmp.o)
 .debug_info    0x00005a89       0xdb c:/altera/11.1/nios2eds/bin/gnu/h-i686-mingw32/bin/../lib/gcc/nios2-elf/4.1.2/../../../../nios2-elf/lib\libc.a(lib_a-strlen.o)
 .debug_info    0x00005b64      0x99c c:/altera/11.1/nios2eds/bin/gnu/h-i686-mingw32/bin/../lib/gcc/nios2-elf/4.1.2/../../../../nios2-elf/lib\libc.a(lib_a-__atexit.o)
 .debug_info    0x00006500      0x9e2 c:/altera/11.1/nios2eds/bin/gnu/h-i686-mingw32/bin/../lib/gcc/nios2-elf/4.1.2/../../../../nios2-elf/lib\libc.a(lib_a-__call_atexit.o)
 .debug_info    0x00006ee2      0x1d3 ../iboard_niosii_firmware_bsp/\libhal_bsp.a(alt_exit.o)

.debug_abbrev   0x00000000     0x1721
 *(.debug_abbrev)
 .debug_abbrev  0x00000000       0x12 ../iboard_niosii_firmware_bsp//obj/HAL/src/crt0.o
 .debug_abbrev  0x00000012       0x73 obj/default/memtest.o
 .debug_abbrev  0x00000085       0x88 ../iboard_niosii_firmware_bsp/\libhal_bsp.a(alt_load.o)
 .debug_abbrev  0x0000010d       0xbe ../iboard_niosii_firmware_bsp/\libhal_bsp.a(alt_main.o)
 .debug_abbrev  0x000001cb      0x12f ../iboard_niosii_firmware_bsp/\libhal_bsp.a(alt_sys_init.o)
 .debug_abbrev  0x000002fa      0x1bf ../iboard_niosii_firmware_bsp/\libhal_bsp.a(altera_avalon_epcs_flash_controller.o)
 .debug_abbrev  0x000004b9       0xe2 ../iboard_niosii_firmware_bsp/\libhal_bsp.a(epcs_commands.o)
 .debug_abbrev  0x0000059b       0xfb ../iboard_niosii_firmware_bsp/\libhal_bsp.a(alt_close.o)
 .debug_abbrev  0x00000696       0x57 ../iboard_niosii_firmware_bsp/\libhal_bsp.a(alt_dcache_flush_all.o)
 .debug_abbrev  0x000006ed       0xc7 ../iboard_niosii_firmware_bsp/\libhal_bsp.a(alt_dev.o)
 .debug_abbrev  0x000007b4       0xf6 ../iboard_niosii_firmware_bsp/\libhal_bsp.a(alt_dev_llist_insert.o)
 .debug_abbrev  0x000008aa       0x76 ../iboard_niosii_firmware_bsp/\libhal_bsp.a(alt_do_ctors.o)
 .debug_abbrev  0x00000920       0x76 ../iboard_niosii_firmware_bsp/\libhal_bsp.a(alt_do_dtors.o)
 .debug_abbrev  0x00000996       0x5e ../iboard_niosii_firmware_bsp/\libhal_bsp.a(alt_errno.o)
 .debug_abbrev  0x000009f4      0x121 ../iboard_niosii_firmware_bsp/\libhal_bsp.a(alt_flash_dev.o)
 .debug_abbrev  0x00000b15       0x3f ../iboard_niosii_firmware_bsp/\libhal_bsp.a(alt_icache_flush_all.o)
 .debug_abbrev  0x00000b54       0xc1 ../iboard_niosii_firmware_bsp/\libhal_bsp.a(alt_release_fd.o)
 .debug_abbrev  0x00000c15       0x64 ../iboard_niosii_firmware_bsp/\libhal_bsp.a(altera_nios2_qsys_irq.o)
 .debug_abbrev  0x00000c79       0x7c ../iboard_niosii_firmware_bsp/\libhal_bsp.a(altera_avalon_spi.o)
 .debug_abbrev  0x00000cf5       0xcf ../iboard_niosii_firmware_bsp/\libhal_bsp.a(alt_find_dev.o)
 .debug_abbrev  0x00000dc4       0x7a ../iboard_niosii_firmware_bsp/\libhal_bsp.a(alt_icache_flush.o)
 .debug_abbrev  0x00000e3e       0xb7 c:/altera/11.1/nios2eds/bin/gnu/h-i686-mingw32/bin/../lib/gcc/nios2-elf/4.1.2/../../../../nios2-elf/lib\libc.a(lib_a-atexit.o)
 .debug_abbrev  0x00000ef5      0x16e c:/altera/11.1/nios2eds/bin/gnu/h-i686-mingw32/bin/../lib/gcc/nios2-elf/4.1.2/../../../../nios2-elf/lib\libc.a(lib_a-exit.o)
 .debug_abbrev  0x00001063      0x157 c:/altera/11.1/nios2eds/bin/gnu/h-i686-mingw32/bin/../lib/gcc/nios2-elf/4.1.2/../../../../nios2-elf/lib\libc.a(lib_a-impure.o)
 .debug_abbrev  0x000011ba       0x3b c:/altera/11.1/nios2eds/bin/gnu/h-i686-mingw32/bin/../lib/gcc/nios2-elf/4.1.2/../../../../nios2-elf/lib\libc.a(lib_a-int_errno.o)
 .debug_abbrev  0x000011f5       0x7c c:/altera/11.1/nios2eds/bin/gnu/h-i686-mingw32/bin/../lib/gcc/nios2-elf/4.1.2/../../../../nios2-elf/lib\libc.a(lib_a-memcmp.o)
 .debug_abbrev  0x00001271       0x8b c:/altera/11.1/nios2eds/bin/gnu/h-i686-mingw32/bin/../lib/gcc/nios2-elf/4.1.2/../../../../nios2-elf/lib\libc.a(lib_a-strlen.o)
 .debug_abbrev  0x000012fc      0x1ae c:/altera/11.1/nios2eds/bin/gnu/h-i686-mingw32/bin/../lib/gcc/nios2-elf/4.1.2/../../../../nios2-elf/lib\libc.a(lib_a-__atexit.o)
 .debug_abbrev  0x000014aa      0x1de c:/altera/11.1/nios2eds/bin/gnu/h-i686-mingw32/bin/../lib/gcc/nios2-elf/4.1.2/../../../../nios2-elf/lib\libc.a(lib_a-__call_atexit.o)
 .debug_abbrev  0x00001688       0x99 ../iboard_niosii_firmware_bsp/\libhal_bsp.a(alt_exit.o)

.debug_line     0x00000000     0x41f7
 *(.debug_line)
 .debug_line    0x00000000       0x72 ../iboard_niosii_firmware_bsp//obj/HAL/src/crt0.o
 .debug_line    0x00000072      0x214 obj/default/memtest.o
 .debug_line    0x00000286      0x211 ../iboard_niosii_firmware_bsp/\libhal_bsp.a(alt_load.o)
 .debug_line    0x00000497      0x2d0 ../iboard_niosii_firmware_bsp/\libhal_bsp.a(alt_main.o)
 .debug_line    0x00000767      0x283 ../iboard_niosii_firmware_bsp/\libhal_bsp.a(alt_sys_init.o)
 .debug_line    0x000009ea      0x6a1 ../iboard_niosii_firmware_bsp/\libhal_bsp.a(altera_avalon_epcs_flash_controller.o)
 .debug_line    0x0000108b      0x2b5 ../iboard_niosii_firmware_bsp/\libhal_bsp.a(epcs_commands.o)
 .debug_line    0x00001340      0x293 ../iboard_niosii_firmware_bsp/\libhal_bsp.a(alt_close.o)
 .debug_line    0x000015d3      0x1c7 ../iboard_niosii_firmware_bsp/\libhal_bsp.a(alt_dcache_flush_all.o)
 .debug_line    0x0000179a      0x24e ../iboard_niosii_firmware_bsp/\libhal_bsp.a(alt_dev.o)
 .debug_line    0x000019e8      0x254 ../iboard_niosii_firmware_bsp/\libhal_bsp.a(alt_dev_llist_insert.o)
 .debug_line    0x00001c3c       0x83 ../iboard_niosii_firmware_bsp/\libhal_bsp.a(alt_do_ctors.o)
 .debug_line    0x00001cbf       0x83 ../iboard_niosii_firmware_bsp/\libhal_bsp.a(alt_do_dtors.o)
 .debug_line    0x00001d42      0x1a4 ../iboard_niosii_firmware_bsp/\libhal_bsp.a(alt_errno.o)
 .debug_line    0x00001ee6      0x262 ../iboard_niosii_firmware_bsp/\libhal_bsp.a(alt_flash_dev.o)
 .debug_line    0x00002148      0x1b7 ../iboard_niosii_firmware_bsp/\libhal_bsp.a(alt_icache_flush_all.o)
 .debug_line    0x000022ff       0xed ../iboard_niosii_firmware_bsp/\libhal_bsp.a(alt_release_fd.o)
 .debug_line    0x000023ec      0x1e1 ../iboard_niosii_firmware_bsp/\libhal_bsp.a(altera_nios2_qsys_irq.o)
 .debug_line    0x000025cd      0x1ef ../iboard_niosii_firmware_bsp/\libhal_bsp.a(altera_avalon_spi.o)
 .debug_line    0x000027bc      0x265 ../iboard_niosii_firmware_bsp/\libhal_bsp.a(alt_find_dev.o)
 .debug_line    0x00002a21      0x1f3 ../iboard_niosii_firmware_bsp/\libhal_bsp.a(alt_icache_flush.o)
 .debug_line    0x00002c14      0x200 c:/altera/11.1/nios2eds/bin/gnu/h-i686-mingw32/bin/../lib/gcc/nios2-elf/4.1.2/../../../../nios2-elf/lib\libc.a(lib_a-atexit.o)
 .debug_line    0x00002e14      0x238 c:/altera/11.1/nios2eds/bin/gnu/h-i686-mingw32/bin/../lib/gcc/nios2-elf/4.1.2/../../../../nios2-elf/lib\libc.a(lib_a-exit.o)
 .debug_line    0x0000304c      0x22d c:/altera/11.1/nios2eds/bin/gnu/h-i686-mingw32/bin/../lib/gcc/nios2-elf/4.1.2/../../../../nios2-elf/lib\libc.a(lib_a-impure.o)
 .debug_line    0x00003279      0x1df c:/altera/11.1/nios2eds/bin/gnu/h-i686-mingw32/bin/../lib/gcc/nios2-elf/4.1.2/../../../../nios2-elf/lib\libc.a(lib_a-int_errno.o)
 .debug_line    0x00003458      0x29f c:/altera/11.1/nios2eds/bin/gnu/h-i686-mingw32/bin/../lib/gcc/nios2-elf/4.1.2/../../../../nios2-elf/lib\libc.a(lib_a-memcmp.o)
 .debug_line    0x000036f7      0x26d c:/altera/11.1/nios2eds/bin/gnu/h-i686-mingw32/bin/../lib/gcc/nios2-elf/4.1.2/../../../../nios2-elf/lib\libc.a(lib_a-strlen.o)
 .debug_line    0x00003964      0x313 c:/altera/11.1/nios2eds/bin/gnu/h-i686-mingw32/bin/../lib/gcc/nios2-elf/4.1.2/../../../../nios2-elf/lib\libc.a(lib_a-__atexit.o)
 .debug_line    0x00003c77      0x367 c:/altera/11.1/nios2eds/bin/gnu/h-i686-mingw32/bin/../lib/gcc/nios2-elf/4.1.2/../../../../nios2-elf/lib\libc.a(lib_a-__call_atexit.o)
 .debug_line    0x00003fde      0x219 ../iboard_niosii_firmware_bsp/\libhal_bsp.a(alt_exit.o)

.debug_frame    0x00000000      0x718
 *(.debug_frame)
 .debug_frame   0x00000000       0x2c obj/default/memtest.o
 .debug_frame   0x0000002c       0x48 ../iboard_niosii_firmware_bsp/\libhal_bsp.a(alt_load.o)
 .debug_frame   0x00000074       0x2c ../iboard_niosii_firmware_bsp/\libhal_bsp.a(alt_main.o)
 .debug_frame   0x000000a0       0x48 ../iboard_niosii_firmware_bsp/\libhal_bsp.a(alt_sys_init.o)
 .debug_frame   0x000000e8      0x128 ../iboard_niosii_firmware_bsp/\libhal_bsp.a(altera_avalon_epcs_flash_controller.o)
 .debug_frame   0x00000210      0x128 ../iboard_niosii_firmware_bsp/\libhal_bsp.a(epcs_commands.o)
 .debug_frame   0x00000338       0x48 ../iboard_niosii_firmware_bsp/\libhal_bsp.a(alt_close.o)
 .debug_frame   0x00000380       0x2c ../iboard_niosii_firmware_bsp/\libhal_bsp.a(alt_dcache_flush_all.o)
 .debug_frame   0x000003ac       0x2c ../iboard_niosii_firmware_bsp/\libhal_bsp.a(alt_dev.o)
 .debug_frame   0x000003d8       0x48 ../iboard_niosii_firmware_bsp/\libhal_bsp.a(alt_dev_llist_insert.o)
 .debug_frame   0x00000420       0x2c ../iboard_niosii_firmware_bsp/\libhal_bsp.a(alt_do_ctors.o)
 .debug_frame   0x0000044c       0x2c ../iboard_niosii_firmware_bsp/\libhal_bsp.a(alt_do_dtors.o)
 .debug_frame   0x00000478       0x48 ../iboard_niosii_firmware_bsp/\libhal_bsp.a(alt_flash_dev.o)
 .debug_frame   0x000004c0       0x2c ../iboard_niosii_firmware_bsp/\libhal_bsp.a(alt_icache_flush_all.o)
 .debug_frame   0x000004ec       0x2c ../iboard_niosii_firmware_bsp/\libhal_bsp.a(alt_release_fd.o)
 .debug_frame   0x00000518       0x2c ../iboard_niosii_firmware_bsp/\libhal_bsp.a(altera_nios2_qsys_irq.o)
 .debug_frame   0x00000544       0x2c ../iboard_niosii_firmware_bsp/\libhal_bsp.a(altera_avalon_spi.o)
 .debug_frame   0x00000570       0x2c ../iboard_niosii_firmware_bsp/\libhal_bsp.a(alt_find_dev.o)
 .debug_frame   0x0000059c       0x2c ../iboard_niosii_firmware_bsp/\libhal_bsp.a(alt_icache_flush.o)
 .debug_frame   0x000005c8       0x20 c:/altera/11.1/nios2eds/bin/gnu/h-i686-mingw32/bin/../lib/gcc/nios2-elf/4.1.2/../../../../nios2-elf/lib\libc.a(lib_a-atexit.o)
 .debug_frame   0x000005e8       0x28 c:/altera/11.1/nios2eds/bin/gnu/h-i686-mingw32/bin/../lib/gcc/nios2-elf/4.1.2/../../../../nios2-elf/lib\libc.a(lib_a-exit.o)
 .debug_frame   0x00000610       0x20 c:/altera/11.1/nios2eds/bin/gnu/h-i686-mingw32/bin/../lib/gcc/nios2-elf/4.1.2/../../../../nios2-elf/lib\libc.a(lib_a-memcmp.o)
 .debug_frame   0x00000630       0x20 c:/altera/11.1/nios2eds/bin/gnu/h-i686-mingw32/bin/../lib/gcc/nios2-elf/4.1.2/../../../../nios2-elf/lib\libc.a(lib_a-strlen.o)
 .debug_frame   0x00000650       0x34 c:/altera/11.1/nios2eds/bin/gnu/h-i686-mingw32/bin/../lib/gcc/nios2-elf/4.1.2/../../../../nios2-elf/lib\libc.a(lib_a-__atexit.o)
 .debug_frame   0x00000684       0x4c c:/altera/11.1/nios2eds/bin/gnu/h-i686-mingw32/bin/../lib/gcc/nios2-elf/4.1.2/../../../../nios2-elf/lib\libc.a(lib_a-__call_atexit.o)
 .debug_frame   0x000006d0       0x48 ../iboard_niosii_firmware_bsp/\libhal_bsp.a(alt_exit.o)

.debug_str      0x00000000      0xa0f
 *(.debug_str)
 .debug_str     0x00000000       0x12 obj/default/memtest.o
 .debug_str     0x00000012       0x12 ../iboard_niosii_firmware_bsp/\libhal_bsp.a(alt_load.o)
 .debug_str     0x00000024       0x12 ../iboard_niosii_firmware_bsp/\libhal_bsp.a(alt_main.o)
 .debug_str     0x00000036       0x40 ../iboard_niosii_firmware_bsp/\libhal_bsp.a(alt_sys_init.o)
 .debug_str     0x00000076       0x90 ../iboard_niosii_firmware_bsp/\libhal_bsp.a(altera_avalon_epcs_flash_controller.o)
 .debug_str     0x00000106       0x1e ../iboard_niosii_firmware_bsp/\libhal_bsp.a(epcs_commands.o)
 .debug_str     0x00000124       0x12 ../iboard_niosii_firmware_bsp/\libhal_bsp.a(alt_close.o)
 .debug_str     0x00000136       0x12 ../iboard_niosii_firmware_bsp/\libhal_bsp.a(alt_dcache_flush_all.o)
 .debug_str     0x00000148       0x12 ../iboard_niosii_firmware_bsp/\libhal_bsp.a(alt_dev.o)
 .debug_str     0x0000015a       0x12 ../iboard_niosii_firmware_bsp/\libhal_bsp.a(alt_dev_llist_insert.o)
 .debug_str     0x0000016c       0x12 ../iboard_niosii_firmware_bsp/\libhal_bsp.a(alt_errno.o)
 .debug_str     0x0000017e       0x2d ../iboard_niosii_firmware_bsp/\libhal_bsp.a(alt_flash_dev.o)
 .debug_str     0x000001ab       0x12 ../iboard_niosii_firmware_bsp/\libhal_bsp.a(alt_icache_flush_all.o)
 .debug_str     0x000001bd       0x12 ../iboard_niosii_firmware_bsp/\libhal_bsp.a(altera_nios2_qsys_irq.o)
 .debug_str     0x000001cf       0x12 ../iboard_niosii_firmware_bsp/\libhal_bsp.a(alt_find_dev.o)
 .debug_str     0x000001e1       0x12 ../iboard_niosii_firmware_bsp/\libhal_bsp.a(alt_icache_flush.o)
 .debug_str     0x000001f3      0x179 c:/altera/11.1/nios2eds/bin/gnu/h-i686-mingw32/bin/../lib/gcc/nios2-elf/4.1.2/../../../../nios2-elf/lib\libc.a(lib_a-atexit.o)
                                0x1bf (size before relaxing)
 .debug_str     0x0000036c      0x384 c:/altera/11.1/nios2eds/bin/gnu/h-i686-mingw32/bin/../lib/gcc/nios2-elf/4.1.2/../../../../nios2-elf/lib\libc.a(lib_a-exit.o)
                                0x50c (size before relaxing)
 .debug_str     0x000006f0       0xd1 c:/altera/11.1/nios2eds/bin/gnu/h-i686-mingw32/bin/../lib/gcc/nios2-elf/4.1.2/../../../../nios2-elf/lib\libc.a(lib_a-impure.o)
                                0x51a (size before relaxing)
 .debug_str     0x000007c1       0x3d c:/altera/11.1/nios2eds/bin/gnu/h-i686-mingw32/bin/../lib/gcc/nios2-elf/4.1.2/../../../../nios2-elf/lib\libc.a(lib_a-int_errno.o)
                                0x163 (size before relaxing)
 .debug_str     0x000007fe       0xd5 c:/altera/11.1/nios2eds/bin/gnu/h-i686-mingw32/bin/../lib/gcc/nios2-elf/4.1.2/../../../../nios2-elf/lib\libc.a(lib_a-memcmp.o)
                                0x16a (size before relaxing)
 .debug_str     0x000008d3       0x4f c:/altera/11.1/nios2eds/bin/gnu/h-i686-mingw32/bin/../lib/gcc/nios2-elf/4.1.2/../../../../nios2-elf/lib\libc.a(lib_a-strlen.o)
                                0x17d (size before relaxing)
 .debug_str     0x00000922       0x56 c:/altera/11.1/nios2eds/bin/gnu/h-i686-mingw32/bin/../lib/gcc/nios2-elf/4.1.2/../../../../nios2-elf/lib\libc.a(lib_a-__atexit.o)
                                0x524 (size before relaxing)
 .debug_str     0x00000978       0x7b c:/altera/11.1/nios2eds/bin/gnu/h-i686-mingw32/bin/../lib/gcc/nios2-elf/4.1.2/../../../../nios2-elf/lib\libc.a(lib_a-__call_atexit.o)
                                0x54e (size before relaxing)
 .debug_str     0x000009f3       0x1c ../iboard_niosii_firmware_bsp/\libhal_bsp.a(alt_exit.o)

.debug_loc      0x00000000      0xbfb
 *(.debug_loc)
 .debug_loc     0x00000000       0x2b obj/default/memtest.o
 .debug_loc     0x0000002b       0x56 ../iboard_niosii_firmware_bsp/\libhal_bsp.a(alt_load.o)
 .debug_loc     0x00000081       0x2b ../iboard_niosii_firmware_bsp/\libhal_bsp.a(alt_main.o)
 .debug_loc     0x000000ac       0x56 ../iboard_niosii_firmware_bsp/\libhal_bsp.a(alt_sys_init.o)
 .debug_loc     0x00000102      0x1af ../iboard_niosii_firmware_bsp/\libhal_bsp.a(altera_avalon_epcs_flash_controller.o)
 .debug_loc     0x000002b1      0x1ae ../iboard_niosii_firmware_bsp/\libhal_bsp.a(epcs_commands.o)
 .debug_loc     0x0000045f       0x56 ../iboard_niosii_firmware_bsp/\libhal_bsp.a(alt_close.o)
 .debug_loc     0x000004b5       0x2b ../iboard_niosii_firmware_bsp/\libhal_bsp.a(alt_dcache_flush_all.o)
 .debug_loc     0x000004e0       0x2b ../iboard_niosii_firmware_bsp/\libhal_bsp.a(alt_dev.o)
 .debug_loc     0x0000050b       0x56 ../iboard_niosii_firmware_bsp/\libhal_bsp.a(alt_dev_llist_insert.o)
 .debug_loc     0x00000561       0x2b ../iboard_niosii_firmware_bsp/\libhal_bsp.a(alt_do_ctors.o)
 .debug_loc     0x0000058c       0x2b ../iboard_niosii_firmware_bsp/\libhal_bsp.a(alt_do_dtors.o)
 .debug_loc     0x000005b7       0x56 ../iboard_niosii_firmware_bsp/\libhal_bsp.a(alt_flash_dev.o)
 .debug_loc     0x0000060d       0x2b ../iboard_niosii_firmware_bsp/\libhal_bsp.a(alt_icache_flush_all.o)
 .debug_loc     0x00000638       0x2b ../iboard_niosii_firmware_bsp/\libhal_bsp.a(alt_release_fd.o)
 .debug_loc     0x00000663       0x2b ../iboard_niosii_firmware_bsp/\libhal_bsp.a(altera_nios2_qsys_irq.o)
 .debug_loc     0x0000068e       0x2b ../iboard_niosii_firmware_bsp/\libhal_bsp.a(altera_avalon_spi.o)
 .debug_loc     0x000006b9       0x2b ../iboard_niosii_firmware_bsp/\libhal_bsp.a(alt_find_dev.o)
 .debug_loc     0x000006e4       0x2b ../iboard_niosii_firmware_bsp/\libhal_bsp.a(alt_icache_flush.o)
 .debug_loc     0x0000070f       0x1e c:/altera/11.1/nios2eds/bin/gnu/h-i686-mingw32/bin/../lib/gcc/nios2-elf/4.1.2/../../../../nios2-elf/lib\libc.a(lib_a-atexit.o)
 .debug_loc     0x0000072d       0x3d c:/altera/11.1/nios2eds/bin/gnu/h-i686-mingw32/bin/../lib/gcc/nios2-elf/4.1.2/../../../../nios2-elf/lib\libc.a(lib_a-exit.o)
 .debug_loc     0x0000076a      0x114 c:/altera/11.1/nios2eds/bin/gnu/h-i686-mingw32/bin/../lib/gcc/nios2-elf/4.1.2/../../../../nios2-elf/lib\libc.a(lib_a-memcmp.o)
 .debug_loc     0x0000087e       0x3c c:/altera/11.1/nios2eds/bin/gnu/h-i686-mingw32/bin/../lib/gcc/nios2-elf/4.1.2/../../../../nios2-elf/lib\libc.a(lib_a-strlen.o)
 .debug_loc     0x000008ba      0x120 c:/altera/11.1/nios2eds/bin/gnu/h-i686-mingw32/bin/../lib/gcc/nios2-elf/4.1.2/../../../../nios2-elf/lib\libc.a(lib_a-__atexit.o)
 .debug_loc     0x000009da      0x1cb c:/altera/11.1/nios2eds/bin/gnu/h-i686-mingw32/bin/../lib/gcc/nios2-elf/4.1.2/../../../../nios2-elf/lib\libc.a(lib_a-__call_atexit.o)
 .debug_loc     0x00000ba5       0x56 ../iboard_niosii_firmware_bsp/\libhal_bsp.a(alt_exit.o)

.debug_macinfo
 *(.debug_macinfo)

.debug_weaknames
 *(.debug_weaknames)

.debug_funcnames
 *(.debug_funcnames)

.debug_typenames
 *(.debug_typenames)

.debug_varnames
 *(.debug_varnames)

.debug_alt_sim_info
                0x00000000       0x30
 *(.debug_alt_sim_info)
 .debug_alt_sim_info
                0x00000000       0x30 ../iboard_niosii_firmware_bsp//obj/HAL/src/crt0.o
                0x01000000                __alt_data_end = 0x1000000
                0x01000000                PROVIDE (__alt_stack_pointer, __alt_data_end)
                0x00803ca4                PROVIDE (__alt_stack_limit, __alt_stack_base)
                0x00803ca4                PROVIDE (__alt_heap_start, end)
                0x01000000                PROVIDE (__alt_heap_limit, 0x1000000)
OUTPUT(iboard_niosii_firmware.elf elf32-littlenios2)

.debug_ranges   0x00000000       0x38
 .debug_ranges  0x00000000       0x20 ../iboard_niosii_firmware_bsp//obj/HAL/src/crt0.o
 .debug_ranges  0x00000020       0x18 c:/altera/11.1/nios2eds/bin/gnu/h-i686-mingw32/bin/../lib/gcc/nios2-elf/4.1.2/../../../../nios2-elf/lib\libc.a(lib_a-__call_atexit.o)
