Archive member included because of file (symbol)

../helloworld_bsp/\libhal_bsp.a(alt_load.o)
                              ../helloworld_bsp//obj/HAL/src/crt0.o (alt_load)
../helloworld_bsp/\libhal_bsp.a(alt_main.o)
                              ../helloworld_bsp//obj/HAL/src/crt0.o (alt_main)
../helloworld_bsp/\libhal_bsp.a(alt_putstr.o)
                              obj/default/hello_world_small.o (alt_putstr)
../helloworld_bsp/\libhal_bsp.a(alt_sys_init.o)
                              ../helloworld_bsp/\libhal_bsp.a(alt_main.o) (alt_irq_init)
../helloworld_bsp/\libhal_bsp.a(altera_avalon_jtag_uart_write.o)
                              ../helloworld_bsp/\libhal_bsp.a(alt_putstr.o) (altera_avalon_jtag_uart_write)
../helloworld_bsp/\libhal_bsp.a(alt_dcache_flush_all.o)
                              ../helloworld_bsp/\libhal_bsp.a(alt_load.o) (alt_dcache_flush_all)
../helloworld_bsp/\libhal_bsp.a(alt_icache_flush_all.o)
                              ../helloworld_bsp/\libhal_bsp.a(alt_load.o) (alt_icache_flush_all)
../helloworld_bsp/\libhal_bsp.a(altera_nios2_qsys_irq.o)
                              ../helloworld_bsp/\libhal_bsp.a(alt_sys_init.o) (altera_nios2_qsys_irq_init)
e:/altera/13.1/nios2eds/bin/gnu/h-i686-mingw32/bin/../lib/gcc/nios2-elf/4.7.3/../../../../../H-i686-mingw32/nios2-elf/lib/mno-hw-mul\libsmallc.a(lib_a-strlen.o)
                              ../helloworld_bsp/\libhal_bsp.a(alt_putstr.o) (strlen)

Memory Configuration

Name             Origin             Length             Attributes
reset            0x00010000         0x00000020
onchip_memory2   0x00010020         0x0000a3f0
*default*        0x00000000         0xffffffff

Linker script and memory map

LOAD ../helloworld_bsp//obj/HAL/src/crt0.o
LOAD obj/default/hello_world_small.o
LOAD e:/altera/13.1/nios2eds/bin/gnu/h-i686-mingw32/bin/../lib/gcc/nios2-elf/4.7.3/../../../../../H-i686-mingw32/nios2-elf/lib/mno-hw-mul\libstdc++.a
LOAD e:/altera/13.1/nios2eds/bin/gnu/h-i686-mingw32/bin/../lib/gcc/nios2-elf/4.7.3/../../../../../H-i686-mingw32/nios2-elf/lib/mno-hw-mul\libm.a
LOAD e:/altera/13.1/nios2eds/bin/gnu/h-i686-mingw32/bin/../lib/gcc/nios2-elf/4.7.3/mno-hw-mul\libgcc.a
START GROUP
LOAD e:/altera/13.1/nios2eds/bin/gnu/h-i686-mingw32/bin/../lib/gcc/nios2-elf/4.7.3/../../../../../H-i686-mingw32/nios2-elf/lib/mno-hw-mul\libsmallc.a
LOAD e:/altera/13.1/nios2eds/bin/gnu/h-i686-mingw32/bin/../lib/gcc/nios2-elf/4.7.3/mno-hw-mul\libgcc.a
LOAD ../helloworld_bsp/\libhal_bsp.a
END GROUP
LOAD e:/altera/13.1/nios2eds/bin/gnu/h-i686-mingw32/bin/../lib/gcc/nios2-elf/4.7.3/mno-hw-mul\libgcc.a
                0x00010000                __alt_mem_onchip_memory2 = 0x10000

.entry          0x00010000       0x20
 *(.entry)
 .entry         0x00010000       0x20 ../helloworld_bsp//obj/HAL/src/crt0.o
                0x00010000                __reset
                0x0001000c                _exit

.exceptions     0x00010020        0x0
                0x00010020                PROVIDE (__ram_exceptions_start, ABSOLUTE (.))
                0x00010020                . = ALIGN (0x20)
 *(.irq)
 *(.exceptions.entry.label)
 *(.exceptions.entry.user)
 *(.exceptions.entry.ecc_fatal)
 *(.exceptions.entry)
 *(.exceptions.irqtest.user)
 *(.exceptions.irqtest)
 *(.exceptions.irqhandler.user)
 *(.exceptions.irqhandler)
 *(.exceptions.irqreturn.user)
 *(.exceptions.irqreturn)
 *(.exceptions.notirq.label)
 *(.exceptions.notirq.user)
 *(.exceptions.notirq)
 *(.exceptions.soft.user)
 *(.exceptions.soft)
 *(.exceptions.unknown.user)
 *(.exceptions.unknown)
 *(.exceptions.exit.label)
 *(.exceptions.exit.user)
 *(.exceptions.exit)
 *(.exceptions)
                0x00010020                PROVIDE (__ram_exceptions_end, ABSOLUTE (.))
                0x00010020                PROVIDE (__flash_exceptions_start, LOADADDR (.exceptions))

.text           0x00010020      0x288
                0x00010020                PROVIDE (stext, ABSOLUTE (.))
 *(.interp)
 *(.hash)
 *(.dynsym)
 *(.dynstr)
 *(.gnu.version)
 *(.gnu.version_d)
 *(.gnu.version_r)
 *(.rel.init)
 *(.rela.init)
 *(.rel.text .rel.text.* .rel.gnu.linkonce.t.*)
 *(.rela.text .rela.text.* .rela.gnu.linkonce.t.*)
 *(.rel.fini)
 *(.rela.fini)
 *(.rel.rodata .rel.rodata.* .rel.gnu.linkonce.r.*)
 *(.rela.rodata .rela.rodata.* .rela.gnu.linkonce.r.*)
 *(.rel.data .rel.data.* .rel.gnu.linkonce.d.*)
 *(.rela.data .rela.data.* .rela.gnu.linkonce.d.*)
 *(.rel.tdata .rel.tdata.* .rel.gnu.linkonce.td.*)
 *(.rela.tdata .rela.tdata.* .rela.gnu.linkonce.td.*)
 *(.rel.tbss .rel.tbss.* .rel.gnu.linkonce.tb.*)
 *(.rela.tbss .rela.tbss.* .rela.gnu.linkonce.tb.*)
 *(.rel.ctors)
 *(.rela.ctors)
 *(.rel.dtors)
 *(.rela.dtors)
 *(.rel.got)
 *(.rela.got)
 *(.rel.sdata .rel.sdata.* .rel.gnu.linkonce.s.*)
 *(.rela.sdata .rela.sdata.* .rela.gnu.linkonce.s.*)
 *(.rel.sbss .rel.sbss.* .rel.gnu.linkonce.sb.*)
 *(.rela.sbss .rela.sbss.* .rela.gnu.linkonce.sb.*)
 *(.rel.sdata2 .rel.sdata2.* .rel.gnu.linkonce.s2.*)
 *(.rela.sdata2 .rela.sdata2.* .rela.gnu.linkonce.s2.*)
 *(.rel.sbss2 .rel.sbss2.* .rel.gnu.linkonce.sb2.*)
 *(.rela.sbss2 .rela.sbss2.* .rela.gnu.linkonce.sb2.*)
 *(.rel.bss .rel.bss.* .rel.gnu.linkonce.b.*)
 *(.rela.bss .rela.bss.* .rela.gnu.linkonce.b.*)
 *(.rel.plt)
 *(.rela.plt)
 *(.rel.dyn)
 *(.init)
 *(.plt)
 *(.text .stub .text.* .gnu.linkonce.t.*)
 .text          0x00010020       0x3c ../helloworld_bsp//obj/HAL/src/crt0.o
                0x00010020                _start
 .text          0x0001005c        0x0 obj/default/hello_world_small.o
 .text.startup  0x0001005c       0x54 obj/default/hello_world_small.o
                0x0001005c                main
 .text          0x000100b0      0x104 ../helloworld_bsp/\libhal_bsp.a(alt_load.o)
                0x000100b0                alt_load
 .text          0x000101b4       0x2c ../helloworld_bsp/\libhal_bsp.a(alt_main.o)
                0x000101b4                alt_main
 .text          0x000101e0       0x38 ../helloworld_bsp/\libhal_bsp.a(alt_putstr.o)
                0x000101e0                alt_putstr
 .text          0x00010218       0x24 ../helloworld_bsp/\libhal_bsp.a(alt_sys_init.o)
                0x00010218                alt_irq_init
                0x00010238                alt_sys_init
 .text          0x0001023c       0x34 ../helloworld_bsp/\libhal_bsp.a(altera_avalon_jtag_uart_write.o)
                0x0001023c                altera_avalon_jtag_uart_write
 .text          0x00010270        0x4 ../helloworld_bsp/\libhal_bsp.a(alt_dcache_flush_all.o)
                0x00010270                alt_dcache_flush_all
 .text          0x00010274        0x4 ../helloworld_bsp/\libhal_bsp.a(alt_icache_flush_all.o)
                0x00010274                alt_icache_flush_all
 .text          0x00010278        0x8 ../helloworld_bsp/\libhal_bsp.a(altera_nios2_qsys_irq.o)
                0x00010278                altera_nios2_qsys_irq_init
 .text          0x00010280       0x28 e:/altera/13.1/nios2eds/bin/gnu/h-i686-mingw32/bin/../lib/gcc/nios2-elf/4.7.3/../../../../../H-i686-mingw32/nios2-elf/lib/mno-hw-mul\libsmallc.a(lib_a-strlen.o)
                0x00010280                strlen
 *(.gnu.warning.*)
 *(.fini)
                0x000102a8                PROVIDE (__etext, ABSOLUTE (.))
                0x000102a8                PROVIDE (_etext, ABSOLUTE (.))
                0x000102a8                PROVIDE (etext, ABSOLUTE (.))
 *(.eh_frame_hdr)
                0x000102a8                . = ALIGN (0x4)
                0x000102a8                PROVIDE (__preinit_array_start, ABSOLUTE (.))
 *(.preinit_array)
                0x000102a8                PROVIDE (__preinit_array_end, ABSOLUTE (.))
                0x000102a8                PROVIDE (__init_array_start, ABSOLUTE (.))
 *(.init_array)
                0x000102a8                PROVIDE (__init_array_end, ABSOLUTE (.))
                0x000102a8                PROVIDE (__fini_array_start, ABSOLUTE (.))
 *(.fini_array)
                0x000102a8                PROVIDE (__fini_array_end, ABSOLUTE (.))
 *(.eh_frame)
 *(.gcc_except_table .gcc_except_table.*)
 *(.dynamic)
                0x000102a8                PROVIDE (__CTOR_LIST__, ABSOLUTE (.))
 *(.ctors)
 *(SORT(.ctors.*))
                0x000102a8                PROVIDE (__CTOR_END__, ABSOLUTE (.))
                0x000102a8                PROVIDE (__DTOR_LIST__, ABSOLUTE (.))
 *(.dtors)
 *(SORT(.dtors.*))
                0x000102a8                PROVIDE (__DTOR_END__, ABSOLUTE (.))
 *(.jcr)
                0x000102a8                . = ALIGN (0x4)

.rodata         0x000102a8       0x14
                0x000102a8                PROVIDE (__ram_rodata_start, ABSOLUTE (.))
                0x000102a8                . = ALIGN (0x4)
 *(.rodata .rodata.* .gnu.linkonce.r.*)
 .rodata.str1.4
                0x000102a8       0x14 obj/default/hello_world_small.o
 *(.rodata1)
                0x000102bc                . = ALIGN (0x4)
                0x000102bc                PROVIDE (__ram_rodata_end, ABSOLUTE (.))
                0x000102a8                PROVIDE (__flash_rodata_start, LOADADDR (.rodata))

.rwdata         0x000102bc        0x4 load address 0x000102c0
                0x000102bc                PROVIDE (__ram_rwdata_start, ABSOLUTE (.))
                0x000102bc                . = ALIGN (0x4)
 *(.got.plt)
 *(.got)
 *(.data1)
 *(.data .data.* .gnu.linkonce.d.*)
 .data          0x000102bc        0x0 ../helloworld_bsp//obj/HAL/src/crt0.o
 .data          0x000102bc        0x0 obj/default/hello_world_small.o
 .data          0x000102bc        0x0 ../helloworld_bsp/\libhal_bsp.a(alt_load.o)
 .data          0x000102bc        0x0 ../helloworld_bsp/\libhal_bsp.a(alt_main.o)
 .data          0x000102bc        0x0 ../helloworld_bsp/\libhal_bsp.a(alt_putstr.o)
 .data          0x000102bc        0x0 ../helloworld_bsp/\libhal_bsp.a(alt_sys_init.o)
 .data          0x000102bc        0x0 ../helloworld_bsp/\libhal_bsp.a(altera_avalon_jtag_uart_write.o)
 .data          0x000102bc        0x0 ../helloworld_bsp/\libhal_bsp.a(alt_dcache_flush_all.o)
 .data          0x000102bc        0x0 ../helloworld_bsp/\libhal_bsp.a(alt_icache_flush_all.o)
 .data          0x000102bc        0x0 ../helloworld_bsp/\libhal_bsp.a(altera_nios2_qsys_irq.o)
 .data          0x000102bc        0x0 e:/altera/13.1/nios2eds/bin/gnu/h-i686-mingw32/bin/../lib/gcc/nios2-elf/4.7.3/../../../../../H-i686-mingw32/nios2-elf/lib/mno-hw-mul\libsmallc.a(lib_a-strlen.o)
                0x000182bc                _gp = ABSOLUTE ((. + 0x8000))
                0x000182bc                PROVIDE (gp, _gp)
 *(.rwdata .rwdata.*)
 *(.sdata .sdata.* .gnu.linkonce.s.*)
 .sdata         0x000102bc        0x4 ../helloworld_bsp/\libhal_bsp.a(alt_sys_init.o)
                0x000102bc                jtag_uart
 *(.sdata2 .sdata2.* .gnu.linkonce.s2.*)
                0x000102c0                . = ALIGN (0x4)
                0x000102c0                _edata = ABSOLUTE (.)
                0x000102c0                PROVIDE (edata, ABSOLUTE (.))
                0x000102c0                PROVIDE (__ram_rwdata_end, ABSOLUTE (.))
                0x000102c0                PROVIDE (__flash_rwdata_start, LOADADDR (.rwdata))

.bss            0x000102c4        0xc
                0x000102c4                __bss_start = ABSOLUTE (.)
                0x000102c4                PROVIDE (__sbss_start, ABSOLUTE (.))
                0x000102c4                PROVIDE (___sbss_start, ABSOLUTE (.))
 *(.dynsbss)
 *(.sbss .sbss.* .gnu.linkonce.sb.*)
 .sbss          0x000102c4        0xc ../helloworld_bsp/\libhal_bsp.a(alt_main.o)
                0x000102c4                alt_envp
                0x000102c8                alt_argv
                0x000102cc                alt_argc
 *(.sbss2 .sbss2.* .gnu.linkonce.sb2.*)
 *(.scommon)
                0x000102d0                PROVIDE (__sbss_end, ABSOLUTE (.))
                0x000102d0                PROVIDE (___sbss_end, ABSOLUTE (.))
 *(.dynbss)
 *(.bss .bss.* .gnu.linkonce.b.*)
 .bss           0x000102d0        0x0 ../helloworld_bsp//obj/HAL/src/crt0.o
 .bss           0x000102d0        0x0 obj/default/hello_world_small.o
 .bss           0x000102d0        0x0 ../helloworld_bsp/\libhal_bsp.a(alt_load.o)
 .bss           0x000102d0        0x0 ../helloworld_bsp/\libhal_bsp.a(alt_main.o)
 .bss           0x000102d0        0x0 ../helloworld_bsp/\libhal_bsp.a(alt_putstr.o)
 .bss           0x000102d0        0x0 ../helloworld_bsp/\libhal_bsp.a(alt_sys_init.o)
 .bss           0x000102d0        0x0 ../helloworld_bsp/\libhal_bsp.a(altera_avalon_jtag_uart_write.o)
 .bss           0x000102d0        0x0 ../helloworld_bsp/\libhal_bsp.a(alt_dcache_flush_all.o)
 .bss           0x000102d0        0x0 ../helloworld_bsp/\libhal_bsp.a(alt_icache_flush_all.o)
 .bss           0x000102d0        0x0 ../helloworld_bsp/\libhal_bsp.a(altera_nios2_qsys_irq.o)
 .bss           0x000102d0        0x0 e:/altera/13.1/nios2eds/bin/gnu/h-i686-mingw32/bin/../lib/gcc/nios2-elf/4.7.3/../../../../../H-i686-mingw32/nios2-elf/lib/mno-hw-mul\libsmallc.a(lib_a-strlen.o)
 *(COMMON)
                0x000102d0                . = ALIGN (0x4)
                0x000102d0                __bss_end = ABSOLUTE (.)

.onchip_memory2
                0x000102d0        0x0
                0x000102d0                PROVIDE (_alt_partition_onchip_memory2_start, ABSOLUTE (.))
 *(.onchip_memory2 .onchip_memory2. onchip_memory2.*)
                0x000102d0                . = ALIGN (0x4)
                0x000102d0                PROVIDE (_alt_partition_onchip_memory2_end, ABSOLUTE (.))
                0x000102d0                _end = ABSOLUTE (.)
                0x000102d0                end = ABSOLUTE (.)
                0x000102d0                __alt_stack_base = ABSOLUTE (.)
                0x000102d0                PROVIDE (_alt_partition_onchip_memory2_load_addr, LOADADDR (.onchip_memory2))

.stab
 *(.stab)

.stabstr
 *(.stabstr)

.stab.excl
 *(.stab.excl)

.stab.exclstr
 *(.stab.exclstr)

.stab.index
 *(.stab.index)

.stab.indexstr
 *(.stab.indexstr)

.comment        0x00000000       0x23
 *(.comment)
 .comment       0x00000000       0x23 obj/default/hello_world_small.o
                                 0x24 (size before relaxing)
 .comment       0x00000000       0x24 ../helloworld_bsp/\libhal_bsp.a(alt_load.o)
 .comment       0x00000000       0x24 ../helloworld_bsp/\libhal_bsp.a(alt_main.o)
 .comment       0x00000000       0x24 ../helloworld_bsp/\libhal_bsp.a(alt_putstr.o)
 .comment       0x00000000       0x24 ../helloworld_bsp/\libhal_bsp.a(alt_sys_init.o)
 .comment       0x00000000       0x24 ../helloworld_bsp/\libhal_bsp.a(altera_avalon_jtag_uart_write.o)
 .comment       0x00000000       0x24 ../helloworld_bsp/\libhal_bsp.a(alt_dcache_flush_all.o)
 .comment       0x00000000       0x24 ../helloworld_bsp/\libhal_bsp.a(alt_icache_flush_all.o)
 .comment       0x00000000       0x24 ../helloworld_bsp/\libhal_bsp.a(altera_nios2_qsys_irq.o)
 .comment       0x00000000       0x24 e:/altera/13.1/nios2eds/bin/gnu/h-i686-mingw32/bin/../lib/gcc/nios2-elf/4.7.3/../../../../../H-i686-mingw32/nios2-elf/lib/mno-hw-mul\libsmallc.a(lib_a-strlen.o)

.debug
 *(.debug)

.line
 *(.line)

.debug_srcinfo
 *(.debug_srcinfo)

.debug_sfnames
 *(.debug_sfnames)

.debug_aranges  0x00000000      0x168
 *(.debug_aranges)
 .debug_aranges
                0x00000000       0x28 ../helloworld_bsp//obj/HAL/src/crt0.o
 .debug_aranges
                0x00000028       0x20 obj/default/hello_world_small.o
 .debug_aranges
                0x00000048       0x20 ../helloworld_bsp/\libhal_bsp.a(alt_load.o)
 .debug_aranges
                0x00000068       0x20 ../helloworld_bsp/\libhal_bsp.a(alt_main.o)
 .debug_aranges
                0x00000088       0x20 ../helloworld_bsp/\libhal_bsp.a(alt_putstr.o)
 .debug_aranges
                0x000000a8       0x20 ../helloworld_bsp/\libhal_bsp.a(alt_sys_init.o)
 .debug_aranges
                0x000000c8       0x20 ../helloworld_bsp/\libhal_bsp.a(altera_avalon_jtag_uart_write.o)
 .debug_aranges
                0x000000e8       0x20 ../helloworld_bsp/\libhal_bsp.a(alt_dcache_flush_all.o)
 .debug_aranges
                0x00000108       0x20 ../helloworld_bsp/\libhal_bsp.a(alt_icache_flush_all.o)
 .debug_aranges
                0x00000128       0x20 ../helloworld_bsp/\libhal_bsp.a(altera_nios2_qsys_irq.o)
 .debug_aranges
                0x00000148       0x20 e:/altera/13.1/nios2eds/bin/gnu/h-i686-mingw32/bin/../lib/gcc/nios2-elf/4.7.3/../../../../../H-i686-mingw32/nios2-elf/lib/mno-hw-mul\libsmallc.a(lib_a-strlen.o)

.debug_pubnames
 *(.debug_pubnames)

.debug_info     0x00000000      0xbb4
 *(.debug_info .gnu.linkonce.wi.*)
 .debug_info    0x00000000       0x62 ../helloworld_bsp//obj/HAL/src/crt0.o
 .debug_info    0x00000062       0xf2 obj/default/hello_world_small.o
 .debug_info    0x00000154      0x1b5 ../helloworld_bsp/\libhal_bsp.a(alt_load.o)
 .debug_info    0x00000309      0x194 ../helloworld_bsp/\libhal_bsp.a(alt_main.o)
 .debug_info    0x0000049d      0x171 ../helloworld_bsp/\libhal_bsp.a(alt_putstr.o)
 .debug_info    0x0000060e      0x193 ../helloworld_bsp/\libhal_bsp.a(alt_sys_init.o)
 .debug_info    0x000007a1      0x1a0 ../helloworld_bsp/\libhal_bsp.a(altera_avalon_jtag_uart_write.o)
 .debug_info    0x00000941       0x8f ../helloworld_bsp/\libhal_bsp.a(alt_dcache_flush_all.o)
 .debug_info    0x000009d0       0x8f ../helloworld_bsp/\libhal_bsp.a(alt_icache_flush_all.o)
 .debug_info    0x00000a5f       0x8f ../helloworld_bsp/\libhal_bsp.a(altera_nios2_qsys_irq.o)
 .debug_info    0x00000aee       0xc6 e:/altera/13.1/nios2eds/bin/gnu/h-i686-mingw32/bin/../lib/gcc/nios2-elf/4.7.3/../../../../../H-i686-mingw32/nios2-elf/lib/mno-hw-mul\libsmallc.a(lib_a-strlen.o)

.debug_abbrev   0x00000000      0x6c4
 *(.debug_abbrev)
 .debug_abbrev  0x00000000       0x12 ../helloworld_bsp//obj/HAL/src/crt0.o
 .debug_abbrev  0x00000012       0xbb obj/default/hello_world_small.o
 .debug_abbrev  0x000000cd       0xd6 ../helloworld_bsp/\libhal_bsp.a(alt_load.o)
 .debug_abbrev  0x000001a3      0x120 ../helloworld_bsp/\libhal_bsp.a(alt_main.o)
 .debug_abbrev  0x000002c3       0xe2 ../helloworld_bsp/\libhal_bsp.a(alt_putstr.o)
 .debug_abbrev  0x000003a5      0x105 ../helloworld_bsp/\libhal_bsp.a(alt_sys_init.o)
 .debug_abbrev  0x000004aa       0xd5 ../helloworld_bsp/\libhal_bsp.a(altera_avalon_jtag_uart_write.o)
 .debug_abbrev  0x0000057f       0x42 ../helloworld_bsp/\libhal_bsp.a(alt_dcache_flush_all.o)
 .debug_abbrev  0x000005c1       0x42 ../helloworld_bsp/\libhal_bsp.a(alt_icache_flush_all.o)
 .debug_abbrev  0x00000603       0x42 ../helloworld_bsp/\libhal_bsp.a(altera_nios2_qsys_irq.o)
 .debug_abbrev  0x00000645       0x7f e:/altera/13.1/nios2eds/bin/gnu/h-i686-mingw32/bin/../lib/gcc/nios2-elf/4.7.3/../../../../../H-i686-mingw32/nios2-elf/lib/mno-hw-mul\libsmallc.a(lib_a-strlen.o)

.debug_line     0x00000000      0x820
 *(.debug_line)
 .debug_line    0x00000000       0x66 ../helloworld_bsp//obj/HAL/src/crt0.o
 .debug_line    0x00000066       0xae obj/default/hello_world_small.o
 .debug_line    0x00000114       0xd6 ../helloworld_bsp/\libhal_bsp.a(alt_load.o)
 .debug_line    0x000001ea       0xbd ../helloworld_bsp/\libhal_bsp.a(alt_main.o)
 .debug_line    0x000002a7      0x123 ../helloworld_bsp/\libhal_bsp.a(alt_putstr.o)
 .debug_line    0x000003ca      0x101 ../helloworld_bsp/\libhal_bsp.a(alt_sys_init.o)
 .debug_line    0x000004cb       0xf5 ../helloworld_bsp/\libhal_bsp.a(altera_avalon_jtag_uart_write.o)
 .debug_line    0x000005c0       0x4e ../helloworld_bsp/\libhal_bsp.a(alt_dcache_flush_all.o)
 .debug_line    0x0000060e       0x4e ../helloworld_bsp/\libhal_bsp.a(alt_icache_flush_all.o)
 .debug_line    0x0000065c       0x50 ../helloworld_bsp/\libhal_bsp.a(altera_nios2_qsys_irq.o)
 .debug_line    0x000006ac      0x174 e:/altera/13.1/nios2eds/bin/gnu/h-i686-mingw32/bin/../lib/gcc/nios2-elf/4.7.3/../../../../../H-i686-mingw32/nios2-elf/lib/mno-hw-mul\libsmallc.a(lib_a-strlen.o)

.debug_frame    0x00000000      0x178
 *(.debug_frame)
 .debug_frame   0x00000000       0x28 obj/default/hello_world_small.o
 .debug_frame   0x00000028       0x28 ../helloworld_bsp/\libhal_bsp.a(alt_load.o)
 .debug_frame   0x00000050       0x28 ../helloworld_bsp/\libhal_bsp.a(alt_main.o)
 .debug_frame   0x00000078       0x28 ../helloworld_bsp/\libhal_bsp.a(alt_putstr.o)
 .debug_frame   0x000000a0       0x38 ../helloworld_bsp/\libhal_bsp.a(alt_sys_init.o)
 .debug_frame   0x000000d8       0x20 ../helloworld_bsp/\libhal_bsp.a(altera_avalon_jtag_uart_write.o)
 .debug_frame   0x000000f8       0x20 ../helloworld_bsp/\libhal_bsp.a(alt_dcache_flush_all.o)
 .debug_frame   0x00000118       0x20 ../helloworld_bsp/\libhal_bsp.a(alt_icache_flush_all.o)
 .debug_frame   0x00000138       0x20 ../helloworld_bsp/\libhal_bsp.a(altera_nios2_qsys_irq.o)
 .debug_frame   0x00000158       0x20 e:/altera/13.1/nios2eds/bin/gnu/h-i686-mingw32/bin/../lib/gcc/nios2-elf/4.7.3/../../../../../H-i686-mingw32/nios2-elf/lib/mno-hw-mul\libsmallc.a(lib_a-strlen.o)

.debug_str      0x00000000      0x4f8
 *(.debug_str)
 .debug_str     0x00000000       0xb2 obj/default/hello_world_small.o
                                 0xe3 (size before relaxing)
 .debug_str     0x000000b2      0x152 ../helloworld_bsp/\libhal_bsp.a(alt_load.o)
                                0x1e7 (size before relaxing)
 .debug_str     0x00000204       0x8f ../helloworld_bsp/\libhal_bsp.a(alt_main.o)
                                0x160 (size before relaxing)
 .debug_str     0x00000293       0x6b ../helloworld_bsp/\libhal_bsp.a(alt_putstr.o)
                                0x142 (size before relaxing)
 .debug_str     0x000002fe       0x86 ../helloworld_bsp/\libhal_bsp.a(alt_sys_init.o)
                                0x1cf (size before relaxing)
 .debug_str     0x00000384       0x38 ../helloworld_bsp/\libhal_bsp.a(altera_avalon_jtag_uart_write.o)
                                0x1c0 (size before relaxing)
 .debug_str     0x000003bc       0x1f ../helloworld_bsp/\libhal_bsp.a(alt_dcache_flush_all.o)
                                0x100 (size before relaxing)
 .debug_str     0x000003db       0x1f ../helloworld_bsp/\libhal_bsp.a(alt_icache_flush_all.o)
                                0x100 (size before relaxing)
 .debug_str     0x000003fa       0x20 ../helloworld_bsp/\libhal_bsp.a(altera_nios2_qsys_irq.o)
                                0x107 (size before relaxing)
 .debug_str     0x0000041a       0xde e:/altera/13.1/nios2eds/bin/gnu/h-i686-mingw32/bin/../lib/gcc/nios2-elf/4.7.3/../../../../../H-i686-mingw32/nios2-elf/lib/mno-hw-mul\libsmallc.a(lib_a-strlen.o)
                                0x190 (size before relaxing)

.debug_loc      0x00000000      0x1e8
 *(.debug_loc)
 .debug_loc     0x00000000       0x69 obj/default/hello_world_small.o
 .debug_loc     0x00000069       0x20 ../helloworld_bsp/\libhal_bsp.a(alt_load.o)
 .debug_loc     0x00000089       0x20 ../helloworld_bsp/\libhal_bsp.a(alt_main.o)
 .debug_loc     0x000000a9       0x57 ../helloworld_bsp/\libhal_bsp.a(alt_putstr.o)
 .debug_loc     0x00000100       0x41 ../helloworld_bsp/\libhal_bsp.a(alt_sys_init.o)
 .debug_loc     0x00000141       0x7e ../helloworld_bsp/\libhal_bsp.a(altera_avalon_jtag_uart_write.o)
 .debug_loc     0x000001bf       0x29 e:/altera/13.1/nios2eds/bin/gnu/h-i686-mingw32/bin/../lib/gcc/nios2-elf/4.7.3/../../../../../H-i686-mingw32/nios2-elf/lib/mno-hw-mul\libsmallc.a(lib_a-strlen.o)

.debug_macinfo
 *(.debug_macinfo)

.debug_weaknames
 *(.debug_weaknames)

.debug_funcnames
 *(.debug_funcnames)

.debug_typenames
 *(.debug_typenames)

.debug_varnames
 *(.debug_varnames)

.debug_alt_sim_info
                0x00000000       0x10
 *(.debug_alt_sim_info)
 .debug_alt_sim_info
                0x00000000       0x10 ../helloworld_bsp//obj/HAL/src/crt0.o
                0x0001a410                __alt_data_end = 0x1a410
                0x0001a410                PROVIDE (__alt_stack_pointer, __alt_data_end)
                0x000102d0                PROVIDE (__alt_stack_limit, __alt_stack_base)
                0x000102d0                PROVIDE (__alt_heap_start, end)
                0x0001a410                PROVIDE (__alt_heap_limit, 0x1a410)
OUTPUT(helloworld.elf elf32-littlenios2)

.debug_ranges   0x00000000       0x78
 .debug_ranges  0x00000000       0x20 ../helloworld_bsp//obj/HAL/src/crt0.o
 .debug_ranges  0x00000020       0x10 obj/default/hello_world_small.o
 .debug_ranges  0x00000030       0x48 ../helloworld_bsp/\libhal_bsp.a(alt_load.o)
